============================= test session starts =============================
platform win32 -- Python 3.13.3, pytest-9.0.2, pluggy-1.6.0
rootdir: C:\CP\plans\Detooz\backend
plugins: anyio-4.12.1, asyncio-1.3.0
asyncio: mode=Mode.STRICT, debug=False, asyncio_default_fixture_loop_scope=None, asyncio_default_test_loop_scope=function
collected 106 items

tests\test_auth.py EEEEEEEE                                              [  7%]
tests\test_feedback.py EEEEEEEEEEE                                       [ 17%]
tests\test_guardian.py EEEEEEEE                                          [ 25%]
tests\test_manual_scan.py EEEEEEEEEEEEEEEEEE                             [ 42%]
tests\test_reputation.py EEEEEEEEEEEEE                                   [ 54%]
tests\test_scan.py EEEEEEE                                               [ 61%]
tests\test_services.py .......F...                                       [ 71%]
tests\test_sms.py EEEEEEEEEE                                             [ 81%]
tests\test_trusted_sender.py EEEEEEEEEE                                  [ 90%]
tests\test_user.py EEEEEEEEEE                                            [100%]

=================================== ERRORS ====================================
__________ ERROR at setup of TestAuthEndpoints.test_register_success __________

self = <Coroutine test_register_success>

    def setup(self) -> None:
        runner_fixture_id = f"_{self._loop_scope}_scoped_runner"
        if runner_fixture_id not in self.fixturenames:
            self.fixturenames.append(runner_fixture_id)
>       return super().setup()
               ^^^^^^^^^^^^^^^

C:\Users\joshi\AppData\Local\Programs\Python\Python313\Lib\site-packages\pytest_asyncio\plugin.py:458: 
_ _ _ _ _ _ _ _ _ _ _ _ _ _ _ _ _ _ _ _ _ _ _ _ _ _ _ _ _ _ _ _ _ _ _ _ _ _ _ _

fixturedef = <FixtureDef argname='db_session' scope='function' baseid='tests'>
request = <SubRequest 'db_session' for <Coroutine test_register_success>>

    @pytest.hookimpl(wrapper=True)
    def pytest_fixture_setup(fixturedef: FixtureDef, request) -> object | None:
        asyncio_mode = _get_asyncio_mode(request.config)
        if not _is_asyncio_fixture_function(fixturedef.func):
            if asyncio_mode == Mode.STRICT:
                # Ignore async fixtures without explicit asyncio mark in strict mode
                # This applies to pytest_trio fixtures, for example
>               return (yield)
                        ^^^^^
E               pytest.PytestRemovedIn9Warning: 'test_register_success' requested an async fixture 'db_session', with no plugin or hook that handled it. This is usually an error, as pytest does not natively support it. This will turn into an error in pytest 9.
E               See: https://docs.pytest.org/en/stable/deprecations.html#sync-test-depending-on-async-fixture

C:\Users\joshi\AppData\Local\Programs\Python\Python313\Lib\site-packages\pytest_asyncio\plugin.py:728: PytestRemovedIn9Warning
______ ERROR at setup of TestAuthEndpoints.test_register_duplicate_email ______

self = <Coroutine test_register_duplicate_email>

    def setup(self) -> None:
        runner_fixture_id = f"_{self._loop_scope}_scoped_runner"
        if runner_fixture_id not in self.fixturenames:
            self.fixturenames.append(runner_fixture_id)
>       return super().setup()
               ^^^^^^^^^^^^^^^

C:\Users\joshi\AppData\Local\Programs\Python\Python313\Lib\site-packages\pytest_asyncio\plugin.py:458: 
_ _ _ _ _ _ _ _ _ _ _ _ _ _ _ _ _ _ _ _ _ _ _ _ _ _ _ _ _ _ _ _ _ _ _ _ _ _ _ _

fixturedef = <FixtureDef argname='db_session' scope='function' baseid='tests'>
request = <SubRequest 'db_session' for <Coroutine test_register_duplicate_email>>

    @pytest.hookimpl(wrapper=True)
    def pytest_fixture_setup(fixturedef: FixtureDef, request) -> object | None:
        asyncio_mode = _get_asyncio_mode(request.config)
        if not _is_asyncio_fixture_function(fixturedef.func):
            if asyncio_mode == Mode.STRICT:
                # Ignore async fixtures without explicit asyncio mark in strict mode
                # This applies to pytest_trio fixtures, for example
>               return (yield)
                        ^^^^^
E               pytest.PytestRemovedIn9Warning: 'test_register_duplicate_email' requested an async fixture 'db_session', with no plugin or hook that handled it. This is usually an error, as pytest does not natively support it. This will turn into an error in pytest 9.
E               See: https://docs.pytest.org/en/stable/deprecations.html#sync-test-depending-on-async-fixture

C:\Users\joshi\AppData\Local\Programs\Python\Python313\Lib\site-packages\pytest_asyncio\plugin.py:728: PytestRemovedIn9Warning
_______ ERROR at setup of TestAuthEndpoints.test_register_invalid_email _______

self = <Coroutine test_register_invalid_email>

    def setup(self) -> None:
        runner_fixture_id = f"_{self._loop_scope}_scoped_runner"
        if runner_fixture_id not in self.fixturenames:
            self.fixturenames.append(runner_fixture_id)
>       return super().setup()
               ^^^^^^^^^^^^^^^

C:\Users\joshi\AppData\Local\Programs\Python\Python313\Lib\site-packages\pytest_asyncio\plugin.py:458: 
_ _ _ _ _ _ _ _ _ _ _ _ _ _ _ _ _ _ _ _ _ _ _ _ _ _ _ _ _ _ _ _ _ _ _ _ _ _ _ _

fixturedef = <FixtureDef argname='db_session' scope='function' baseid='tests'>
request = <SubRequest 'db_session' for <Coroutine test_register_invalid_email>>

    @pytest.hookimpl(wrapper=True)
    def pytest_fixture_setup(fixturedef: FixtureDef, request) -> object | None:
        asyncio_mode = _get_asyncio_mode(request.config)
        if not _is_asyncio_fixture_function(fixturedef.func):
            if asyncio_mode == Mode.STRICT:
                # Ignore async fixtures without explicit asyncio mark in strict mode
                # This applies to pytest_trio fixtures, for example
>               return (yield)
                        ^^^^^
E               pytest.PytestRemovedIn9Warning: 'test_register_invalid_email' requested an async fixture 'db_session', with no plugin or hook that handled it. This is usually an error, as pytest does not natively support it. This will turn into an error in pytest 9.
E               See: https://docs.pytest.org/en/stable/deprecations.html#sync-test-depending-on-async-fixture

C:\Users\joshi\AppData\Local\Programs\Python\Python313\Lib\site-packages\pytest_asyncio\plugin.py:728: PytestRemovedIn9Warning
___________ ERROR at setup of TestAuthEndpoints.test_login_success ____________

self = <Coroutine test_login_success>

    def setup(self) -> None:
        runner_fixture_id = f"_{self._loop_scope}_scoped_runner"
        if runner_fixture_id not in self.fixturenames:
            self.fixturenames.append(runner_fixture_id)
>       return super().setup()
               ^^^^^^^^^^^^^^^

C:\Users\joshi\AppData\Local\Programs\Python\Python313\Lib\site-packages\pytest_asyncio\plugin.py:458: 
_ _ _ _ _ _ _ _ _ _ _ _ _ _ _ _ _ _ _ _ _ _ _ _ _ _ _ _ _ _ _ _ _ _ _ _ _ _ _ _

fixturedef = <FixtureDef argname='db_session' scope='function' baseid='tests'>
request = <SubRequest 'db_session' for <Coroutine test_login_success>>

    @pytest.hookimpl(wrapper=True)
    def pytest_fixture_setup(fixturedef: FixtureDef, request) -> object | None:
        asyncio_mode = _get_asyncio_mode(request.config)
        if not _is_asyncio_fixture_function(fixturedef.func):
            if asyncio_mode == Mode.STRICT:
                # Ignore async fixtures without explicit asyncio mark in strict mode
                # This applies to pytest_trio fixtures, for example
>               return (yield)
                        ^^^^^
E               pytest.PytestRemovedIn9Warning: 'test_login_success' requested an async fixture 'db_session', with no plugin or hook that handled it. This is usually an error, as pytest does not natively support it. This will turn into an error in pytest 9.
E               See: https://docs.pytest.org/en/stable/deprecations.html#sync-test-depending-on-async-fixture

C:\Users\joshi\AppData\Local\Programs\Python\Python313\Lib\site-packages\pytest_asyncio\plugin.py:728: PytestRemovedIn9Warning
________ ERROR at setup of TestAuthEndpoints.test_login_wrong_password ________

self = <Coroutine test_login_wrong_password>

    def setup(self) -> None:
        runner_fixture_id = f"_{self._loop_scope}_scoped_runner"
        if runner_fixture_id not in self.fixturenames:
            self.fixturenames.append(runner_fixture_id)
>       return super().setup()
               ^^^^^^^^^^^^^^^

C:\Users\joshi\AppData\Local\Programs\Python\Python313\Lib\site-packages\pytest_asyncio\plugin.py:458: 
_ _ _ _ _ _ _ _ _ _ _ _ _ _ _ _ _ _ _ _ _ _ _ _ _ _ _ _ _ _ _ _ _ _ _ _ _ _ _ _

fixturedef = <FixtureDef argname='db_session' scope='function' baseid='tests'>
request = <SubRequest 'db_session' for <Coroutine test_login_wrong_password>>

    @pytest.hookimpl(wrapper=True)
    def pytest_fixture_setup(fixturedef: FixtureDef, request) -> object | None:
        asyncio_mode = _get_asyncio_mode(request.config)
        if not _is_asyncio_fixture_function(fixturedef.func):
            if asyncio_mode == Mode.STRICT:
                # Ignore async fixtures without explicit asyncio mark in strict mode
                # This applies to pytest_trio fixtures, for example
>               return (yield)
                        ^^^^^
E               pytest.PytestRemovedIn9Warning: 'test_login_wrong_password' requested an async fixture 'db_session', with no plugin or hook that handled it. This is usually an error, as pytest does not natively support it. This will turn into an error in pytest 9.
E               See: https://docs.pytest.org/en/stable/deprecations.html#sync-test-depending-on-async-fixture

C:\Users\joshi\AppData\Local\Programs\Python\Python313\Lib\site-packages\pytest_asyncio\plugin.py:728: PytestRemovedIn9Warning
_______ ERROR at setup of TestAuthEndpoints.test_login_nonexistent_user _______

self = <Coroutine test_login_nonexistent_user>

    def setup(self) -> None:
        runner_fixture_id = f"_{self._loop_scope}_scoped_runner"
        if runner_fixture_id not in self.fixturenames:
            self.fixturenames.append(runner_fixture_id)
>       return super().setup()
               ^^^^^^^^^^^^^^^

C:\Users\joshi\AppData\Local\Programs\Python\Python313\Lib\site-packages\pytest_asyncio\plugin.py:458: 
_ _ _ _ _ _ _ _ _ _ _ _ _ _ _ _ _ _ _ _ _ _ _ _ _ _ _ _ _ _ _ _ _ _ _ _ _ _ _ _

fixturedef = <FixtureDef argname='db_session' scope='function' baseid='tests'>
request = <SubRequest 'db_session' for <Coroutine test_login_nonexistent_user>>

    @pytest.hookimpl(wrapper=True)
    def pytest_fixture_setup(fixturedef: FixtureDef, request) -> object | None:
        asyncio_mode = _get_asyncio_mode(request.config)
        if not _is_asyncio_fixture_function(fixturedef.func):
            if asyncio_mode == Mode.STRICT:
                # Ignore async fixtures without explicit asyncio mark in strict mode
                # This applies to pytest_trio fixtures, for example
>               return (yield)
                        ^^^^^
E               pytest.PytestRemovedIn9Warning: 'test_login_nonexistent_user' requested an async fixture 'db_session', with no plugin or hook that handled it. This is usually an error, as pytest does not natively support it. This will turn into an error in pytest 9.
E               See: https://docs.pytest.org/en/stable/deprecations.html#sync-test-depending-on-async-fixture

C:\Users\joshi\AppData\Local\Programs\Python\Python313\Lib\site-packages\pytest_asyncio\plugin.py:728: PytestRemovedIn9Warning
__________ ERROR at setup of TestAuthEndpoints.test_get_current_user __________

self = <Coroutine test_get_current_user>

    def setup(self) -> None:
        runner_fixture_id = f"_{self._loop_scope}_scoped_runner"
        if runner_fixture_id not in self.fixturenames:
            self.fixturenames.append(runner_fixture_id)
>       return super().setup()
               ^^^^^^^^^^^^^^^

C:\Users\joshi\AppData\Local\Programs\Python\Python313\Lib\site-packages\pytest_asyncio\plugin.py:458: 
_ _ _ _ _ _ _ _ _ _ _ _ _ _ _ _ _ _ _ _ _ _ _ _ _ _ _ _ _ _ _ _ _ _ _ _ _ _ _ _

fixturedef = <FixtureDef argname='db_session' scope='function' baseid='tests'>
request = <SubRequest 'db_session' for <Coroutine test_get_current_user>>

    @pytest.hookimpl(wrapper=True)
    def pytest_fixture_setup(fixturedef: FixtureDef, request) -> object | None:
        asyncio_mode = _get_asyncio_mode(request.config)
        if not _is_asyncio_fixture_function(fixturedef.func):
            if asyncio_mode == Mode.STRICT:
                # Ignore async fixtures without explicit asyncio mark in strict mode
                # This applies to pytest_trio fixtures, for example
>               return (yield)
                        ^^^^^
E               pytest.PytestRemovedIn9Warning: 'test_get_current_user' requested an async fixture 'db_session', with no plugin or hook that handled it. This is usually an error, as pytest does not natively support it. This will turn into an error in pytest 9.
E               See: https://docs.pytest.org/en/stable/deprecations.html#sync-test-depending-on-async-fixture

C:\Users\joshi\AppData\Local\Programs\Python\Python313\Lib\site-packages\pytest_asyncio\plugin.py:728: PytestRemovedIn9Warning
______ ERROR at setup of TestAuthEndpoints.test_get_current_user_no_auth ______

self = <Coroutine test_get_current_user_no_auth>

    def setup(self) -> None:
        runner_fixture_id = f"_{self._loop_scope}_scoped_runner"
        if runner_fixture_id not in self.fixturenames:
            self.fixturenames.append(runner_fixture_id)
>       return super().setup()
               ^^^^^^^^^^^^^^^

C:\Users\joshi\AppData\Local\Programs\Python\Python313\Lib\site-packages\pytest_asyncio\plugin.py:458: 
_ _ _ _ _ _ _ _ _ _ _ _ _ _ _ _ _ _ _ _ _ _ _ _ _ _ _ _ _ _ _ _ _ _ _ _ _ _ _ _

fixturedef = <FixtureDef argname='db_session' scope='function' baseid='tests'>
request = <SubRequest 'db_session' for <Coroutine test_get_current_user_no_auth>>

    @pytest.hookimpl(wrapper=True)
    def pytest_fixture_setup(fixturedef: FixtureDef, request) -> object | None:
        asyncio_mode = _get_asyncio_mode(request.config)
        if not _is_asyncio_fixture_function(fixturedef.func):
            if asyncio_mode == Mode.STRICT:
                # Ignore async fixtures without explicit asyncio mark in strict mode
                # This applies to pytest_trio fixtures, for example
>               return (yield)
                        ^^^^^
E               pytest.PytestRemovedIn9Warning: 'test_get_current_user_no_auth' requested an async fixture 'db_session', with no plugin or hook that handled it. This is usually an error, as pytest does not natively support it. This will turn into an error in pytest 9.
E               See: https://docs.pytest.org/en/stable/deprecations.html#sync-test-depending-on-async-fixture

C:\Users\joshi\AppData\Local\Programs\Python\Python313\Lib\site-packages\pytest_asyncio\plugin.py:728: PytestRemovedIn9Warning
______ ERROR at setup of TestFeedbackEndpoints.test_submit_feedback_safe ______

self = <Coroutine test_submit_feedback_safe>

    def setup(self) -> None:
        runner_fixture_id = f"_{self._loop_scope}_scoped_runner"
        if runner_fixture_id not in self.fixturenames:
            self.fixturenames.append(runner_fixture_id)
>       return super().setup()
               ^^^^^^^^^^^^^^^

C:\Users\joshi\AppData\Local\Programs\Python\Python313\Lib\site-packages\pytest_asyncio\plugin.py:458: 
_ _ _ _ _ _ _ _ _ _ _ _ _ _ _ _ _ _ _ _ _ _ _ _ _ _ _ _ _ _ _ _ _ _ _ _ _ _ _ _

fixturedef = <FixtureDef argname='db_session' scope='function' baseid='tests'>
request = <SubRequest 'db_session' for <Coroutine test_submit_feedback_safe>>

    @pytest.hookimpl(wrapper=True)
    def pytest_fixture_setup(fixturedef: FixtureDef, request) -> object | None:
        asyncio_mode = _get_asyncio_mode(request.config)
        if not _is_asyncio_fixture_function(fixturedef.func):
            if asyncio_mode == Mode.STRICT:
                # Ignore async fixtures without explicit asyncio mark in strict mode
                # This applies to pytest_trio fixtures, for example
>               return (yield)
                        ^^^^^
E               pytest.PytestRemovedIn9Warning: 'test_submit_feedback_safe' requested an async fixture 'db_session', with no plugin or hook that handled it. This is usually an error, as pytest does not natively support it. This will turn into an error in pytest 9.
E               See: https://docs.pytest.org/en/stable/deprecations.html#sync-test-depending-on-async-fixture

C:\Users\joshi\AppData\Local\Programs\Python\Python313\Lib\site-packages\pytest_asyncio\plugin.py:728: PytestRemovedIn9Warning
______ ERROR at setup of TestFeedbackEndpoints.test_submit_feedback_scam ______

self = <Coroutine test_submit_feedback_scam>

    def setup(self) -> None:
        runner_fixture_id = f"_{self._loop_scope}_scoped_runner"
        if runner_fixture_id not in self.fixturenames:
            self.fixturenames.append(runner_fixture_id)
>       return super().setup()
               ^^^^^^^^^^^^^^^

C:\Users\joshi\AppData\Local\Programs\Python\Python313\Lib\site-packages\pytest_asyncio\plugin.py:458: 
_ _ _ _ _ _ _ _ _ _ _ _ _ _ _ _ _ _ _ _ _ _ _ _ _ _ _ _ _ _ _ _ _ _ _ _ _ _ _ _

fixturedef = <FixtureDef argname='db_session' scope='function' baseid='tests'>
request = <SubRequest 'db_session' for <Coroutine test_submit_feedback_scam>>

    @pytest.hookimpl(wrapper=True)
    def pytest_fixture_setup(fixturedef: FixtureDef, request) -> object | None:
        asyncio_mode = _get_asyncio_mode(request.config)
        if not _is_asyncio_fixture_function(fixturedef.func):
            if asyncio_mode == Mode.STRICT:
                # Ignore async fixtures without explicit asyncio mark in strict mode
                # This applies to pytest_trio fixtures, for example
>               return (yield)
                        ^^^^^
E               pytest.PytestRemovedIn9Warning: 'test_submit_feedback_scam' requested an async fixture 'db_session', with no plugin or hook that handled it. This is usually an error, as pytest does not natively support it. This will turn into an error in pytest 9.
E               See: https://docs.pytest.org/en/stable/deprecations.html#sync-test-depending-on-async-fixture

C:\Users\joshi\AppData\Local\Programs\Python\Python313\Lib\site-packages\pytest_asyncio\plugin.py:728: PytestRemovedIn9Warning
_____ ERROR at setup of TestFeedbackEndpoints.test_submit_feedback_unsure _____

self = <Coroutine test_submit_feedback_unsure>

    def setup(self) -> None:
        runner_fixture_id = f"_{self._loop_scope}_scoped_runner"
        if runner_fixture_id not in self.fixturenames:
            self.fixturenames.append(runner_fixture_id)
>       return super().setup()
               ^^^^^^^^^^^^^^^

C:\Users\joshi\AppData\Local\Programs\Python\Python313\Lib\site-packages\pytest_asyncio\plugin.py:458: 
_ _ _ _ _ _ _ _ _ _ _ _ _ _ _ _ _ _ _ _ _ _ _ _ _ _ _ _ _ _ _ _ _ _ _ _ _ _ _ _

fixturedef = <FixtureDef argname='db_session' scope='function' baseid='tests'>
request = <SubRequest 'db_session' for <Coroutine test_submit_feedback_unsure>>

    @pytest.hookimpl(wrapper=True)
    def pytest_fixture_setup(fixturedef: FixtureDef, request) -> object | None:
        asyncio_mode = _get_asyncio_mode(request.config)
        if not _is_asyncio_fixture_function(fixturedef.func):
            if asyncio_mode == Mode.STRICT:
                # Ignore async fixtures without explicit asyncio mark in strict mode
                # This applies to pytest_trio fixtures, for example
>               return (yield)
                        ^^^^^
E               pytest.PytestRemovedIn9Warning: 'test_submit_feedback_unsure' requested an async fixture 'db_session', with no plugin or hook that handled it. This is usually an error, as pytest does not natively support it. This will turn into an error in pytest 9.
E               See: https://docs.pytest.org/en/stable/deprecations.html#sync-test-depending-on-async-fixture

C:\Users\joshi\AppData\Local\Programs\Python\Python313\Lib\site-packages\pytest_asyncio\plugin.py:728: PytestRemovedIn9Warning
_ ERROR at setup of TestFeedbackEndpoints.test_submit_feedback_invalid_verdict _

self = <Coroutine test_submit_feedback_invalid_verdict>

    def setup(self) -> None:
        runner_fixture_id = f"_{self._loop_scope}_scoped_runner"
        if runner_fixture_id not in self.fixturenames:
            self.fixturenames.append(runner_fixture_id)
>       return super().setup()
               ^^^^^^^^^^^^^^^

C:\Users\joshi\AppData\Local\Programs\Python\Python313\Lib\site-packages\pytest_asyncio\plugin.py:458: 
_ _ _ _ _ _ _ _ _ _ _ _ _ _ _ _ _ _ _ _ _ _ _ _ _ _ _ _ _ _ _ _ _ _ _ _ _ _ _ _

fixturedef = <FixtureDef argname='db_session' scope='function' baseid='tests'>
request = <SubRequest 'db_session' for <Coroutine test_submit_feedback_invalid_verdict>>

    @pytest.hookimpl(wrapper=True)
    def pytest_fixture_setup(fixturedef: FixtureDef, request) -> object | None:
        asyncio_mode = _get_asyncio_mode(request.config)
        if not _is_asyncio_fixture_function(fixturedef.func):
            if asyncio_mode == Mode.STRICT:
                # Ignore async fixtures without explicit asyncio mark in strict mode
                # This applies to pytest_trio fixtures, for example
>               return (yield)
                        ^^^^^
E               pytest.PytestRemovedIn9Warning: 'test_submit_feedback_invalid_verdict' requested an async fixture 'db_session', with no plugin or hook that handled it. This is usually an error, as pytest does not natively support it. This will turn into an error in pytest 9.
E               See: https://docs.pytest.org/en/stable/deprecations.html#sync-test-depending-on-async-fixture

C:\Users\joshi\AppData\Local\Programs\Python\Python313\Lib\site-packages\pytest_asyncio\plugin.py:728: PytestRemovedIn9Warning
___ ERROR at setup of TestFeedbackEndpoints.test_submit_feedback_duplicate ____

self = <Coroutine test_submit_feedback_duplicate>

    def setup(self) -> None:
        runner_fixture_id = f"_{self._loop_scope}_scoped_runner"
        if runner_fixture_id not in self.fixturenames:
            self.fixturenames.append(runner_fixture_id)
>       return super().setup()
               ^^^^^^^^^^^^^^^

C:\Users\joshi\AppData\Local\Programs\Python\Python313\Lib\site-packages\pytest_asyncio\plugin.py:458: 
_ _ _ _ _ _ _ _ _ _ _ _ _ _ _ _ _ _ _ _ _ _ _ _ _ _ _ _ _ _ _ _ _ _ _ _ _ _ _ _

fixturedef = <FixtureDef argname='db_session' scope='function' baseid='tests'>
request = <SubRequest 'db_session' for <Coroutine test_submit_feedback_duplicate>>

    @pytest.hookimpl(wrapper=True)
    def pytest_fixture_setup(fixturedef: FixtureDef, request) -> object | None:
        asyncio_mode = _get_asyncio_mode(request.config)
        if not _is_asyncio_fixture_function(fixturedef.func):
            if asyncio_mode == Mode.STRICT:
                # Ignore async fixtures without explicit asyncio mark in strict mode
                # This applies to pytest_trio fixtures, for example
>               return (yield)
                        ^^^^^
E               pytest.PytestRemovedIn9Warning: 'test_submit_feedback_duplicate' requested an async fixture 'db_session', with no plugin or hook that handled it. This is usually an error, as pytest does not natively support it. This will turn into an error in pytest 9.
E               See: https://docs.pytest.org/en/stable/deprecations.html#sync-test-depending-on-async-fixture

C:\Users\joshi\AppData\Local\Programs\Python\Python313\Lib\site-packages\pytest_asyncio\plugin.py:728: PytestRemovedIn9Warning
_ ERROR at setup of TestFeedbackEndpoints.test_submit_feedback_nonexistent_scan _

self = <Coroutine test_submit_feedback_nonexistent_scan>

    def setup(self) -> None:
        runner_fixture_id = f"_{self._loop_scope}_scoped_runner"
        if runner_fixture_id not in self.fixturenames:
            self.fixturenames.append(runner_fixture_id)
>       return super().setup()
               ^^^^^^^^^^^^^^^

C:\Users\joshi\AppData\Local\Programs\Python\Python313\Lib\site-packages\pytest_asyncio\plugin.py:458: 
_ _ _ _ _ _ _ _ _ _ _ _ _ _ _ _ _ _ _ _ _ _ _ _ _ _ _ _ _ _ _ _ _ _ _ _ _ _ _ _

fixturedef = <FixtureDef argname='db_session' scope='function' baseid='tests'>
request = <SubRequest 'db_session' for <Coroutine test_submit_feedback_nonexistent_scan>>

    @pytest.hookimpl(wrapper=True)
    def pytest_fixture_setup(fixturedef: FixtureDef, request) -> object | None:
        asyncio_mode = _get_asyncio_mode(request.config)
        if not _is_asyncio_fixture_function(fixturedef.func):
            if asyncio_mode == Mode.STRICT:
                # Ignore async fixtures without explicit asyncio mark in strict mode
                # This applies to pytest_trio fixtures, for example
>               return (yield)
                        ^^^^^
E               pytest.PytestRemovedIn9Warning: 'test_submit_feedback_nonexistent_scan' requested an async fixture 'db_session', with no plugin or hook that handled it. This is usually an error, as pytest does not natively support it. This will turn into an error in pytest 9.
E               See: https://docs.pytest.org/en/stable/deprecations.html#sync-test-depending-on-async-fixture

C:\Users\joshi\AppData\Local\Programs\Python\Python313\Lib\site-packages\pytest_asyncio\plugin.py:728: PytestRemovedIn9Warning
_____ ERROR at setup of TestFeedbackEndpoints.test_get_my_feedback_empty ______

self = <Coroutine test_get_my_feedback_empty>

    def setup(self) -> None:
        runner_fixture_id = f"_{self._loop_scope}_scoped_runner"
        if runner_fixture_id not in self.fixturenames:
            self.fixturenames.append(runner_fixture_id)
>       return super().setup()
               ^^^^^^^^^^^^^^^

C:\Users\joshi\AppData\Local\Programs\Python\Python313\Lib\site-packages\pytest_asyncio\plugin.py:458: 
_ _ _ _ _ _ _ _ _ _ _ _ _ _ _ _ _ _ _ _ _ _ _ _ _ _ _ _ _ _ _ _ _ _ _ _ _ _ _ _

fixturedef = <FixtureDef argname='db_session' scope='function' baseid='tests'>
request = <SubRequest 'db_session' for <Coroutine test_get_my_feedback_empty>>

    @pytest.hookimpl(wrapper=True)
    def pytest_fixture_setup(fixturedef: FixtureDef, request) -> object | None:
        asyncio_mode = _get_asyncio_mode(request.config)
        if not _is_asyncio_fixture_function(fixturedef.func):
            if asyncio_mode == Mode.STRICT:
                # Ignore async fixtures without explicit asyncio mark in strict mode
                # This applies to pytest_trio fixtures, for example
>               return (yield)
                        ^^^^^
E               pytest.PytestRemovedIn9Warning: 'test_get_my_feedback_empty' requested an async fixture 'db_session', with no plugin or hook that handled it. This is usually an error, as pytest does not natively support it. This will turn into an error in pytest 9.
E               See: https://docs.pytest.org/en/stable/deprecations.html#sync-test-depending-on-async-fixture

C:\Users\joshi\AppData\Local\Programs\Python\Python313\Lib\site-packages\pytest_asyncio\plugin.py:728: PytestRemovedIn9Warning
__ ERROR at setup of TestFeedbackEndpoints.test_get_my_feedback_after_submit __

self = <Coroutine test_get_my_feedback_after_submit>

    def setup(self) -> None:
        runner_fixture_id = f"_{self._loop_scope}_scoped_runner"
        if runner_fixture_id not in self.fixturenames:
            self.fixturenames.append(runner_fixture_id)
>       return super().setup()
               ^^^^^^^^^^^^^^^

C:\Users\joshi\AppData\Local\Programs\Python\Python313\Lib\site-packages\pytest_asyncio\plugin.py:458: 
_ _ _ _ _ _ _ _ _ _ _ _ _ _ _ _ _ _ _ _ _ _ _ _ _ _ _ _ _ _ _ _ _ _ _ _ _ _ _ _

fixturedef = <FixtureDef argname='db_session' scope='function' baseid='tests'>
request = <SubRequest 'db_session' for <Coroutine test_get_my_feedback_after_submit>>

    @pytest.hookimpl(wrapper=True)
    def pytest_fixture_setup(fixturedef: FixtureDef, request) -> object | None:
        asyncio_mode = _get_asyncio_mode(request.config)
        if not _is_asyncio_fixture_function(fixturedef.func):
            if asyncio_mode == Mode.STRICT:
                # Ignore async fixtures without explicit asyncio mark in strict mode
                # This applies to pytest_trio fixtures, for example
>               return (yield)
                        ^^^^^
E               pytest.PytestRemovedIn9Warning: 'test_get_my_feedback_after_submit' requested an async fixture 'db_session', with no plugin or hook that handled it. This is usually an error, as pytest does not natively support it. This will turn into an error in pytest 9.
E               See: https://docs.pytest.org/en/stable/deprecations.html#sync-test-depending-on-async-fixture

C:\Users\joshi\AppData\Local\Programs\Python\Python313\Lib\site-packages\pytest_asyncio\plugin.py:728: PytestRemovedIn9Warning
_______ ERROR at setup of TestFeedbackEndpoints.test_get_feedback_stats _______

self = <Coroutine test_get_feedback_stats>

    def setup(self) -> None:
        runner_fixture_id = f"_{self._loop_scope}_scoped_runner"
        if runner_fixture_id not in self.fixturenames:
            self.fixturenames.append(runner_fixture_id)
>       return super().setup()
               ^^^^^^^^^^^^^^^

C:\Users\joshi\AppData\Local\Programs\Python\Python313\Lib\site-packages\pytest_asyncio\plugin.py:458: 
_ _ _ _ _ _ _ _ _ _ _ _ _ _ _ _ _ _ _ _ _ _ _ _ _ _ _ _ _ _ _ _ _ _ _ _ _ _ _ _

fixturedef = <FixtureDef argname='db_session' scope='function' baseid='tests'>
request = <SubRequest 'db_session' for <Coroutine test_get_feedback_stats>>

    @pytest.hookimpl(wrapper=True)
    def pytest_fixture_setup(fixturedef: FixtureDef, request) -> object | None:
        asyncio_mode = _get_asyncio_mode(request.config)
        if not _is_asyncio_fixture_function(fixturedef.func):
            if asyncio_mode == Mode.STRICT:
                # Ignore async fixtures without explicit asyncio mark in strict mode
                # This applies to pytest_trio fixtures, for example
>               return (yield)
                        ^^^^^
E               pytest.PytestRemovedIn9Warning: 'test_get_feedback_stats' requested an async fixture 'db_session', with no plugin or hook that handled it. This is usually an error, as pytest does not natively support it. This will turn into an error in pytest 9.
E               See: https://docs.pytest.org/en/stable/deprecations.html#sync-test-depending-on-async-fixture

C:\Users\joshi\AppData\Local\Programs\Python\Python313\Lib\site-packages\pytest_asyncio\plugin.py:728: PytestRemovedIn9Warning
________ ERROR at setup of TestFeedbackEndpoints.test_delete_feedback _________

self = <Coroutine test_delete_feedback>

    def setup(self) -> None:
        runner_fixture_id = f"_{self._loop_scope}_scoped_runner"
        if runner_fixture_id not in self.fixturenames:
            self.fixturenames.append(runner_fixture_id)
>       return super().setup()
               ^^^^^^^^^^^^^^^

C:\Users\joshi\AppData\Local\Programs\Python\Python313\Lib\site-packages\pytest_asyncio\plugin.py:458: 
_ _ _ _ _ _ _ _ _ _ _ _ _ _ _ _ _ _ _ _ _ _ _ _ _ _ _ _ _ _ _ _ _ _ _ _ _ _ _ _

fixturedef = <FixtureDef argname='db_session' scope='function' baseid='tests'>
request = <SubRequest 'db_session' for <Coroutine test_delete_feedback>>

    @pytest.hookimpl(wrapper=True)
    def pytest_fixture_setup(fixturedef: FixtureDef, request) -> object | None:
        asyncio_mode = _get_asyncio_mode(request.config)
        if not _is_asyncio_fixture_function(fixturedef.func):
            if asyncio_mode == Mode.STRICT:
                # Ignore async fixtures without explicit asyncio mark in strict mode
                # This applies to pytest_trio fixtures, for example
>               return (yield)
                        ^^^^^
E               pytest.PytestRemovedIn9Warning: 'test_delete_feedback' requested an async fixture 'db_session', with no plugin or hook that handled it. This is usually an error, as pytest does not natively support it. This will turn into an error in pytest 9.
E               See: https://docs.pytest.org/en/stable/deprecations.html#sync-test-depending-on-async-fixture

C:\Users\joshi\AppData\Local\Programs\Python\Python313\Lib\site-packages\pytest_asyncio\plugin.py:728: PytestRemovedIn9Warning
________ ERROR at setup of TestFeedbackEndpoints.test_feedback_no_auth ________

self = <Coroutine test_feedback_no_auth>

    def setup(self) -> None:
        runner_fixture_id = f"_{self._loop_scope}_scoped_runner"
        if runner_fixture_id not in self.fixturenames:
            self.fixturenames.append(runner_fixture_id)
>       return super().setup()
               ^^^^^^^^^^^^^^^

C:\Users\joshi\AppData\Local\Programs\Python\Python313\Lib\site-packages\pytest_asyncio\plugin.py:458: 
_ _ _ _ _ _ _ _ _ _ _ _ _ _ _ _ _ _ _ _ _ _ _ _ _ _ _ _ _ _ _ _ _ _ _ _ _ _ _ _

fixturedef = <FixtureDef argname='db_session' scope='function' baseid='tests'>
request = <SubRequest 'db_session' for <Coroutine test_feedback_no_auth>>

    @pytest.hookimpl(wrapper=True)
    def pytest_fixture_setup(fixturedef: FixtureDef, request) -> object | None:
        asyncio_mode = _get_asyncio_mode(request.config)
        if not _is_asyncio_fixture_function(fixturedef.func):
            if asyncio_mode == Mode.STRICT:
                # Ignore async fixtures without explicit asyncio mark in strict mode
                # This applies to pytest_trio fixtures, for example
>               return (yield)
                        ^^^^^
E               pytest.PytestRemovedIn9Warning: 'test_feedback_no_auth' requested an async fixture 'db_session', with no plugin or hook that handled it. This is usually an error, as pytest does not natively support it. This will turn into an error in pytest 9.
E               See: https://docs.pytest.org/en/stable/deprecations.html#sync-test-depending-on-async-fixture

C:\Users\joshi\AppData\Local\Programs\Python\Python313\Lib\site-packages\pytest_asyncio\plugin.py:728: PytestRemovedIn9Warning
______ ERROR at setup of TestGuardianEndpoints.test_list_guardians_empty ______

self = <Coroutine test_list_guardians_empty>

    def setup(self) -> None:
        runner_fixture_id = f"_{self._loop_scope}_scoped_runner"
        if runner_fixture_id not in self.fixturenames:
            self.fixturenames.append(runner_fixture_id)
>       return super().setup()
               ^^^^^^^^^^^^^^^

C:\Users\joshi\AppData\Local\Programs\Python\Python313\Lib\site-packages\pytest_asyncio\plugin.py:458: 
_ _ _ _ _ _ _ _ _ _ _ _ _ _ _ _ _ _ _ _ _ _ _ _ _ _ _ _ _ _ _ _ _ _ _ _ _ _ _ _

fixturedef = <FixtureDef argname='db_session' scope='function' baseid='tests'>
request = <SubRequest 'db_session' for <Coroutine test_list_guardians_empty>>

    @pytest.hookimpl(wrapper=True)
    def pytest_fixture_setup(fixturedef: FixtureDef, request) -> object | None:
        asyncio_mode = _get_asyncio_mode(request.config)
        if not _is_asyncio_fixture_function(fixturedef.func):
            if asyncio_mode == Mode.STRICT:
                # Ignore async fixtures without explicit asyncio mark in strict mode
                # This applies to pytest_trio fixtures, for example
>               return (yield)
                        ^^^^^
E               pytest.PytestRemovedIn9Warning: 'test_list_guardians_empty' requested an async fixture 'db_session', with no plugin or hook that handled it. This is usually an error, as pytest does not natively support it. This will turn into an error in pytest 9.
E               See: https://docs.pytest.org/en/stable/deprecations.html#sync-test-depending-on-async-fixture

C:\Users\joshi\AppData\Local\Programs\Python\Python313\Lib\site-packages\pytest_asyncio\plugin.py:728: PytestRemovedIn9Warning
__________ ERROR at setup of TestGuardianEndpoints.test_add_guardian __________

self = <Coroutine test_add_guardian>

    def setup(self) -> None:
        runner_fixture_id = f"_{self._loop_scope}_scoped_runner"
        if runner_fixture_id not in self.fixturenames:
            self.fixturenames.append(runner_fixture_id)
>       return super().setup()
               ^^^^^^^^^^^^^^^

C:\Users\joshi\AppData\Local\Programs\Python\Python313\Lib\site-packages\pytest_asyncio\plugin.py:458: 
_ _ _ _ _ _ _ _ _ _ _ _ _ _ _ _ _ _ _ _ _ _ _ _ _ _ _ _ _ _ _ _ _ _ _ _ _ _ _ _

fixturedef = <FixtureDef argname='db_session' scope='function' baseid='tests'>
request = <SubRequest 'db_session' for <Coroutine test_add_guardian>>

    @pytest.hookimpl(wrapper=True)
    def pytest_fixture_setup(fixturedef: FixtureDef, request) -> object | None:
        asyncio_mode = _get_asyncio_mode(request.config)
        if not _is_asyncio_fixture_function(fixturedef.func):
            if asyncio_mode == Mode.STRICT:
                # Ignore async fixtures without explicit asyncio mark in strict mode
                # This applies to pytest_trio fixtures, for example
>               return (yield)
                        ^^^^^
E               pytest.PytestRemovedIn9Warning: 'test_add_guardian' requested an async fixture 'db_session', with no plugin or hook that handled it. This is usually an error, as pytest does not natively support it. This will turn into an error in pytest 9.
E               See: https://docs.pytest.org/en/stable/deprecations.html#sync-test-depending-on-async-fixture

C:\Users\joshi\AppData\Local\Programs\Python\Python313\Lib\site-packages\pytest_asyncio\plugin.py:728: PytestRemovedIn9Warning
___ ERROR at setup of TestGuardianEndpoints.test_add_guardian_with_telegram ___

self = <Coroutine test_add_guardian_with_telegram>

    def setup(self) -> None:
        runner_fixture_id = f"_{self._loop_scope}_scoped_runner"
        if runner_fixture_id not in self.fixturenames:
            self.fixturenames.append(runner_fixture_id)
>       return super().setup()
               ^^^^^^^^^^^^^^^

C:\Users\joshi\AppData\Local\Programs\Python\Python313\Lib\site-packages\pytest_asyncio\plugin.py:458: 
_ _ _ _ _ _ _ _ _ _ _ _ _ _ _ _ _ _ _ _ _ _ _ _ _ _ _ _ _ _ _ _ _ _ _ _ _ _ _ _

fixturedef = <FixtureDef argname='db_session' scope='function' baseid='tests'>
request = <SubRequest 'db_session' for <Coroutine test_add_guardian_with_telegram>>

    @pytest.hookimpl(wrapper=True)
    def pytest_fixture_setup(fixturedef: FixtureDef, request) -> object | None:
        asyncio_mode = _get_asyncio_mode(request.config)
        if not _is_asyncio_fixture_function(fixturedef.func):
            if asyncio_mode == Mode.STRICT:
                # Ignore async fixtures without explicit asyncio mark in strict mode
                # This applies to pytest_trio fixtures, for example
>               return (yield)
                        ^^^^^
E               pytest.PytestRemovedIn9Warning: 'test_add_guardian_with_telegram' requested an async fixture 'db_session', with no plugin or hook that handled it. This is usually an error, as pytest does not natively support it. This will turn into an error in pytest 9.
E               See: https://docs.pytest.org/en/stable/deprecations.html#sync-test-depending-on-async-fixture

C:\Users\joshi\AppData\Local\Programs\Python\Python313\Lib\site-packages\pytest_asyncio\plugin.py:728: PytestRemovedIn9Warning
____ ERROR at setup of TestGuardianEndpoints.test_list_guardians_after_add ____

self = <Coroutine test_list_guardians_after_add>

    def setup(self) -> None:
        runner_fixture_id = f"_{self._loop_scope}_scoped_runner"
        if runner_fixture_id not in self.fixturenames:
            self.fixturenames.append(runner_fixture_id)
>       return super().setup()
               ^^^^^^^^^^^^^^^

C:\Users\joshi\AppData\Local\Programs\Python\Python313\Lib\site-packages\pytest_asyncio\plugin.py:458: 
_ _ _ _ _ _ _ _ _ _ _ _ _ _ _ _ _ _ _ _ _ _ _ _ _ _ _ _ _ _ _ _ _ _ _ _ _ _ _ _

fixturedef = <FixtureDef argname='db_session' scope='function' baseid='tests'>
request = <SubRequest 'db_session' for <Coroutine test_list_guardians_after_add>>

    @pytest.hookimpl(wrapper=True)
    def pytest_fixture_setup(fixturedef: FixtureDef, request) -> object | None:
        asyncio_mode = _get_asyncio_mode(request.config)
        if not _is_asyncio_fixture_function(fixturedef.func):
            if asyncio_mode == Mode.STRICT:
                # Ignore async fixtures without explicit asyncio mark in strict mode
                # This applies to pytest_trio fixtures, for example
>               return (yield)
                        ^^^^^
E               pytest.PytestRemovedIn9Warning: 'test_list_guardians_after_add' requested an async fixture 'db_session', with no plugin or hook that handled it. This is usually an error, as pytest does not natively support it. This will turn into an error in pytest 9.
E               See: https://docs.pytest.org/en/stable/deprecations.html#sync-test-depending-on-async-fixture

C:\Users\joshi\AppData\Local\Programs\Python\Python313\Lib\site-packages\pytest_asyncio\plugin.py:728: PytestRemovedIn9Warning
________ ERROR at setup of TestGuardianEndpoints.test_update_guardian _________

self = <Coroutine test_update_guardian>

    def setup(self) -> None:
        runner_fixture_id = f"_{self._loop_scope}_scoped_runner"
        if runner_fixture_id not in self.fixturenames:
            self.fixturenames.append(runner_fixture_id)
>       return super().setup()
               ^^^^^^^^^^^^^^^

C:\Users\joshi\AppData\Local\Programs\Python\Python313\Lib\site-packages\pytest_asyncio\plugin.py:458: 
_ _ _ _ _ _ _ _ _ _ _ _ _ _ _ _ _ _ _ _ _ _ _ _ _ _ _ _ _ _ _ _ _ _ _ _ _ _ _ _

fixturedef = <FixtureDef argname='db_session' scope='function' baseid='tests'>
request = <SubRequest 'db_session' for <Coroutine test_update_guardian>>

    @pytest.hookimpl(wrapper=True)
    def pytest_fixture_setup(fixturedef: FixtureDef, request) -> object | None:
        asyncio_mode = _get_asyncio_mode(request.config)
        if not _is_asyncio_fixture_function(fixturedef.func):
            if asyncio_mode == Mode.STRICT:
                # Ignore async fixtures without explicit asyncio mark in strict mode
                # This applies to pytest_trio fixtures, for example
>               return (yield)
                        ^^^^^
E               pytest.PytestRemovedIn9Warning: 'test_update_guardian' requested an async fixture 'db_session', with no plugin or hook that handled it. This is usually an error, as pytest does not natively support it. This will turn into an error in pytest 9.
E               See: https://docs.pytest.org/en/stable/deprecations.html#sync-test-depending-on-async-fixture

C:\Users\joshi\AppData\Local\Programs\Python\Python313\Lib\site-packages\pytest_asyncio\plugin.py:728: PytestRemovedIn9Warning
________ ERROR at setup of TestGuardianEndpoints.test_delete_guardian _________

self = <Coroutine test_delete_guardian>

    def setup(self) -> None:
        runner_fixture_id = f"_{self._loop_scope}_scoped_runner"
        if runner_fixture_id not in self.fixturenames:
            self.fixturenames.append(runner_fixture_id)
>       return super().setup()
               ^^^^^^^^^^^^^^^

C:\Users\joshi\AppData\Local\Programs\Python\Python313\Lib\site-packages\pytest_asyncio\plugin.py:458: 
_ _ _ _ _ _ _ _ _ _ _ _ _ _ _ _ _ _ _ _ _ _ _ _ _ _ _ _ _ _ _ _ _ _ _ _ _ _ _ _

fixturedef = <FixtureDef argname='db_session' scope='function' baseid='tests'>
request = <SubRequest 'db_session' for <Coroutine test_delete_guardian>>

    @pytest.hookimpl(wrapper=True)
    def pytest_fixture_setup(fixturedef: FixtureDef, request) -> object | None:
        asyncio_mode = _get_asyncio_mode(request.config)
        if not _is_asyncio_fixture_function(fixturedef.func):
            if asyncio_mode == Mode.STRICT:
                # Ignore async fixtures without explicit asyncio mark in strict mode
                # This applies to pytest_trio fixtures, for example
>               return (yield)
                        ^^^^^
E               pytest.PytestRemovedIn9Warning: 'test_delete_guardian' requested an async fixture 'db_session', with no plugin or hook that handled it. This is usually an error, as pytest does not natively support it. This will turn into an error in pytest 9.
E               See: https://docs.pytest.org/en/stable/deprecations.html#sync-test-depending-on-async-fixture

C:\Users\joshi\AppData\Local\Programs\Python\Python313\Lib\site-packages\pytest_asyncio\plugin.py:728: PytestRemovedIn9Warning
__ ERROR at setup of TestGuardianEndpoints.test_delete_nonexistent_guardian ___

self = <Coroutine test_delete_nonexistent_guardian>

    def setup(self) -> None:
        runner_fixture_id = f"_{self._loop_scope}_scoped_runner"
        if runner_fixture_id not in self.fixturenames:
            self.fixturenames.append(runner_fixture_id)
>       return super().setup()
               ^^^^^^^^^^^^^^^

C:\Users\joshi\AppData\Local\Programs\Python\Python313\Lib\site-packages\pytest_asyncio\plugin.py:458: 
_ _ _ _ _ _ _ _ _ _ _ _ _ _ _ _ _ _ _ _ _ _ _ _ _ _ _ _ _ _ _ _ _ _ _ _ _ _ _ _

fixturedef = <FixtureDef argname='db_session' scope='function' baseid='tests'>
request = <SubRequest 'db_session' for <Coroutine test_delete_nonexistent_guardian>>

    @pytest.hookimpl(wrapper=True)
    def pytest_fixture_setup(fixturedef: FixtureDef, request) -> object | None:
        asyncio_mode = _get_asyncio_mode(request.config)
        if not _is_asyncio_fixture_function(fixturedef.func):
            if asyncio_mode == Mode.STRICT:
                # Ignore async fixtures without explicit asyncio mark in strict mode
                # This applies to pytest_trio fixtures, for example
>               return (yield)
                        ^^^^^
E               pytest.PytestRemovedIn9Warning: 'test_delete_nonexistent_guardian' requested an async fixture 'db_session', with no plugin or hook that handled it. This is usually an error, as pytest does not natively support it. This will turn into an error in pytest 9.
E               See: https://docs.pytest.org/en/stable/deprecations.html#sync-test-depending-on-async-fixture

C:\Users\joshi\AppData\Local\Programs\Python\Python313\Lib\site-packages\pytest_asyncio\plugin.py:728: PytestRemovedIn9Warning
________ ERROR at setup of TestGuardianEndpoints.test_guardian_no_auth ________

self = <Coroutine test_guardian_no_auth>

    def setup(self) -> None:
        runner_fixture_id = f"_{self._loop_scope}_scoped_runner"
        if runner_fixture_id not in self.fixturenames:
            self.fixturenames.append(runner_fixture_id)
>       return super().setup()
               ^^^^^^^^^^^^^^^

C:\Users\joshi\AppData\Local\Programs\Python\Python313\Lib\site-packages\pytest_asyncio\plugin.py:458: 
_ _ _ _ _ _ _ _ _ _ _ _ _ _ _ _ _ _ _ _ _ _ _ _ _ _ _ _ _ _ _ _ _ _ _ _ _ _ _ _

fixturedef = <FixtureDef argname='db_session' scope='function' baseid='tests'>
request = <SubRequest 'db_session' for <Coroutine test_guardian_no_auth>>

    @pytest.hookimpl(wrapper=True)
    def pytest_fixture_setup(fixturedef: FixtureDef, request) -> object | None:
        asyncio_mode = _get_asyncio_mode(request.config)
        if not _is_asyncio_fixture_function(fixturedef.func):
            if asyncio_mode == Mode.STRICT:
                # Ignore async fixtures without explicit asyncio mark in strict mode
                # This applies to pytest_trio fixtures, for example
>               return (yield)
                        ^^^^^
E               pytest.PytestRemovedIn9Warning: 'test_guardian_no_auth' requested an async fixture 'db_session', with no plugin or hook that handled it. This is usually an error, as pytest does not natively support it. This will turn into an error in pytest 9.
E               See: https://docs.pytest.org/en/stable/deprecations.html#sync-test-depending-on-async-fixture

C:\Users\joshi\AppData\Local\Programs\Python\Python313\Lib\site-packages\pytest_asyncio\plugin.py:728: PytestRemovedIn9Warning
_________ ERROR at setup of TestManualScanEndpoints.test_analyze_text _________

self = <Coroutine test_analyze_text>

    def setup(self) -> None:
        runner_fixture_id = f"_{self._loop_scope}_scoped_runner"
        if runner_fixture_id not in self.fixturenames:
            self.fixturenames.append(runner_fixture_id)
>       return super().setup()
               ^^^^^^^^^^^^^^^

C:\Users\joshi\AppData\Local\Programs\Python\Python313\Lib\site-packages\pytest_asyncio\plugin.py:458: 
_ _ _ _ _ _ _ _ _ _ _ _ _ _ _ _ _ _ _ _ _ _ _ _ _ _ _ _ _ _ _ _ _ _ _ _ _ _ _ _

fixturedef = <FixtureDef argname='db_session' scope='function' baseid='tests'>
request = <SubRequest 'db_session' for <Coroutine test_analyze_text>>

    @pytest.hookimpl(wrapper=True)
    def pytest_fixture_setup(fixturedef: FixtureDef, request) -> object | None:
        asyncio_mode = _get_asyncio_mode(request.config)
        if not _is_asyncio_fixture_function(fixturedef.func):
            if asyncio_mode == Mode.STRICT:
                # Ignore async fixtures without explicit asyncio mark in strict mode
                # This applies to pytest_trio fixtures, for example
>               return (yield)
                        ^^^^^
E               pytest.PytestRemovedIn9Warning: 'test_analyze_text' requested an async fixture 'db_session', with no plugin or hook that handled it. This is usually an error, as pytest does not natively support it. This will turn into an error in pytest 9.
E               See: https://docs.pytest.org/en/stable/deprecations.html#sync-test-depending-on-async-fixture

C:\Users\joshi\AppData\Local\Programs\Python\Python313\Lib\site-packages\pytest_asyncio\plugin.py:728: PytestRemovedIn9Warning
_________ ERROR at setup of TestManualScanEndpoints.test_analyze_url __________

self = <Coroutine test_analyze_url>

    def setup(self) -> None:
        runner_fixture_id = f"_{self._loop_scope}_scoped_runner"
        if runner_fixture_id not in self.fixturenames:
            self.fixturenames.append(runner_fixture_id)
>       return super().setup()
               ^^^^^^^^^^^^^^^

C:\Users\joshi\AppData\Local\Programs\Python\Python313\Lib\site-packages\pytest_asyncio\plugin.py:458: 
_ _ _ _ _ _ _ _ _ _ _ _ _ _ _ _ _ _ _ _ _ _ _ _ _ _ _ _ _ _ _ _ _ _ _ _ _ _ _ _

fixturedef = <FixtureDef argname='db_session' scope='function' baseid='tests'>
request = <SubRequest 'db_session' for <Coroutine test_analyze_url>>

    @pytest.hookimpl(wrapper=True)
    def pytest_fixture_setup(fixturedef: FixtureDef, request) -> object | None:
        asyncio_mode = _get_asyncio_mode(request.config)
        if not _is_asyncio_fixture_function(fixturedef.func):
            if asyncio_mode == Mode.STRICT:
                # Ignore async fixtures without explicit asyncio mark in strict mode
                # This applies to pytest_trio fixtures, for example
>               return (yield)
                        ^^^^^
E               pytest.PytestRemovedIn9Warning: 'test_analyze_url' requested an async fixture 'db_session', with no plugin or hook that handled it. This is usually an error, as pytest does not natively support it. This will turn into an error in pytest 9.
E               See: https://docs.pytest.org/en/stable/deprecations.html#sync-test-depending-on-async-fixture

C:\Users\joshi\AppData\Local\Programs\Python\Python313\Lib\site-packages\pytest_asyncio\plugin.py:728: PytestRemovedIn9Warning
____ ERROR at setup of TestManualScanEndpoints.test_analyze_suspicious_url ____

self = <Coroutine test_analyze_suspicious_url>

    def setup(self) -> None:
        runner_fixture_id = f"_{self._loop_scope}_scoped_runner"
        if runner_fixture_id not in self.fixturenames:
            self.fixturenames.append(runner_fixture_id)
>       return super().setup()
               ^^^^^^^^^^^^^^^

C:\Users\joshi\AppData\Local\Programs\Python\Python313\Lib\site-packages\pytest_asyncio\plugin.py:458: 
_ _ _ _ _ _ _ _ _ _ _ _ _ _ _ _ _ _ _ _ _ _ _ _ _ _ _ _ _ _ _ _ _ _ _ _ _ _ _ _

fixturedef = <FixtureDef argname='db_session' scope='function' baseid='tests'>
request = <SubRequest 'db_session' for <Coroutine test_analyze_suspicious_url>>

    @pytest.hookimpl(wrapper=True)
    def pytest_fixture_setup(fixturedef: FixtureDef, request) -> object | None:
        asyncio_mode = _get_asyncio_mode(request.config)
        if not _is_asyncio_fixture_function(fixturedef.func):
            if asyncio_mode == Mode.STRICT:
                # Ignore async fixtures without explicit asyncio mark in strict mode
                # This applies to pytest_trio fixtures, for example
>               return (yield)
                        ^^^^^
E               pytest.PytestRemovedIn9Warning: 'test_analyze_suspicious_url' requested an async fixture 'db_session', with no plugin or hook that handled it. This is usually an error, as pytest does not natively support it. This will turn into an error in pytest 9.
E               See: https://docs.pytest.org/en/stable/deprecations.html#sync-test-depending-on-async-fixture

C:\Users\joshi\AppData\Local\Programs\Python\Python313\Lib\site-packages\pytest_asyncio\plugin.py:728: PytestRemovedIn9Warning
________ ERROR at setup of TestManualScanEndpoints.test_analyze_phone _________

self = <Coroutine test_analyze_phone>

    def setup(self) -> None:
        runner_fixture_id = f"_{self._loop_scope}_scoped_runner"
        if runner_fixture_id not in self.fixturenames:
            self.fixturenames.append(runner_fixture_id)
>       return super().setup()
               ^^^^^^^^^^^^^^^

C:\Users\joshi\AppData\Local\Programs\Python\Python313\Lib\site-packages\pytest_asyncio\plugin.py:458: 
_ _ _ _ _ _ _ _ _ _ _ _ _ _ _ _ _ _ _ _ _ _ _ _ _ _ _ _ _ _ _ _ _ _ _ _ _ _ _ _

fixturedef = <FixtureDef argname='db_session' scope='function' baseid='tests'>
request = <SubRequest 'db_session' for <Coroutine test_analyze_phone>>

    @pytest.hookimpl(wrapper=True)
    def pytest_fixture_setup(fixturedef: FixtureDef, request) -> object | None:
        asyncio_mode = _get_asyncio_mode(request.config)
        if not _is_asyncio_fixture_function(fixturedef.func):
            if asyncio_mode == Mode.STRICT:
                # Ignore async fixtures without explicit asyncio mark in strict mode
                # This applies to pytest_trio fixtures, for example
>               return (yield)
                        ^^^^^
E               pytest.PytestRemovedIn9Warning: 'test_analyze_phone' requested an async fixture 'db_session', with no plugin or hook that handled it. This is usually an error, as pytest does not natively support it. This will turn into an error in pytest 9.
E               See: https://docs.pytest.org/en/stable/deprecations.html#sync-test-depending-on-async-fixture

C:\Users\joshi\AppData\Local\Programs\Python\Python313\Lib\site-packages\pytest_asyncio\plugin.py:728: PytestRemovedIn9Warning
___ ERROR at setup of TestManualScanEndpoints.test_analyze_auto_detect_url ____

self = <Coroutine test_analyze_auto_detect_url>

    def setup(self) -> None:
        runner_fixture_id = f"_{self._loop_scope}_scoped_runner"
        if runner_fixture_id not in self.fixturenames:
            self.fixturenames.append(runner_fixture_id)
>       return super().setup()
               ^^^^^^^^^^^^^^^

C:\Users\joshi\AppData\Local\Programs\Python\Python313\Lib\site-packages\pytest_asyncio\plugin.py:458: 
_ _ _ _ _ _ _ _ _ _ _ _ _ _ _ _ _ _ _ _ _ _ _ _ _ _ _ _ _ _ _ _ _ _ _ _ _ _ _ _

fixturedef = <FixtureDef argname='db_session' scope='function' baseid='tests'>
request = <SubRequest 'db_session' for <Coroutine test_analyze_auto_detect_url>>

    @pytest.hookimpl(wrapper=True)
    def pytest_fixture_setup(fixturedef: FixtureDef, request) -> object | None:
        asyncio_mode = _get_asyncio_mode(request.config)
        if not _is_asyncio_fixture_function(fixturedef.func):
            if asyncio_mode == Mode.STRICT:
                # Ignore async fixtures without explicit asyncio mark in strict mode
                # This applies to pytest_trio fixtures, for example
>               return (yield)
                        ^^^^^
E               pytest.PytestRemovedIn9Warning: 'test_analyze_auto_detect_url' requested an async fixture 'db_session', with no plugin or hook that handled it. This is usually an error, as pytest does not natively support it. This will turn into an error in pytest 9.
E               See: https://docs.pytest.org/en/stable/deprecations.html#sync-test-depending-on-async-fixture

C:\Users\joshi\AppData\Local\Programs\Python\Python313\Lib\site-packages\pytest_asyncio\plugin.py:728: PytestRemovedIn9Warning
__ ERROR at setup of TestManualScanEndpoints.test_analyze_auto_detect_phone ___

self = <Coroutine test_analyze_auto_detect_phone>

    def setup(self) -> None:
        runner_fixture_id = f"_{self._loop_scope}_scoped_runner"
        if runner_fixture_id not in self.fixturenames:
            self.fixturenames.append(runner_fixture_id)
>       return super().setup()
               ^^^^^^^^^^^^^^^

C:\Users\joshi\AppData\Local\Programs\Python\Python313\Lib\site-packages\pytest_asyncio\plugin.py:458: 
_ _ _ _ _ _ _ _ _ _ _ _ _ _ _ _ _ _ _ _ _ _ _ _ _ _ _ _ _ _ _ _ _ _ _ _ _ _ _ _

fixturedef = <FixtureDef argname='db_session' scope='function' baseid='tests'>
request = <SubRequest 'db_session' for <Coroutine test_analyze_auto_detect_phone>>

    @pytest.hookimpl(wrapper=True)
    def pytest_fixture_setup(fixturedef: FixtureDef, request) -> object | None:
        asyncio_mode = _get_asyncio_mode(request.config)
        if not _is_asyncio_fixture_function(fixturedef.func):
            if asyncio_mode == Mode.STRICT:
                # Ignore async fixtures without explicit asyncio mark in strict mode
                # This applies to pytest_trio fixtures, for example
>               return (yield)
                        ^^^^^
E               pytest.PytestRemovedIn9Warning: 'test_analyze_auto_detect_phone' requested an async fixture 'db_session', with no plugin or hook that handled it. This is usually an error, as pytest does not natively support it. This will turn into an error in pytest 9.
E               See: https://docs.pytest.org/en/stable/deprecations.html#sync-test-depending-on-async-fixture

C:\Users\joshi\AppData\Local\Programs\Python\Python313\Lib\site-packages\pytest_asyncio\plugin.py:728: PytestRemovedIn9Warning
___ ERROR at setup of TestManualScanEndpoints.test_analyze_auto_detect_text ___

self = <Coroutine test_analyze_auto_detect_text>

    def setup(self) -> None:
        runner_fixture_id = f"_{self._loop_scope}_scoped_runner"
        if runner_fixture_id not in self.fixturenames:
            self.fixturenames.append(runner_fixture_id)
>       return super().setup()
               ^^^^^^^^^^^^^^^

C:\Users\joshi\AppData\Local\Programs\Python\Python313\Lib\site-packages\pytest_asyncio\plugin.py:458: 
_ _ _ _ _ _ _ _ _ _ _ _ _ _ _ _ _ _ _ _ _ _ _ _ _ _ _ _ _ _ _ _ _ _ _ _ _ _ _ _

fixturedef = <FixtureDef argname='db_session' scope='function' baseid='tests'>
request = <SubRequest 'db_session' for <Coroutine test_analyze_auto_detect_text>>

    @pytest.hookimpl(wrapper=True)
    def pytest_fixture_setup(fixturedef: FixtureDef, request) -> object | None:
        asyncio_mode = _get_asyncio_mode(request.config)
        if not _is_asyncio_fixture_function(fixturedef.func):
            if asyncio_mode == Mode.STRICT:
                # Ignore async fixtures without explicit asyncio mark in strict mode
                # This applies to pytest_trio fixtures, for example
>               return (yield)
                        ^^^^^
E               pytest.PytestRemovedIn9Warning: 'test_analyze_auto_detect_text' requested an async fixture 'db_session', with no plugin or hook that handled it. This is usually an error, as pytest does not natively support it. This will turn into an error in pytest 9.
E               See: https://docs.pytest.org/en/stable/deprecations.html#sync-test-depending-on-async-fixture

C:\Users\joshi\AppData\Local\Programs\Python\Python313\Lib\site-packages\pytest_asyncio\plugin.py:728: PytestRemovedIn9Warning
____ ERROR at setup of TestManualScanEndpoints.test_analyze_empty_content _____

self = <Coroutine test_analyze_empty_content>

    def setup(self) -> None:
        runner_fixture_id = f"_{self._loop_scope}_scoped_runner"
        if runner_fixture_id not in self.fixturenames:
            self.fixturenames.append(runner_fixture_id)
>       return super().setup()
               ^^^^^^^^^^^^^^^

C:\Users\joshi\AppData\Local\Programs\Python\Python313\Lib\site-packages\pytest_asyncio\plugin.py:458: 
_ _ _ _ _ _ _ _ _ _ _ _ _ _ _ _ _ _ _ _ _ _ _ _ _ _ _ _ _ _ _ _ _ _ _ _ _ _ _ _

fixturedef = <FixtureDef argname='db_session' scope='function' baseid='tests'>
request = <SubRequest 'db_session' for <Coroutine test_analyze_empty_content>>

    @pytest.hookimpl(wrapper=True)
    def pytest_fixture_setup(fixturedef: FixtureDef, request) -> object | None:
        asyncio_mode = _get_asyncio_mode(request.config)
        if not _is_asyncio_fixture_function(fixturedef.func):
            if asyncio_mode == Mode.STRICT:
                # Ignore async fixtures without explicit asyncio mark in strict mode
                # This applies to pytest_trio fixtures, for example
>               return (yield)
                        ^^^^^
E               pytest.PytestRemovedIn9Warning: 'test_analyze_empty_content' requested an async fixture 'db_session', with no plugin or hook that handled it. This is usually an error, as pytest does not natively support it. This will turn into an error in pytest 9.
E               See: https://docs.pytest.org/en/stable/deprecations.html#sync-test-depending-on-async-fixture

C:\Users\joshi\AppData\Local\Programs\Python\Python313\Lib\site-packages\pytest_asyncio\plugin.py:728: PytestRemovedIn9Warning
_ ERROR at setup of TestManualScanEndpoints.test_analyze_creates_scan_record __

self = <Coroutine test_analyze_creates_scan_record>

    def setup(self) -> None:
        runner_fixture_id = f"_{self._loop_scope}_scoped_runner"
        if runner_fixture_id not in self.fixturenames:
            self.fixturenames.append(runner_fixture_id)
>       return super().setup()
               ^^^^^^^^^^^^^^^

C:\Users\joshi\AppData\Local\Programs\Python\Python313\Lib\site-packages\pytest_asyncio\plugin.py:458: 
_ _ _ _ _ _ _ _ _ _ _ _ _ _ _ _ _ _ _ _ _ _ _ _ _ _ _ _ _ _ _ _ _ _ _ _ _ _ _ _

fixturedef = <FixtureDef argname='db_session' scope='function' baseid='tests'>
request = <SubRequest 'db_session' for <Coroutine test_analyze_creates_scan_record>>

    @pytest.hookimpl(wrapper=True)
    def pytest_fixture_setup(fixturedef: FixtureDef, request) -> object | None:
        asyncio_mode = _get_asyncio_mode(request.config)
        if not _is_asyncio_fixture_function(fixturedef.func):
            if asyncio_mode == Mode.STRICT:
                # Ignore async fixtures without explicit asyncio mark in strict mode
                # This applies to pytest_trio fixtures, for example
>               return (yield)
                        ^^^^^
E               pytest.PytestRemovedIn9Warning: 'test_analyze_creates_scan_record' requested an async fixture 'db_session', with no plugin or hook that handled it. This is usually an error, as pytest does not natively support it. This will turn into an error in pytest 9.
E               See: https://docs.pytest.org/en/stable/deprecations.html#sync-test-depending-on-async-fixture

C:\Users\joshi\AppData\Local\Programs\Python\Python313\Lib\site-packages\pytest_asyncio\plugin.py:728: PytestRemovedIn9Warning
__ ERROR at setup of TestExplanationEndpoints.test_get_explanation_high_risk __

self = <Coroutine test_get_explanation_high_risk>

    def setup(self) -> None:
        runner_fixture_id = f"_{self._loop_scope}_scoped_runner"
        if runner_fixture_id not in self.fixturenames:
            self.fixturenames.append(runner_fixture_id)
>       return super().setup()
               ^^^^^^^^^^^^^^^

C:\Users\joshi\AppData\Local\Programs\Python\Python313\Lib\site-packages\pytest_asyncio\plugin.py:458: 
_ _ _ _ _ _ _ _ _ _ _ _ _ _ _ _ _ _ _ _ _ _ _ _ _ _ _ _ _ _ _ _ _ _ _ _ _ _ _ _

fixturedef = <FixtureDef argname='db_session' scope='function' baseid='tests'>
request = <SubRequest 'db_session' for <Coroutine test_get_explanation_high_risk>>

    @pytest.hookimpl(wrapper=True)
    def pytest_fixture_setup(fixturedef: FixtureDef, request) -> object | None:
        asyncio_mode = _get_asyncio_mode(request.config)
        if not _is_asyncio_fixture_function(fixturedef.func):
            if asyncio_mode == Mode.STRICT:
                # Ignore async fixtures without explicit asyncio mark in strict mode
                # This applies to pytest_trio fixtures, for example
>               return (yield)
                        ^^^^^
E               pytest.PytestRemovedIn9Warning: 'test_get_explanation_high_risk' requested an async fixture 'db_session', with no plugin or hook that handled it. This is usually an error, as pytest does not natively support it. This will turn into an error in pytest 9.
E               See: https://docs.pytest.org/en/stable/deprecations.html#sync-test-depending-on-async-fixture

C:\Users\joshi\AppData\Local\Programs\Python\Python313\Lib\site-packages\pytest_asyncio\plugin.py:728: PytestRemovedIn9Warning
__ ERROR at setup of TestExplanationEndpoints.test_get_explanation_low_risk ___

self = <Coroutine test_get_explanation_low_risk>

    def setup(self) -> None:
        runner_fixture_id = f"_{self._loop_scope}_scoped_runner"
        if runner_fixture_id not in self.fixturenames:
            self.fixturenames.append(runner_fixture_id)
>       return super().setup()
               ^^^^^^^^^^^^^^^

C:\Users\joshi\AppData\Local\Programs\Python\Python313\Lib\site-packages\pytest_asyncio\plugin.py:458: 
_ _ _ _ _ _ _ _ _ _ _ _ _ _ _ _ _ _ _ _ _ _ _ _ _ _ _ _ _ _ _ _ _ _ _ _ _ _ _ _

fixturedef = <FixtureDef argname='db_session' scope='function' baseid='tests'>
request = <SubRequest 'db_session' for <Coroutine test_get_explanation_low_risk>>

    @pytest.hookimpl(wrapper=True)
    def pytest_fixture_setup(fixturedef: FixtureDef, request) -> object | None:
        asyncio_mode = _get_asyncio_mode(request.config)
        if not _is_asyncio_fixture_function(fixturedef.func):
            if asyncio_mode == Mode.STRICT:
                # Ignore async fixtures without explicit asyncio mark in strict mode
                # This applies to pytest_trio fixtures, for example
>               return (yield)
                        ^^^^^
E               pytest.PytestRemovedIn9Warning: 'test_get_explanation_low_risk' requested an async fixture 'db_session', with no plugin or hook that handled it. This is usually an error, as pytest does not natively support it. This will turn into an error in pytest 9.
E               See: https://docs.pytest.org/en/stable/deprecations.html#sync-test-depending-on-async-fixture

C:\Users\joshi\AppData\Local\Programs\Python\Python313\Lib\site-packages\pytest_asyncio\plugin.py:728: PytestRemovedIn9Warning
_ ERROR at setup of TestExplanationEndpoints.test_get_explanation_with_hindi __

self = <Coroutine test_get_explanation_with_hindi>

    def setup(self) -> None:
        runner_fixture_id = f"_{self._loop_scope}_scoped_runner"
        if runner_fixture_id not in self.fixturenames:
            self.fixturenames.append(runner_fixture_id)
>       return super().setup()
               ^^^^^^^^^^^^^^^

C:\Users\joshi\AppData\Local\Programs\Python\Python313\Lib\site-packages\pytest_asyncio\plugin.py:458: 
_ _ _ _ _ _ _ _ _ _ _ _ _ _ _ _ _ _ _ _ _ _ _ _ _ _ _ _ _ _ _ _ _ _ _ _ _ _ _ _

fixturedef = <FixtureDef argname='db_session' scope='function' baseid='tests'>
request = <SubRequest 'db_session' for <Coroutine test_get_explanation_with_hindi>>

    @pytest.hookimpl(wrapper=True)
    def pytest_fixture_setup(fixturedef: FixtureDef, request) -> object | None:
        asyncio_mode = _get_asyncio_mode(request.config)
        if not _is_asyncio_fixture_function(fixturedef.func):
            if asyncio_mode == Mode.STRICT:
                # Ignore async fixtures without explicit asyncio mark in strict mode
                # This applies to pytest_trio fixtures, for example
>               return (yield)
                        ^^^^^
E               pytest.PytestRemovedIn9Warning: 'test_get_explanation_with_hindi' requested an async fixture 'db_session', with no plugin or hook that handled it. This is usually an error, as pytest does not natively support it. This will turn into an error in pytest 9.
E               See: https://docs.pytest.org/en/stable/deprecations.html#sync-test-depending-on-async-fixture

C:\Users\joshi\AppData\Local\Programs\Python\Python313\Lib\site-packages\pytest_asyncio\plugin.py:728: PytestRemovedIn9Warning
_______ ERROR at setup of TestExplanationEndpoints.test_get_scam_types ________

self = <Coroutine test_get_scam_types>

    def setup(self) -> None:
        runner_fixture_id = f"_{self._loop_scope}_scoped_runner"
        if runner_fixture_id not in self.fixturenames:
            self.fixturenames.append(runner_fixture_id)
>       return super().setup()
               ^^^^^^^^^^^^^^^

C:\Users\joshi\AppData\Local\Programs\Python\Python313\Lib\site-packages\pytest_asyncio\plugin.py:458: 
_ _ _ _ _ _ _ _ _ _ _ _ _ _ _ _ _ _ _ _ _ _ _ _ _ _ _ _ _ _ _ _ _ _ _ _ _ _ _ _

fixturedef = <FixtureDef argname='db_session' scope='function' baseid='tests'>
request = <SubRequest 'db_session' for <Coroutine test_get_scam_types>>

    @pytest.hookimpl(wrapper=True)
    def pytest_fixture_setup(fixturedef: FixtureDef, request) -> object | None:
        asyncio_mode = _get_asyncio_mode(request.config)
        if not _is_asyncio_fixture_function(fixturedef.func):
            if asyncio_mode == Mode.STRICT:
                # Ignore async fixtures without explicit asyncio mark in strict mode
                # This applies to pytest_trio fixtures, for example
>               return (yield)
                        ^^^^^
E               pytest.PytestRemovedIn9Warning: 'test_get_scam_types' requested an async fixture 'db_session', with no plugin or hook that handled it. This is usually an error, as pytest does not natively support it. This will turn into an error in pytest 9.
E               See: https://docs.pytest.org/en/stable/deprecations.html#sync-test-depending-on-async-fixture

C:\Users\joshi\AppData\Local\Programs\Python\Python313\Lib\site-packages\pytest_asyncio\plugin.py:728: PytestRemovedIn9Warning
___ ERROR at setup of TestUrlAnalysisEndpoint.test_analyze_url_safe_domain ____

self = <Coroutine test_analyze_url_safe_domain>

    def setup(self) -> None:
        runner_fixture_id = f"_{self._loop_scope}_scoped_runner"
        if runner_fixture_id not in self.fixturenames:
            self.fixturenames.append(runner_fixture_id)
>       return super().setup()
               ^^^^^^^^^^^^^^^

C:\Users\joshi\AppData\Local\Programs\Python\Python313\Lib\site-packages\pytest_asyncio\plugin.py:458: 
_ _ _ _ _ _ _ _ _ _ _ _ _ _ _ _ _ _ _ _ _ _ _ _ _ _ _ _ _ _ _ _ _ _ _ _ _ _ _ _

fixturedef = <FixtureDef argname='db_session' scope='function' baseid='tests'>
request = <SubRequest 'db_session' for <Coroutine test_analyze_url_safe_domain>>

    @pytest.hookimpl(wrapper=True)
    def pytest_fixture_setup(fixturedef: FixtureDef, request) -> object | None:
        asyncio_mode = _get_asyncio_mode(request.config)
        if not _is_asyncio_fixture_function(fixturedef.func):
            if asyncio_mode == Mode.STRICT:
                # Ignore async fixtures without explicit asyncio mark in strict mode
                # This applies to pytest_trio fixtures, for example
>               return (yield)
                        ^^^^^
E               pytest.PytestRemovedIn9Warning: 'test_analyze_url_safe_domain' requested an async fixture 'db_session', with no plugin or hook that handled it. This is usually an error, as pytest does not natively support it. This will turn into an error in pytest 9.
E               See: https://docs.pytest.org/en/stable/deprecations.html#sync-test-depending-on-async-fixture

C:\Users\joshi\AppData\Local\Programs\Python\Python313\Lib\site-packages\pytest_asyncio\plugin.py:728: PytestRemovedIn9Warning
_ ERROR at setup of TestUrlAnalysisEndpoint.test_analyze_url_suspicious_pattern _

self = <Coroutine test_analyze_url_suspicious_pattern>

    def setup(self) -> None:
        runner_fixture_id = f"_{self._loop_scope}_scoped_runner"
        if runner_fixture_id not in self.fixturenames:
            self.fixturenames.append(runner_fixture_id)
>       return super().setup()
               ^^^^^^^^^^^^^^^

C:\Users\joshi\AppData\Local\Programs\Python\Python313\Lib\site-packages\pytest_asyncio\plugin.py:458: 
_ _ _ _ _ _ _ _ _ _ _ _ _ _ _ _ _ _ _ _ _ _ _ _ _ _ _ _ _ _ _ _ _ _ _ _ _ _ _ _

fixturedef = <FixtureDef argname='db_session' scope='function' baseid='tests'>
request = <SubRequest 'db_session' for <Coroutine test_analyze_url_suspicious_pattern>>

    @pytest.hookimpl(wrapper=True)
    def pytest_fixture_setup(fixturedef: FixtureDef, request) -> object | None:
        asyncio_mode = _get_asyncio_mode(request.config)
        if not _is_asyncio_fixture_function(fixturedef.func):
            if asyncio_mode == Mode.STRICT:
                # Ignore async fixtures without explicit asyncio mark in strict mode
                # This applies to pytest_trio fixtures, for example
>               return (yield)
                        ^^^^^
E               pytest.PytestRemovedIn9Warning: 'test_analyze_url_suspicious_pattern' requested an async fixture 'db_session', with no plugin or hook that handled it. This is usually an error, as pytest does not natively support it. This will turn into an error in pytest 9.
E               See: https://docs.pytest.org/en/stable/deprecations.html#sync-test-depending-on-async-fixture

C:\Users\joshi\AppData\Local\Programs\Python\Python313\Lib\site-packages\pytest_asyncio\plugin.py:728: PytestRemovedIn9Warning
_______ ERROR at setup of TestPhoneCheckEndpoint.test_check_phone_clean _______

self = <Coroutine test_check_phone_clean>

    def setup(self) -> None:
        runner_fixture_id = f"_{self._loop_scope}_scoped_runner"
        if runner_fixture_id not in self.fixturenames:
            self.fixturenames.append(runner_fixture_id)
>       return super().setup()
               ^^^^^^^^^^^^^^^

C:\Users\joshi\AppData\Local\Programs\Python\Python313\Lib\site-packages\pytest_asyncio\plugin.py:458: 
_ _ _ _ _ _ _ _ _ _ _ _ _ _ _ _ _ _ _ _ _ _ _ _ _ _ _ _ _ _ _ _ _ _ _ _ _ _ _ _

fixturedef = <FixtureDef argname='db_session' scope='function' baseid='tests'>
request = <SubRequest 'db_session' for <Coroutine test_check_phone_clean>>

    @pytest.hookimpl(wrapper=True)
    def pytest_fixture_setup(fixturedef: FixtureDef, request) -> object | None:
        asyncio_mode = _get_asyncio_mode(request.config)
        if not _is_asyncio_fixture_function(fixturedef.func):
            if asyncio_mode == Mode.STRICT:
                # Ignore async fixtures without explicit asyncio mark in strict mode
                # This applies to pytest_trio fixtures, for example
>               return (yield)
                        ^^^^^
E               pytest.PytestRemovedIn9Warning: 'test_check_phone_clean' requested an async fixture 'db_session', with no plugin or hook that handled it. This is usually an error, as pytest does not natively support it. This will turn into an error in pytest 9.
E               See: https://docs.pytest.org/en/stable/deprecations.html#sync-test-depending-on-async-fixture

C:\Users\joshi\AppData\Local\Programs\Python\Python313\Lib\site-packages\pytest_asyncio\plugin.py:728: PytestRemovedIn9Warning
___ ERROR at setup of TestPhoneCheckEndpoint.test_check_phone_normalization ___

self = <Coroutine test_check_phone_normalization>

    def setup(self) -> None:
        runner_fixture_id = f"_{self._loop_scope}_scoped_runner"
        if runner_fixture_id not in self.fixturenames:
            self.fixturenames.append(runner_fixture_id)
>       return super().setup()
               ^^^^^^^^^^^^^^^

C:\Users\joshi\AppData\Local\Programs\Python\Python313\Lib\site-packages\pytest_asyncio\plugin.py:458: 
_ _ _ _ _ _ _ _ _ _ _ _ _ _ _ _ _ _ _ _ _ _ _ _ _ _ _ _ _ _ _ _ _ _ _ _ _ _ _ _

fixturedef = <FixtureDef argname='db_session' scope='function' baseid='tests'>
request = <SubRequest 'db_session' for <Coroutine test_check_phone_normalization>>

    @pytest.hookimpl(wrapper=True)
    def pytest_fixture_setup(fixturedef: FixtureDef, request) -> object | None:
        asyncio_mode = _get_asyncio_mode(request.config)
        if not _is_asyncio_fixture_function(fixturedef.func):
            if asyncio_mode == Mode.STRICT:
                # Ignore async fixtures without explicit asyncio mark in strict mode
                # This applies to pytest_trio fixtures, for example
>               return (yield)
                        ^^^^^
E               pytest.PytestRemovedIn9Warning: 'test_check_phone_normalization' requested an async fixture 'db_session', with no plugin or hook that handled it. This is usually an error, as pytest does not natively support it. This will turn into an error in pytest 9.
E               See: https://docs.pytest.org/en/stable/deprecations.html#sync-test-depending-on-async-fixture

C:\Users\joshi\AppData\Local\Programs\Python\Python313\Lib\site-packages\pytest_asyncio\plugin.py:728: PytestRemovedIn9Warning
______ ERROR at setup of TestPhoneCheckEndpoint.test_manual_scan_no_auth ______

self = <Coroutine test_manual_scan_no_auth>

    def setup(self) -> None:
        runner_fixture_id = f"_{self._loop_scope}_scoped_runner"
        if runner_fixture_id not in self.fixturenames:
            self.fixturenames.append(runner_fixture_id)
>       return super().setup()
               ^^^^^^^^^^^^^^^

C:\Users\joshi\AppData\Local\Programs\Python\Python313\Lib\site-packages\pytest_asyncio\plugin.py:458: 
_ _ _ _ _ _ _ _ _ _ _ _ _ _ _ _ _ _ _ _ _ _ _ _ _ _ _ _ _ _ _ _ _ _ _ _ _ _ _ _

fixturedef = <FixtureDef argname='db_session' scope='function' baseid='tests'>
request = <SubRequest 'db_session' for <Coroutine test_manual_scan_no_auth>>

    @pytest.hookimpl(wrapper=True)
    def pytest_fixture_setup(fixturedef: FixtureDef, request) -> object | None:
        asyncio_mode = _get_asyncio_mode(request.config)
        if not _is_asyncio_fixture_function(fixturedef.func):
            if asyncio_mode == Mode.STRICT:
                # Ignore async fixtures without explicit asyncio mark in strict mode
                # This applies to pytest_trio fixtures, for example
>               return (yield)
                        ^^^^^
E               pytest.PytestRemovedIn9Warning: 'test_manual_scan_no_auth' requested an async fixture 'db_session', with no plugin or hook that handled it. This is usually an error, as pytest does not natively support it. This will turn into an error in pytest 9.
E               See: https://docs.pytest.org/en/stable/deprecations.html#sync-test-depending-on-async-fixture

C:\Users\joshi\AppData\Local\Programs\Python\Python313\Lib\site-packages\pytest_asyncio\plugin.py:728: PytestRemovedIn9Warning
______ ERROR at setup of TestReputationEndpoints.test_check_phone_clean _______

self = <Coroutine test_check_phone_clean>

    def setup(self) -> None:
        runner_fixture_id = f"_{self._loop_scope}_scoped_runner"
        if runner_fixture_id not in self.fixturenames:
            self.fixturenames.append(runner_fixture_id)
>       return super().setup()
               ^^^^^^^^^^^^^^^

C:\Users\joshi\AppData\Local\Programs\Python\Python313\Lib\site-packages\pytest_asyncio\plugin.py:458: 
_ _ _ _ _ _ _ _ _ _ _ _ _ _ _ _ _ _ _ _ _ _ _ _ _ _ _ _ _ _ _ _ _ _ _ _ _ _ _ _

fixturedef = <FixtureDef argname='db_session' scope='function' baseid='tests'>
request = <SubRequest 'db_session' for <Coroutine test_check_phone_clean>>

    @pytest.hookimpl(wrapper=True)
    def pytest_fixture_setup(fixturedef: FixtureDef, request) -> object | None:
        asyncio_mode = _get_asyncio_mode(request.config)
        if not _is_asyncio_fixture_function(fixturedef.func):
            if asyncio_mode == Mode.STRICT:
                # Ignore async fixtures without explicit asyncio mark in strict mode
                # This applies to pytest_trio fixtures, for example
>               return (yield)
                        ^^^^^
E               pytest.PytestRemovedIn9Warning: 'test_check_phone_clean' requested an async fixture 'db_session', with no plugin or hook that handled it. This is usually an error, as pytest does not natively support it. This will turn into an error in pytest 9.
E               See: https://docs.pytest.org/en/stable/deprecations.html#sync-test-depending-on-async-fixture

C:\Users\joshi\AppData\Local\Programs\Python\Python313\Lib\site-packages\pytest_asyncio\plugin.py:728: PytestRemovedIn9Warning
_______ ERROR at setup of TestReputationEndpoints.test_check_url_clean ________

self = <Coroutine test_check_url_clean>

    def setup(self) -> None:
        runner_fixture_id = f"_{self._loop_scope}_scoped_runner"
        if runner_fixture_id not in self.fixturenames:
            self.fixturenames.append(runner_fixture_id)
>       return super().setup()
               ^^^^^^^^^^^^^^^

C:\Users\joshi\AppData\Local\Programs\Python\Python313\Lib\site-packages\pytest_asyncio\plugin.py:458: 
_ _ _ _ _ _ _ _ _ _ _ _ _ _ _ _ _ _ _ _ _ _ _ _ _ _ _ _ _ _ _ _ _ _ _ _ _ _ _ _

fixturedef = <FixtureDef argname='db_session' scope='function' baseid='tests'>
request = <SubRequest 'db_session' for <Coroutine test_check_url_clean>>

    @pytest.hookimpl(wrapper=True)
    def pytest_fixture_setup(fixturedef: FixtureDef, request) -> object | None:
        asyncio_mode = _get_asyncio_mode(request.config)
        if not _is_asyncio_fixture_function(fixturedef.func):
            if asyncio_mode == Mode.STRICT:
                # Ignore async fixtures without explicit asyncio mark in strict mode
                # This applies to pytest_trio fixtures, for example
>               return (yield)
                        ^^^^^
E               pytest.PytestRemovedIn9Warning: 'test_check_url_clean' requested an async fixture 'db_session', with no plugin or hook that handled it. This is usually an error, as pytest does not natively support it. This will turn into an error in pytest 9.
E               See: https://docs.pytest.org/en/stable/deprecations.html#sync-test-depending-on-async-fixture

C:\Users\joshi\AppData\Local\Programs\Python\Python313\Lib\site-packages\pytest_asyncio\plugin.py:728: PytestRemovedIn9Warning
_______ ERROR at setup of TestReputationEndpoints.test_check_no_params ________

self = <Coroutine test_check_no_params>

    def setup(self) -> None:
        runner_fixture_id = f"_{self._loop_scope}_scoped_runner"
        if runner_fixture_id not in self.fixturenames:
            self.fixturenames.append(runner_fixture_id)
>       return super().setup()
               ^^^^^^^^^^^^^^^

C:\Users\joshi\AppData\Local\Programs\Python\Python313\Lib\site-packages\pytest_asyncio\plugin.py:458: 
_ _ _ _ _ _ _ _ _ _ _ _ _ _ _ _ _ _ _ _ _ _ _ _ _ _ _ _ _ _ _ _ _ _ _ _ _ _ _ _

fixturedef = <FixtureDef argname='db_session' scope='function' baseid='tests'>
request = <SubRequest 'db_session' for <Coroutine test_check_no_params>>

    @pytest.hookimpl(wrapper=True)
    def pytest_fixture_setup(fixturedef: FixtureDef, request) -> object | None:
        asyncio_mode = _get_asyncio_mode(request.config)
        if not _is_asyncio_fixture_function(fixturedef.func):
            if asyncio_mode == Mode.STRICT:
                # Ignore async fixtures without explicit asyncio mark in strict mode
                # This applies to pytest_trio fixtures, for example
>               return (yield)
                        ^^^^^
E               pytest.PytestRemovedIn9Warning: 'test_check_no_params' requested an async fixture 'db_session', with no plugin or hook that handled it. This is usually an error, as pytest does not natively support it. This will turn into an error in pytest 9.
E               See: https://docs.pytest.org/en/stable/deprecations.html#sync-test-depending-on-async-fixture

C:\Users\joshi\AppData\Local\Programs\Python\Python313\Lib\site-packages\pytest_asyncio\plugin.py:728: PytestRemovedIn9Warning
______ ERROR at setup of TestReputationEndpoints.test_report_scam_phone _______

self = <Coroutine test_report_scam_phone>

    def setup(self) -> None:
        runner_fixture_id = f"_{self._loop_scope}_scoped_runner"
        if runner_fixture_id not in self.fixturenames:
            self.fixturenames.append(runner_fixture_id)
>       return super().setup()
               ^^^^^^^^^^^^^^^

C:\Users\joshi\AppData\Local\Programs\Python\Python313\Lib\site-packages\pytest_asyncio\plugin.py:458: 
_ _ _ _ _ _ _ _ _ _ _ _ _ _ _ _ _ _ _ _ _ _ _ _ _ _ _ _ _ _ _ _ _ _ _ _ _ _ _ _

fixturedef = <FixtureDef argname='db_session' scope='function' baseid='tests'>
request = <SubRequest 'db_session' for <Coroutine test_report_scam_phone>>

    @pytest.hookimpl(wrapper=True)
    def pytest_fixture_setup(fixturedef: FixtureDef, request) -> object | None:
        asyncio_mode = _get_asyncio_mode(request.config)
        if not _is_asyncio_fixture_function(fixturedef.func):
            if asyncio_mode == Mode.STRICT:
                # Ignore async fixtures without explicit asyncio mark in strict mode
                # This applies to pytest_trio fixtures, for example
>               return (yield)
                        ^^^^^
E               pytest.PytestRemovedIn9Warning: 'test_report_scam_phone' requested an async fixture 'db_session', with no plugin or hook that handled it. This is usually an error, as pytest does not natively support it. This will turn into an error in pytest 9.
E               See: https://docs.pytest.org/en/stable/deprecations.html#sync-test-depending-on-async-fixture

C:\Users\joshi\AppData\Local\Programs\Python\Python313\Lib\site-packages\pytest_asyncio\plugin.py:728: PytestRemovedIn9Warning
_______ ERROR at setup of TestReputationEndpoints.test_report_scam_url ________

self = <Coroutine test_report_scam_url>

    def setup(self) -> None:
        runner_fixture_id = f"_{self._loop_scope}_scoped_runner"
        if runner_fixture_id not in self.fixturenames:
            self.fixturenames.append(runner_fixture_id)
>       return super().setup()
               ^^^^^^^^^^^^^^^

C:\Users\joshi\AppData\Local\Programs\Python\Python313\Lib\site-packages\pytest_asyncio\plugin.py:458: 
_ _ _ _ _ _ _ _ _ _ _ _ _ _ _ _ _ _ _ _ _ _ _ _ _ _ _ _ _ _ _ _ _ _ _ _ _ _ _ _

fixturedef = <FixtureDef argname='db_session' scope='function' baseid='tests'>
request = <SubRequest 'db_session' for <Coroutine test_report_scam_url>>

    @pytest.hookimpl(wrapper=True)
    def pytest_fixture_setup(fixturedef: FixtureDef, request) -> object | None:
        asyncio_mode = _get_asyncio_mode(request.config)
        if not _is_asyncio_fixture_function(fixturedef.func):
            if asyncio_mode == Mode.STRICT:
                # Ignore async fixtures without explicit asyncio mark in strict mode
                # This applies to pytest_trio fixtures, for example
>               return (yield)
                        ^^^^^
E               pytest.PytestRemovedIn9Warning: 'test_report_scam_url' requested an async fixture 'db_session', with no plugin or hook that handled it. This is usually an error, as pytest does not natively support it. This will turn into an error in pytest 9.
E               See: https://docs.pytest.org/en/stable/deprecations.html#sync-test-depending-on-async-fixture

C:\Users\joshi\AppData\Local\Programs\Python\Python313\Lib\site-packages\pytest_asyncio\plugin.py:728: PytestRemovedIn9Warning
______ ERROR at setup of TestReputationEndpoints.test_report_scam_domain ______

self = <Coroutine test_report_scam_domain>

    def setup(self) -> None:
        runner_fixture_id = f"_{self._loop_scope}_scoped_runner"
        if runner_fixture_id not in self.fixturenames:
            self.fixturenames.append(runner_fixture_id)
>       return super().setup()
               ^^^^^^^^^^^^^^^

C:\Users\joshi\AppData\Local\Programs\Python\Python313\Lib\site-packages\pytest_asyncio\plugin.py:458: 
_ _ _ _ _ _ _ _ _ _ _ _ _ _ _ _ _ _ _ _ _ _ _ _ _ _ _ _ _ _ _ _ _ _ _ _ _ _ _ _

fixturedef = <FixtureDef argname='db_session' scope='function' baseid='tests'>
request = <SubRequest 'db_session' for <Coroutine test_report_scam_domain>>

    @pytest.hookimpl(wrapper=True)
    def pytest_fixture_setup(fixturedef: FixtureDef, request) -> object | None:
        asyncio_mode = _get_asyncio_mode(request.config)
        if not _is_asyncio_fixture_function(fixturedef.func):
            if asyncio_mode == Mode.STRICT:
                # Ignore async fixtures without explicit asyncio mark in strict mode
                # This applies to pytest_trio fixtures, for example
>               return (yield)
                        ^^^^^
E               pytest.PytestRemovedIn9Warning: 'test_report_scam_domain' requested an async fixture 'db_session', with no plugin or hook that handled it. This is usually an error, as pytest does not natively support it. This will turn into an error in pytest 9.
E               See: https://docs.pytest.org/en/stable/deprecations.html#sync-test-depending-on-async-fixture

C:\Users\joshi\AppData\Local\Programs\Python\Python313\Lib\site-packages\pytest_asyncio\plugin.py:728: PytestRemovedIn9Warning
_____ ERROR at setup of TestReputationEndpoints.test_report_invalid_type ______

self = <Coroutine test_report_invalid_type>

    def setup(self) -> None:
        runner_fixture_id = f"_{self._loop_scope}_scoped_runner"
        if runner_fixture_id not in self.fixturenames:
            self.fixturenames.append(runner_fixture_id)
>       return super().setup()
               ^^^^^^^^^^^^^^^

C:\Users\joshi\AppData\Local\Programs\Python\Python313\Lib\site-packages\pytest_asyncio\plugin.py:458: 
_ _ _ _ _ _ _ _ _ _ _ _ _ _ _ _ _ _ _ _ _ _ _ _ _ _ _ _ _ _ _ _ _ _ _ _ _ _ _ _

fixturedef = <FixtureDef argname='db_session' scope='function' baseid='tests'>
request = <SubRequest 'db_session' for <Coroutine test_report_invalid_type>>

    @pytest.hookimpl(wrapper=True)
    def pytest_fixture_setup(fixturedef: FixtureDef, request) -> object | None:
        asyncio_mode = _get_asyncio_mode(request.config)
        if not _is_asyncio_fixture_function(fixturedef.func):
            if asyncio_mode == Mode.STRICT:
                # Ignore async fixtures without explicit asyncio mark in strict mode
                # This applies to pytest_trio fixtures, for example
>               return (yield)
                        ^^^^^
E               pytest.PytestRemovedIn9Warning: 'test_report_invalid_type' requested an async fixture 'db_session', with no plugin or hook that handled it. This is usually an error, as pytest does not natively support it. This will turn into an error in pytest 9.
E               See: https://docs.pytest.org/en/stable/deprecations.html#sync-test-depending-on-async-fixture

C:\Users\joshi\AppData\Local\Programs\Python\Python313\Lib\site-packages\pytest_asyncio\plugin.py:728: PytestRemovedIn9Warning
___ ERROR at setup of TestReputationEndpoints.test_report_increments_count ____

self = <Coroutine test_report_increments_count>

    def setup(self) -> None:
        runner_fixture_id = f"_{self._loop_scope}_scoped_runner"
        if runner_fixture_id not in self.fixturenames:
            self.fixturenames.append(runner_fixture_id)
>       return super().setup()
               ^^^^^^^^^^^^^^^

C:\Users\joshi\AppData\Local\Programs\Python\Python313\Lib\site-packages\pytest_asyncio\plugin.py:458: 
_ _ _ _ _ _ _ _ _ _ _ _ _ _ _ _ _ _ _ _ _ _ _ _ _ _ _ _ _ _ _ _ _ _ _ _ _ _ _ _

fixturedef = <FixtureDef argname='db_session' scope='function' baseid='tests'>
request = <SubRequest 'db_session' for <Coroutine test_report_increments_count>>

    @pytest.hookimpl(wrapper=True)
    def pytest_fixture_setup(fixturedef: FixtureDef, request) -> object | None:
        asyncio_mode = _get_asyncio_mode(request.config)
        if not _is_asyncio_fixture_function(fixturedef.func):
            if asyncio_mode == Mode.STRICT:
                # Ignore async fixtures without explicit asyncio mark in strict mode
                # This applies to pytest_trio fixtures, for example
>               return (yield)
                        ^^^^^
E               pytest.PytestRemovedIn9Warning: 'test_report_increments_count' requested an async fixture 'db_session', with no plugin or hook that handled it. This is usually an error, as pytest does not natively support it. This will turn into an error in pytest 9.
E               See: https://docs.pytest.org/en/stable/deprecations.html#sync-test-depending-on-async-fixture

C:\Users\joshi\AppData\Local\Programs\Python\Python313\Lib\site-packages\pytest_asyncio\plugin.py:728: PytestRemovedIn9Warning
______ ERROR at setup of TestReputationEndpoints.test_check_after_report ______

self = <Coroutine test_check_after_report>

    def setup(self) -> None:
        runner_fixture_id = f"_{self._loop_scope}_scoped_runner"
        if runner_fixture_id not in self.fixturenames:
            self.fixturenames.append(runner_fixture_id)
>       return super().setup()
               ^^^^^^^^^^^^^^^

C:\Users\joshi\AppData\Local\Programs\Python\Python313\Lib\site-packages\pytest_asyncio\plugin.py:458: 
_ _ _ _ _ _ _ _ _ _ _ _ _ _ _ _ _ _ _ _ _ _ _ _ _ _ _ _ _ _ _ _ _ _ _ _ _ _ _ _

fixturedef = <FixtureDef argname='db_session' scope='function' baseid='tests'>
request = <SubRequest 'db_session' for <Coroutine test_check_after_report>>

    @pytest.hookimpl(wrapper=True)
    def pytest_fixture_setup(fixturedef: FixtureDef, request) -> object | None:
        asyncio_mode = _get_asyncio_mode(request.config)
        if not _is_asyncio_fixture_function(fixturedef.func):
            if asyncio_mode == Mode.STRICT:
                # Ignore async fixtures without explicit asyncio mark in strict mode
                # This applies to pytest_trio fixtures, for example
>               return (yield)
                        ^^^^^
E               pytest.PytestRemovedIn9Warning: 'test_check_after_report' requested an async fixture 'db_session', with no plugin or hook that handled it. This is usually an error, as pytest does not natively support it. This will turn into an error in pytest 9.
E               See: https://docs.pytest.org/en/stable/deprecations.html#sync-test-depending-on-async-fixture

C:\Users\joshi\AppData\Local\Programs\Python\Python313\Lib\site-packages\pytest_asyncio\plugin.py:728: PytestRemovedIn9Warning
______ ERROR at setup of TestReputationEndpoints.test_get_recent_reports ______

self = <Coroutine test_get_recent_reports>

    def setup(self) -> None:
        runner_fixture_id = f"_{self._loop_scope}_scoped_runner"
        if runner_fixture_id not in self.fixturenames:
            self.fixturenames.append(runner_fixture_id)
>       return super().setup()
               ^^^^^^^^^^^^^^^

C:\Users\joshi\AppData\Local\Programs\Python\Python313\Lib\site-packages\pytest_asyncio\plugin.py:458: 
_ _ _ _ _ _ _ _ _ _ _ _ _ _ _ _ _ _ _ _ _ _ _ _ _ _ _ _ _ _ _ _ _ _ _ _ _ _ _ _

fixturedef = <FixtureDef argname='db_session' scope='function' baseid='tests'>
request = <SubRequest 'db_session' for <Coroutine test_get_recent_reports>>

    @pytest.hookimpl(wrapper=True)
    def pytest_fixture_setup(fixturedef: FixtureDef, request) -> object | None:
        asyncio_mode = _get_asyncio_mode(request.config)
        if not _is_asyncio_fixture_function(fixturedef.func):
            if asyncio_mode == Mode.STRICT:
                # Ignore async fixtures without explicit asyncio mark in strict mode
                # This applies to pytest_trio fixtures, for example
>               return (yield)
                        ^^^^^
E               pytest.PytestRemovedIn9Warning: 'test_get_recent_reports' requested an async fixture 'db_session', with no plugin or hook that handled it. This is usually an error, as pytest does not natively support it. This will turn into an error in pytest 9.
E               See: https://docs.pytest.org/en/stable/deprecations.html#sync-test-depending-on-async-fixture

C:\Users\joshi\AppData\Local\Programs\Python\Python313\Lib\site-packages\pytest_asyncio\plugin.py:728: PytestRemovedIn9Warning
_ ERROR at setup of TestReputationEndpoints.test_get_recent_filtered_by_type __

self = <Coroutine test_get_recent_filtered_by_type>

    def setup(self) -> None:
        runner_fixture_id = f"_{self._loop_scope}_scoped_runner"
        if runner_fixture_id not in self.fixturenames:
            self.fixturenames.append(runner_fixture_id)
>       return super().setup()
               ^^^^^^^^^^^^^^^

C:\Users\joshi\AppData\Local\Programs\Python\Python313\Lib\site-packages\pytest_asyncio\plugin.py:458: 
_ _ _ _ _ _ _ _ _ _ _ _ _ _ _ _ _ _ _ _ _ _ _ _ _ _ _ _ _ _ _ _ _ _ _ _ _ _ _ _

fixturedef = <FixtureDef argname='db_session' scope='function' baseid='tests'>
request = <SubRequest 'db_session' for <Coroutine test_get_recent_filtered_by_type>>

    @pytest.hookimpl(wrapper=True)
    def pytest_fixture_setup(fixturedef: FixtureDef, request) -> object | None:
        asyncio_mode = _get_asyncio_mode(request.config)
        if not _is_asyncio_fixture_function(fixturedef.func):
            if asyncio_mode == Mode.STRICT:
                # Ignore async fixtures without explicit asyncio mark in strict mode
                # This applies to pytest_trio fixtures, for example
>               return (yield)
                        ^^^^^
E               pytest.PytestRemovedIn9Warning: 'test_get_recent_filtered_by_type' requested an async fixture 'db_session', with no plugin or hook that handled it. This is usually an error, as pytest does not natively support it. This will turn into an error in pytest 9.
E               See: https://docs.pytest.org/en/stable/deprecations.html#sync-test-depending-on-async-fixture

C:\Users\joshi\AppData\Local\Programs\Python\Python313\Lib\site-packages\pytest_asyncio\plugin.py:728: PytestRemovedIn9Warning
______ ERROR at setup of TestReputationEndpoints.test_get_verified_scams ______

self = <Coroutine test_get_verified_scams>

    def setup(self) -> None:
        runner_fixture_id = f"_{self._loop_scope}_scoped_runner"
        if runner_fixture_id not in self.fixturenames:
            self.fixturenames.append(runner_fixture_id)
>       return super().setup()
               ^^^^^^^^^^^^^^^

C:\Users\joshi\AppData\Local\Programs\Python\Python313\Lib\site-packages\pytest_asyncio\plugin.py:458: 
_ _ _ _ _ _ _ _ _ _ _ _ _ _ _ _ _ _ _ _ _ _ _ _ _ _ _ _ _ _ _ _ _ _ _ _ _ _ _ _

fixturedef = <FixtureDef argname='db_session' scope='function' baseid='tests'>
request = <SubRequest 'db_session' for <Coroutine test_get_verified_scams>>

    @pytest.hookimpl(wrapper=True)
    def pytest_fixture_setup(fixturedef: FixtureDef, request) -> object | None:
        asyncio_mode = _get_asyncio_mode(request.config)
        if not _is_asyncio_fixture_function(fixturedef.func):
            if asyncio_mode == Mode.STRICT:
                # Ignore async fixtures without explicit asyncio mark in strict mode
                # This applies to pytest_trio fixtures, for example
>               return (yield)
                        ^^^^^
E               pytest.PytestRemovedIn9Warning: 'test_get_verified_scams' requested an async fixture 'db_session', with no plugin or hook that handled it. This is usually an error, as pytest does not natively support it. This will turn into an error in pytest 9.
E               See: https://docs.pytest.org/en/stable/deprecations.html#sync-test-depending-on-async-fixture

C:\Users\joshi\AppData\Local\Programs\Python\Python313\Lib\site-packages\pytest_asyncio\plugin.py:728: PytestRemovedIn9Warning
______ ERROR at setup of TestReputationEndpoints.test_reputation_no_auth ______

self = <Coroutine test_reputation_no_auth>

    def setup(self) -> None:
        runner_fixture_id = f"_{self._loop_scope}_scoped_runner"
        if runner_fixture_id not in self.fixturenames:
            self.fixturenames.append(runner_fixture_id)
>       return super().setup()
               ^^^^^^^^^^^^^^^

C:\Users\joshi\AppData\Local\Programs\Python\Python313\Lib\site-packages\pytest_asyncio\plugin.py:458: 
_ _ _ _ _ _ _ _ _ _ _ _ _ _ _ _ _ _ _ _ _ _ _ _ _ _ _ _ _ _ _ _ _ _ _ _ _ _ _ _

fixturedef = <FixtureDef argname='db_session' scope='function' baseid='tests'>
request = <SubRequest 'db_session' for <Coroutine test_reputation_no_auth>>

    @pytest.hookimpl(wrapper=True)
    def pytest_fixture_setup(fixturedef: FixtureDef, request) -> object | None:
        asyncio_mode = _get_asyncio_mode(request.config)
        if not _is_asyncio_fixture_function(fixturedef.func):
            if asyncio_mode == Mode.STRICT:
                # Ignore async fixtures without explicit asyncio mark in strict mode
                # This applies to pytest_trio fixtures, for example
>               return (yield)
                        ^^^^^
E               pytest.PytestRemovedIn9Warning: 'test_reputation_no_auth' requested an async fixture 'db_session', with no plugin or hook that handled it. This is usually an error, as pytest does not natively support it. This will turn into an error in pytest 9.
E               See: https://docs.pytest.org/en/stable/deprecations.html#sync-test-depending-on-async-fixture

C:\Users\joshi\AppData\Local\Programs\Python\Python313\Lib\site-packages\pytest_asyncio\plugin.py:728: PytestRemovedIn9Warning
________ ERROR at setup of TestScanEndpoints.test_analyze_text_message ________

self = <Coroutine test_analyze_text_message>

    def setup(self) -> None:
        runner_fixture_id = f"_{self._loop_scope}_scoped_runner"
        if runner_fixture_id not in self.fixturenames:
            self.fixturenames.append(runner_fixture_id)
>       return super().setup()
               ^^^^^^^^^^^^^^^

C:\Users\joshi\AppData\Local\Programs\Python\Python313\Lib\site-packages\pytest_asyncio\plugin.py:458: 
_ _ _ _ _ _ _ _ _ _ _ _ _ _ _ _ _ _ _ _ _ _ _ _ _ _ _ _ _ _ _ _ _ _ _ _ _ _ _ _

fixturedef = <FixtureDef argname='db_session' scope='function' baseid='tests'>
request = <SubRequest 'db_session' for <Coroutine test_analyze_text_message>>

    @pytest.hookimpl(wrapper=True)
    def pytest_fixture_setup(fixturedef: FixtureDef, request) -> object | None:
        asyncio_mode = _get_asyncio_mode(request.config)
        if not _is_asyncio_fixture_function(fixturedef.func):
            if asyncio_mode == Mode.STRICT:
                # Ignore async fixtures without explicit asyncio mark in strict mode
                # This applies to pytest_trio fixtures, for example
>               return (yield)
                        ^^^^^
E               pytest.PytestRemovedIn9Warning: 'test_analyze_text_message' requested an async fixture 'db_session', with no plugin or hook that handled it. This is usually an error, as pytest does not natively support it. This will turn into an error in pytest 9.
E               See: https://docs.pytest.org/en/stable/deprecations.html#sync-test-depending-on-async-fixture

C:\Users\joshi\AppData\Local\Programs\Python\Python313\Lib\site-packages\pytest_asyncio\plugin.py:728: PytestRemovedIn9Warning
_____ ERROR at setup of TestScanEndpoints.test_analyze_high_risk_message ______

self = <Coroutine test_analyze_high_risk_message>

    def setup(self) -> None:
        runner_fixture_id = f"_{self._loop_scope}_scoped_runner"
        if runner_fixture_id not in self.fixturenames:
            self.fixturenames.append(runner_fixture_id)
>       return super().setup()
               ^^^^^^^^^^^^^^^

C:\Users\joshi\AppData\Local\Programs\Python\Python313\Lib\site-packages\pytest_asyncio\plugin.py:458: 
_ _ _ _ _ _ _ _ _ _ _ _ _ _ _ _ _ _ _ _ _ _ _ _ _ _ _ _ _ _ _ _ _ _ _ _ _ _ _ _

fixturedef = <FixtureDef argname='db_session' scope='function' baseid='tests'>
request = <SubRequest 'db_session' for <Coroutine test_analyze_high_risk_message>>

    @pytest.hookimpl(wrapper=True)
    def pytest_fixture_setup(fixturedef: FixtureDef, request) -> object | None:
        asyncio_mode = _get_asyncio_mode(request.config)
        if not _is_asyncio_fixture_function(fixturedef.func):
            if asyncio_mode == Mode.STRICT:
                # Ignore async fixtures without explicit asyncio mark in strict mode
                # This applies to pytest_trio fixtures, for example
>               return (yield)
                        ^^^^^
E               pytest.PytestRemovedIn9Warning: 'test_analyze_high_risk_message' requested an async fixture 'db_session', with no plugin or hook that handled it. This is usually an error, as pytest does not natively support it. This will turn into an error in pytest 9.
E               See: https://docs.pytest.org/en/stable/deprecations.html#sync-test-depending-on-async-fixture

C:\Users\joshi\AppData\Local\Programs\Python\Python313\Lib\site-packages\pytest_asyncio\plugin.py:728: PytestRemovedIn9Warning
__________ ERROR at setup of TestScanEndpoints.test_get_scan_history __________

self = <Coroutine test_get_scan_history>

    def setup(self) -> None:
        runner_fixture_id = f"_{self._loop_scope}_scoped_runner"
        if runner_fixture_id not in self.fixturenames:
            self.fixturenames.append(runner_fixture_id)
>       return super().setup()
               ^^^^^^^^^^^^^^^

C:\Users\joshi\AppData\Local\Programs\Python\Python313\Lib\site-packages\pytest_asyncio\plugin.py:458: 
_ _ _ _ _ _ _ _ _ _ _ _ _ _ _ _ _ _ _ _ _ _ _ _ _ _ _ _ _ _ _ _ _ _ _ _ _ _ _ _

fixturedef = <FixtureDef argname='db_session' scope='function' baseid='tests'>
request = <SubRequest 'db_session' for <Coroutine test_get_scan_history>>

    @pytest.hookimpl(wrapper=True)
    def pytest_fixture_setup(fixturedef: FixtureDef, request) -> object | None:
        asyncio_mode = _get_asyncio_mode(request.config)
        if not _is_asyncio_fixture_function(fixturedef.func):
            if asyncio_mode == Mode.STRICT:
                # Ignore async fixtures without explicit asyncio mark in strict mode
                # This applies to pytest_trio fixtures, for example
>               return (yield)
                        ^^^^^
E               pytest.PytestRemovedIn9Warning: 'test_get_scan_history' requested an async fixture 'db_session', with no plugin or hook that handled it. This is usually an error, as pytest does not natively support it. This will turn into an error in pytest 9.
E               See: https://docs.pytest.org/en/stable/deprecations.html#sync-test-depending-on-async-fixture

C:\Users\joshi\AppData\Local\Programs\Python\Python313\Lib\site-packages\pytest_asyncio\plugin.py:728: PytestRemovedIn9Warning
__________ ERROR at setup of TestScanEndpoints.test_get_scan_detail ___________

self = <Coroutine test_get_scan_detail>

    def setup(self) -> None:
        runner_fixture_id = f"_{self._loop_scope}_scoped_runner"
        if runner_fixture_id not in self.fixturenames:
            self.fixturenames.append(runner_fixture_id)
>       return super().setup()
               ^^^^^^^^^^^^^^^

C:\Users\joshi\AppData\Local\Programs\Python\Python313\Lib\site-packages\pytest_asyncio\plugin.py:458: 
_ _ _ _ _ _ _ _ _ _ _ _ _ _ _ _ _ _ _ _ _ _ _ _ _ _ _ _ _ _ _ _ _ _ _ _ _ _ _ _

fixturedef = <FixtureDef argname='db_session' scope='function' baseid='tests'>
request = <SubRequest 'db_session' for <Coroutine test_get_scan_detail>>

    @pytest.hookimpl(wrapper=True)
    def pytest_fixture_setup(fixturedef: FixtureDef, request) -> object | None:
        asyncio_mode = _get_asyncio_mode(request.config)
        if not _is_asyncio_fixture_function(fixturedef.func):
            if asyncio_mode == Mode.STRICT:
                # Ignore async fixtures without explicit asyncio mark in strict mode
                # This applies to pytest_trio fixtures, for example
>               return (yield)
                        ^^^^^
E               pytest.PytestRemovedIn9Warning: 'test_get_scan_detail' requested an async fixture 'db_session', with no plugin or hook that handled it. This is usually an error, as pytest does not natively support it. This will turn into an error in pytest 9.
E               See: https://docs.pytest.org/en/stable/deprecations.html#sync-test-depending-on-async-fixture

C:\Users\joshi\AppData\Local\Programs\Python\Python313\Lib\site-packages\pytest_asyncio\plugin.py:728: PytestRemovedIn9Warning
________ ERROR at setup of TestScanEndpoints.test_mark_false_positive _________

self = <Coroutine test_mark_false_positive>

    def setup(self) -> None:
        runner_fixture_id = f"_{self._loop_scope}_scoped_runner"
        if runner_fixture_id not in self.fixturenames:
            self.fixturenames.append(runner_fixture_id)
>       return super().setup()
               ^^^^^^^^^^^^^^^

C:\Users\joshi\AppData\Local\Programs\Python\Python313\Lib\site-packages\pytest_asyncio\plugin.py:458: 
_ _ _ _ _ _ _ _ _ _ _ _ _ _ _ _ _ _ _ _ _ _ _ _ _ _ _ _ _ _ _ _ _ _ _ _ _ _ _ _

fixturedef = <FixtureDef argname='db_session' scope='function' baseid='tests'>
request = <SubRequest 'db_session' for <Coroutine test_mark_false_positive>>

    @pytest.hookimpl(wrapper=True)
    def pytest_fixture_setup(fixturedef: FixtureDef, request) -> object | None:
        asyncio_mode = _get_asyncio_mode(request.config)
        if not _is_asyncio_fixture_function(fixturedef.func):
            if asyncio_mode == Mode.STRICT:
                # Ignore async fixtures without explicit asyncio mark in strict mode
                # This applies to pytest_trio fixtures, for example
>               return (yield)
                        ^^^^^
E               pytest.PytestRemovedIn9Warning: 'test_mark_false_positive' requested an async fixture 'db_session', with no plugin or hook that handled it. This is usually an error, as pytest does not natively support it. This will turn into an error in pytest 9.
E               See: https://docs.pytest.org/en/stable/deprecations.html#sync-test-depending-on-async-fixture

C:\Users\joshi\AppData\Local\Programs\Python\Python313\Lib\site-packages\pytest_asyncio\plugin.py:728: PytestRemovedIn9Warning
_______ ERROR at setup of TestScanEndpoints.test_analyze_empty_message ________

self = <Coroutine test_analyze_empty_message>

    def setup(self) -> None:
        runner_fixture_id = f"_{self._loop_scope}_scoped_runner"
        if runner_fixture_id not in self.fixturenames:
            self.fixturenames.append(runner_fixture_id)
>       return super().setup()
               ^^^^^^^^^^^^^^^

C:\Users\joshi\AppData\Local\Programs\Python\Python313\Lib\site-packages\pytest_asyncio\plugin.py:458: 
_ _ _ _ _ _ _ _ _ _ _ _ _ _ _ _ _ _ _ _ _ _ _ _ _ _ _ _ _ _ _ _ _ _ _ _ _ _ _ _

fixturedef = <FixtureDef argname='db_session' scope='function' baseid='tests'>
request = <SubRequest 'db_session' for <Coroutine test_analyze_empty_message>>

    @pytest.hookimpl(wrapper=True)
    def pytest_fixture_setup(fixturedef: FixtureDef, request) -> object | None:
        asyncio_mode = _get_asyncio_mode(request.config)
        if not _is_asyncio_fixture_function(fixturedef.func):
            if asyncio_mode == Mode.STRICT:
                # Ignore async fixtures without explicit asyncio mark in strict mode
                # This applies to pytest_trio fixtures, for example
>               return (yield)
                        ^^^^^
E               pytest.PytestRemovedIn9Warning: 'test_analyze_empty_message' requested an async fixture 'db_session', with no plugin or hook that handled it. This is usually an error, as pytest does not natively support it. This will turn into an error in pytest 9.
E               See: https://docs.pytest.org/en/stable/deprecations.html#sync-test-depending-on-async-fixture

C:\Users\joshi\AppData\Local\Programs\Python\Python313\Lib\site-packages\pytest_asyncio\plugin.py:728: PytestRemovedIn9Warning
____________ ERROR at setup of TestScanEndpoints.test_scan_no_auth ____________

self = <Coroutine test_scan_no_auth>

    def setup(self) -> None:
        runner_fixture_id = f"_{self._loop_scope}_scoped_runner"
        if runner_fixture_id not in self.fixturenames:
            self.fixturenames.append(runner_fixture_id)
>       return super().setup()
               ^^^^^^^^^^^^^^^

C:\Users\joshi\AppData\Local\Programs\Python\Python313\Lib\site-packages\pytest_asyncio\plugin.py:458: 
_ _ _ _ _ _ _ _ _ _ _ _ _ _ _ _ _ _ _ _ _ _ _ _ _ _ _ _ _ _ _ _ _ _ _ _ _ _ _ _

fixturedef = <FixtureDef argname='db_session' scope='function' baseid='tests'>
request = <SubRequest 'db_session' for <Coroutine test_scan_no_auth>>

    @pytest.hookimpl(wrapper=True)
    def pytest_fixture_setup(fixturedef: FixtureDef, request) -> object | None:
        asyncio_mode = _get_asyncio_mode(request.config)
        if not _is_asyncio_fixture_function(fixturedef.func):
            if asyncio_mode == Mode.STRICT:
                # Ignore async fixtures without explicit asyncio mark in strict mode
                # This applies to pytest_trio fixtures, for example
>               return (yield)
                        ^^^^^
E               pytest.PytestRemovedIn9Warning: 'test_scan_no_auth' requested an async fixture 'db_session', with no plugin or hook that handled it. This is usually an error, as pytest does not natively support it. This will turn into an error in pytest 9.
E               See: https://docs.pytest.org/en/stable/deprecations.html#sync-test-depending-on-async-fixture

C:\Users\joshi\AppData\Local\Programs\Python\Python313\Lib\site-packages\pytest_asyncio\plugin.py:728: PytestRemovedIn9Warning
______ ERROR at setup of TestSmsAnalysisEndpoints.test_analyze_sms_safe _______

self = <Coroutine test_analyze_sms_safe>

    def setup(self) -> None:
        runner_fixture_id = f"_{self._loop_scope}_scoped_runner"
        if runner_fixture_id not in self.fixturenames:
            self.fixturenames.append(runner_fixture_id)
>       return super().setup()
               ^^^^^^^^^^^^^^^

C:\Users\joshi\AppData\Local\Programs\Python\Python313\Lib\site-packages\pytest_asyncio\plugin.py:458: 
_ _ _ _ _ _ _ _ _ _ _ _ _ _ _ _ _ _ _ _ _ _ _ _ _ _ _ _ _ _ _ _ _ _ _ _ _ _ _ _

fixturedef = <FixtureDef argname='db_session' scope='function' baseid='tests'>
request = <SubRequest 'db_session' for <Coroutine test_analyze_sms_safe>>

    @pytest.hookimpl(wrapper=True)
    def pytest_fixture_setup(fixturedef: FixtureDef, request) -> object | None:
        asyncio_mode = _get_asyncio_mode(request.config)
        if not _is_asyncio_fixture_function(fixturedef.func):
            if asyncio_mode == Mode.STRICT:
                # Ignore async fixtures without explicit asyncio mark in strict mode
                # This applies to pytest_trio fixtures, for example
>               return (yield)
                        ^^^^^
E               pytest.PytestRemovedIn9Warning: 'test_analyze_sms_safe' requested an async fixture 'db_session', with no plugin or hook that handled it. This is usually an error, as pytest does not natively support it. This will turn into an error in pytest 9.
E               See: https://docs.pytest.org/en/stable/deprecations.html#sync-test-depending-on-async-fixture

C:\Users\joshi\AppData\Local\Programs\Python\Python313\Lib\site-packages\pytest_asyncio\plugin.py:728: PytestRemovedIn9Warning
__ ERROR at setup of TestSmsAnalysisEndpoints.test_analyze_sms_scam_patterns __

self = <Coroutine test_analyze_sms_scam_patterns>

    def setup(self) -> None:
        runner_fixture_id = f"_{self._loop_scope}_scoped_runner"
        if runner_fixture_id not in self.fixturenames:
            self.fixturenames.append(runner_fixture_id)
>       return super().setup()
               ^^^^^^^^^^^^^^^

C:\Users\joshi\AppData\Local\Programs\Python\Python313\Lib\site-packages\pytest_asyncio\plugin.py:458: 
_ _ _ _ _ _ _ _ _ _ _ _ _ _ _ _ _ _ _ _ _ _ _ _ _ _ _ _ _ _ _ _ _ _ _ _ _ _ _ _

fixturedef = <FixtureDef argname='db_session' scope='function' baseid='tests'>
request = <SubRequest 'db_session' for <Coroutine test_analyze_sms_scam_patterns>>

    @pytest.hookimpl(wrapper=True)
    def pytest_fixture_setup(fixturedef: FixtureDef, request) -> object | None:
        asyncio_mode = _get_asyncio_mode(request.config)
        if not _is_asyncio_fixture_function(fixturedef.func):
            if asyncio_mode == Mode.STRICT:
                # Ignore async fixtures without explicit asyncio mark in strict mode
                # This applies to pytest_trio fixtures, for example
>               return (yield)
                        ^^^^^
E               pytest.PytestRemovedIn9Warning: 'test_analyze_sms_scam_patterns' requested an async fixture 'db_session', with no plugin or hook that handled it. This is usually an error, as pytest does not natively support it. This will turn into an error in pytest 9.
E               See: https://docs.pytest.org/en/stable/deprecations.html#sync-test-depending-on-async-fixture

C:\Users\joshi\AppData\Local\Programs\Python\Python313\Lib\site-packages\pytest_asyncio\plugin.py:728: PytestRemovedIn9Warning
__ ERROR at setup of TestSmsAnalysisEndpoints.test_analyze_sms_creates_scan ___

self = <Coroutine test_analyze_sms_creates_scan>

    def setup(self) -> None:
        runner_fixture_id = f"_{self._loop_scope}_scoped_runner"
        if runner_fixture_id not in self.fixturenames:
            self.fixturenames.append(runner_fixture_id)
>       return super().setup()
               ^^^^^^^^^^^^^^^

C:\Users\joshi\AppData\Local\Programs\Python\Python313\Lib\site-packages\pytest_asyncio\plugin.py:458: 
_ _ _ _ _ _ _ _ _ _ _ _ _ _ _ _ _ _ _ _ _ _ _ _ _ _ _ _ _ _ _ _ _ _ _ _ _ _ _ _

fixturedef = <FixtureDef argname='db_session' scope='function' baseid='tests'>
request = <SubRequest 'db_session' for <Coroutine test_analyze_sms_creates_scan>>

    @pytest.hookimpl(wrapper=True)
    def pytest_fixture_setup(fixturedef: FixtureDef, request) -> object | None:
        asyncio_mode = _get_asyncio_mode(request.config)
        if not _is_asyncio_fixture_function(fixturedef.func):
            if asyncio_mode == Mode.STRICT:
                # Ignore async fixtures without explicit asyncio mark in strict mode
                # This applies to pytest_trio fixtures, for example
>               return (yield)
                        ^^^^^
E               pytest.PytestRemovedIn9Warning: 'test_analyze_sms_creates_scan' requested an async fixture 'db_session', with no plugin or hook that handled it. This is usually an error, as pytest does not natively support it. This will turn into an error in pytest 9.
E               See: https://docs.pytest.org/en/stable/deprecations.html#sync-test-depending-on-async-fixture

C:\Users\joshi\AppData\Local\Programs\Python\Python313\Lib\site-packages\pytest_asyncio\plugin.py:728: PytestRemovedIn9Warning
_______ ERROR at setup of TestSmsAnalysisEndpoints.test_get_recent_sms ________

self = <Coroutine test_get_recent_sms>

    def setup(self) -> None:
        runner_fixture_id = f"_{self._loop_scope}_scoped_runner"
        if runner_fixture_id not in self.fixturenames:
            self.fixturenames.append(runner_fixture_id)
>       return super().setup()
               ^^^^^^^^^^^^^^^

C:\Users\joshi\AppData\Local\Programs\Python\Python313\Lib\site-packages\pytest_asyncio\plugin.py:458: 
_ _ _ _ _ _ _ _ _ _ _ _ _ _ _ _ _ _ _ _ _ _ _ _ _ _ _ _ _ _ _ _ _ _ _ _ _ _ _ _

fixturedef = <FixtureDef argname='db_session' scope='function' baseid='tests'>
request = <SubRequest 'db_session' for <Coroutine test_get_recent_sms>>

    @pytest.hookimpl(wrapper=True)
    def pytest_fixture_setup(fixturedef: FixtureDef, request) -> object | None:
        asyncio_mode = _get_asyncio_mode(request.config)
        if not _is_asyncio_fixture_function(fixturedef.func):
            if asyncio_mode == Mode.STRICT:
                # Ignore async fixtures without explicit asyncio mark in strict mode
                # This applies to pytest_trio fixtures, for example
>               return (yield)
                        ^^^^^
E               pytest.PytestRemovedIn9Warning: 'test_get_recent_sms' requested an async fixture 'db_session', with no plugin or hook that handled it. This is usually an error, as pytest does not natively support it. This will turn into an error in pytest 9.
E               See: https://docs.pytest.org/en/stable/deprecations.html#sync-test-depending-on-async-fixture

C:\Users\joshi\AppData\Local\Programs\Python\Python313\Lib\site-packages\pytest_asyncio\plugin.py:728: PytestRemovedIn9Warning
__ ERROR at setup of TestSmsAnalysisEndpoints.test_get_recent_sms_with_limit __

self = <Coroutine test_get_recent_sms_with_limit>

    def setup(self) -> None:
        runner_fixture_id = f"_{self._loop_scope}_scoped_runner"
        if runner_fixture_id not in self.fixturenames:
            self.fixturenames.append(runner_fixture_id)
>       return super().setup()
               ^^^^^^^^^^^^^^^

C:\Users\joshi\AppData\Local\Programs\Python\Python313\Lib\site-packages\pytest_asyncio\plugin.py:458: 
_ _ _ _ _ _ _ _ _ _ _ _ _ _ _ _ _ _ _ _ _ _ _ _ _ _ _ _ _ _ _ _ _ _ _ _ _ _ _ _

fixturedef = <FixtureDef argname='db_session' scope='function' baseid='tests'>
request = <SubRequest 'db_session' for <Coroutine test_get_recent_sms_with_limit>>

    @pytest.hookimpl(wrapper=True)
    def pytest_fixture_setup(fixturedef: FixtureDef, request) -> object | None:
        asyncio_mode = _get_asyncio_mode(request.config)
        if not _is_asyncio_fixture_function(fixturedef.func):
            if asyncio_mode == Mode.STRICT:
                # Ignore async fixtures without explicit asyncio mark in strict mode
                # This applies to pytest_trio fixtures, for example
>               return (yield)
                        ^^^^^
E               pytest.PytestRemovedIn9Warning: 'test_get_recent_sms_with_limit' requested an async fixture 'db_session', with no plugin or hook that handled it. This is usually an error, as pytest does not natively support it. This will turn into an error in pytest 9.
E               See: https://docs.pytest.org/en/stable/deprecations.html#sync-test-depending-on-async-fixture

C:\Users\joshi\AppData\Local\Programs\Python\Python313\Lib\site-packages\pytest_asyncio\plugin.py:728: PytestRemovedIn9Warning
________ ERROR at setup of TestSmsAnalysisEndpoints.test_block_sender _________

self = <Coroutine test_block_sender>

    def setup(self) -> None:
        runner_fixture_id = f"_{self._loop_scope}_scoped_runner"
        if runner_fixture_id not in self.fixturenames:
            self.fixturenames.append(runner_fixture_id)
>       return super().setup()
               ^^^^^^^^^^^^^^^

C:\Users\joshi\AppData\Local\Programs\Python\Python313\Lib\site-packages\pytest_asyncio\plugin.py:458: 
_ _ _ _ _ _ _ _ _ _ _ _ _ _ _ _ _ _ _ _ _ _ _ _ _ _ _ _ _ _ _ _ _ _ _ _ _ _ _ _

fixturedef = <FixtureDef argname='db_session' scope='function' baseid='tests'>
request = <SubRequest 'db_session' for <Coroutine test_block_sender>>

    @pytest.hookimpl(wrapper=True)
    def pytest_fixture_setup(fixturedef: FixtureDef, request) -> object | None:
        asyncio_mode = _get_asyncio_mode(request.config)
        if not _is_asyncio_fixture_function(fixturedef.func):
            if asyncio_mode == Mode.STRICT:
                # Ignore async fixtures without explicit asyncio mark in strict mode
                # This applies to pytest_trio fixtures, for example
>               return (yield)
                        ^^^^^
E               pytest.PytestRemovedIn9Warning: 'test_block_sender' requested an async fixture 'db_session', with no plugin or hook that handled it. This is usually an error, as pytest does not natively support it. This will turn into an error in pytest 9.
E               See: https://docs.pytest.org/en/stable/deprecations.html#sync-test-depending-on-async-fixture

C:\Users\joshi\AppData\Local\Programs\Python\Python313\Lib\site-packages\pytest_asyncio\plugin.py:728: PytestRemovedIn9Warning
_______ ERROR at setup of TestSmsAnalysisEndpoints.test_unblock_sender ________

self = <Coroutine test_unblock_sender>

    def setup(self) -> None:
        runner_fixture_id = f"_{self._loop_scope}_scoped_runner"
        if runner_fixture_id not in self.fixturenames:
            self.fixturenames.append(runner_fixture_id)
>       return super().setup()
               ^^^^^^^^^^^^^^^

C:\Users\joshi\AppData\Local\Programs\Python\Python313\Lib\site-packages\pytest_asyncio\plugin.py:458: 
_ _ _ _ _ _ _ _ _ _ _ _ _ _ _ _ _ _ _ _ _ _ _ _ _ _ _ _ _ _ _ _ _ _ _ _ _ _ _ _

fixturedef = <FixtureDef argname='db_session' scope='function' baseid='tests'>
request = <SubRequest 'db_session' for <Coroutine test_unblock_sender>>

    @pytest.hookimpl(wrapper=True)
    def pytest_fixture_setup(fixturedef: FixtureDef, request) -> object | None:
        asyncio_mode = _get_asyncio_mode(request.config)
        if not _is_asyncio_fixture_function(fixturedef.func):
            if asyncio_mode == Mode.STRICT:
                # Ignore async fixtures without explicit asyncio mark in strict mode
                # This applies to pytest_trio fixtures, for example
>               return (yield)
                        ^^^^^
E               pytest.PytestRemovedIn9Warning: 'test_unblock_sender' requested an async fixture 'db_session', with no plugin or hook that handled it. This is usually an error, as pytest does not natively support it. This will turn into an error in pytest 9.
E               See: https://docs.pytest.org/en/stable/deprecations.html#sync-test-depending-on-async-fixture

C:\Users\joshi\AppData\Local\Programs\Python\Python313\Lib\site-packages\pytest_asyncio\plugin.py:728: PytestRemovedIn9Warning
_____ ERROR at setup of TestSmsAnalysisEndpoints.test_get_blocked_senders _____

self = <Coroutine test_get_blocked_senders>

    def setup(self) -> None:
        runner_fixture_id = f"_{self._loop_scope}_scoped_runner"
        if runner_fixture_id not in self.fixturenames:
            self.fixturenames.append(runner_fixture_id)
>       return super().setup()
               ^^^^^^^^^^^^^^^

C:\Users\joshi\AppData\Local\Programs\Python\Python313\Lib\site-packages\pytest_asyncio\plugin.py:458: 
_ _ _ _ _ _ _ _ _ _ _ _ _ _ _ _ _ _ _ _ _ _ _ _ _ _ _ _ _ _ _ _ _ _ _ _ _ _ _ _

fixturedef = <FixtureDef argname='db_session' scope='function' baseid='tests'>
request = <SubRequest 'db_session' for <Coroutine test_get_blocked_senders>>

    @pytest.hookimpl(wrapper=True)
    def pytest_fixture_setup(fixturedef: FixtureDef, request) -> object | None:
        asyncio_mode = _get_asyncio_mode(request.config)
        if not _is_asyncio_fixture_function(fixturedef.func):
            if asyncio_mode == Mode.STRICT:
                # Ignore async fixtures without explicit asyncio mark in strict mode
                # This applies to pytest_trio fixtures, for example
>               return (yield)
                        ^^^^^
E               pytest.PytestRemovedIn9Warning: 'test_get_blocked_senders' requested an async fixture 'db_session', with no plugin or hook that handled it. This is usually an error, as pytest does not natively support it. This will turn into an error in pytest 9.
E               See: https://docs.pytest.org/en/stable/deprecations.html#sync-test-depending-on-async-fixture

C:\Users\joshi\AppData\Local\Programs\Python\Python313\Lib\site-packages\pytest_asyncio\plugin.py:728: PytestRemovedIn9Warning
________ ERROR at setup of TestSmsAnalysisEndpoints.test_get_sms_stats ________

self = <Coroutine test_get_sms_stats>

    def setup(self) -> None:
        runner_fixture_id = f"_{self._loop_scope}_scoped_runner"
        if runner_fixture_id not in self.fixturenames:
            self.fixturenames.append(runner_fixture_id)
>       return super().setup()
               ^^^^^^^^^^^^^^^

C:\Users\joshi\AppData\Local\Programs\Python\Python313\Lib\site-packages\pytest_asyncio\plugin.py:458: 
_ _ _ _ _ _ _ _ _ _ _ _ _ _ _ _ _ _ _ _ _ _ _ _ _ _ _ _ _ _ _ _ _ _ _ _ _ _ _ _

fixturedef = <FixtureDef argname='db_session' scope='function' baseid='tests'>
request = <SubRequest 'db_session' for <Coroutine test_get_sms_stats>>

    @pytest.hookimpl(wrapper=True)
    def pytest_fixture_setup(fixturedef: FixtureDef, request) -> object | None:
        asyncio_mode = _get_asyncio_mode(request.config)
        if not _is_asyncio_fixture_function(fixturedef.func):
            if asyncio_mode == Mode.STRICT:
                # Ignore async fixtures without explicit asyncio mark in strict mode
                # This applies to pytest_trio fixtures, for example
>               return (yield)
                        ^^^^^
E               pytest.PytestRemovedIn9Warning: 'test_get_sms_stats' requested an async fixture 'db_session', with no plugin or hook that handled it. This is usually an error, as pytest does not natively support it. This will turn into an error in pytest 9.
E               See: https://docs.pytest.org/en/stable/deprecations.html#sync-test-depending-on-async-fixture

C:\Users\joshi\AppData\Local\Programs\Python\Python313\Lib\site-packages\pytest_asyncio\plugin.py:728: PytestRemovedIn9Warning
_________ ERROR at setup of TestSmsAnalysisEndpoints.test_sms_no_auth _________

self = <Coroutine test_sms_no_auth>

    def setup(self) -> None:
        runner_fixture_id = f"_{self._loop_scope}_scoped_runner"
        if runner_fixture_id not in self.fixturenames:
            self.fixturenames.append(runner_fixture_id)
>       return super().setup()
               ^^^^^^^^^^^^^^^

C:\Users\joshi\AppData\Local\Programs\Python\Python313\Lib\site-packages\pytest_asyncio\plugin.py:458: 
_ _ _ _ _ _ _ _ _ _ _ _ _ _ _ _ _ _ _ _ _ _ _ _ _ _ _ _ _ _ _ _ _ _ _ _ _ _ _ _

fixturedef = <FixtureDef argname='db_session' scope='function' baseid='tests'>
request = <SubRequest 'db_session' for <Coroutine test_sms_no_auth>>

    @pytest.hookimpl(wrapper=True)
    def pytest_fixture_setup(fixturedef: FixtureDef, request) -> object | None:
        asyncio_mode = _get_asyncio_mode(request.config)
        if not _is_asyncio_fixture_function(fixturedef.func):
            if asyncio_mode == Mode.STRICT:
                # Ignore async fixtures without explicit asyncio mark in strict mode
                # This applies to pytest_trio fixtures, for example
>               return (yield)
                        ^^^^^
E               pytest.PytestRemovedIn9Warning: 'test_sms_no_auth' requested an async fixture 'db_session', with no plugin or hook that handled it. This is usually an error, as pytest does not natively support it. This will turn into an error in pytest 9.
E               See: https://docs.pytest.org/en/stable/deprecations.html#sync-test-depending-on-async-fixture

C:\Users\joshi\AppData\Local\Programs\Python\Python313\Lib\site-packages\pytest_asyncio\plugin.py:728: PytestRemovedIn9Warning
____ ERROR at setup of TestTrustedSenderEndpoints.test_list_trusted_empty _____

self = <Coroutine test_list_trusted_empty>

    def setup(self) -> None:
        runner_fixture_id = f"_{self._loop_scope}_scoped_runner"
        if runner_fixture_id not in self.fixturenames:
            self.fixturenames.append(runner_fixture_id)
>       return super().setup()
               ^^^^^^^^^^^^^^^

C:\Users\joshi\AppData\Local\Programs\Python\Python313\Lib\site-packages\pytest_asyncio\plugin.py:458: 
_ _ _ _ _ _ _ _ _ _ _ _ _ _ _ _ _ _ _ _ _ _ _ _ _ _ _ _ _ _ _ _ _ _ _ _ _ _ _ _

fixturedef = <FixtureDef argname='db_session' scope='function' baseid='tests'>
request = <SubRequest 'db_session' for <Coroutine test_list_trusted_empty>>

    @pytest.hookimpl(wrapper=True)
    def pytest_fixture_setup(fixturedef: FixtureDef, request) -> object | None:
        asyncio_mode = _get_asyncio_mode(request.config)
        if not _is_asyncio_fixture_function(fixturedef.func):
            if asyncio_mode == Mode.STRICT:
                # Ignore async fixtures without explicit asyncio mark in strict mode
                # This applies to pytest_trio fixtures, for example
>               return (yield)
                        ^^^^^
E               pytest.PytestRemovedIn9Warning: 'test_list_trusted_empty' requested an async fixture 'db_session', with no plugin or hook that handled it. This is usually an error, as pytest does not natively support it. This will turn into an error in pytest 9.
E               See: https://docs.pytest.org/en/stable/deprecations.html#sync-test-depending-on-async-fixture

C:\Users\joshi\AppData\Local\Programs\Python\Python313\Lib\site-packages\pytest_asyncio\plugin.py:728: PytestRemovedIn9Warning
____ ERROR at setup of TestTrustedSenderEndpoints.test_add_trusted_sender _____

self = <Coroutine test_add_trusted_sender>

    def setup(self) -> None:
        runner_fixture_id = f"_{self._loop_scope}_scoped_runner"
        if runner_fixture_id not in self.fixturenames:
            self.fixturenames.append(runner_fixture_id)
>       return super().setup()
               ^^^^^^^^^^^^^^^

C:\Users\joshi\AppData\Local\Programs\Python\Python313\Lib\site-packages\pytest_asyncio\plugin.py:458: 
_ _ _ _ _ _ _ _ _ _ _ _ _ _ _ _ _ _ _ _ _ _ _ _ _ _ _ _ _ _ _ _ _ _ _ _ _ _ _ _

fixturedef = <FixtureDef argname='db_session' scope='function' baseid='tests'>
request = <SubRequest 'db_session' for <Coroutine test_add_trusted_sender>>

    @pytest.hookimpl(wrapper=True)
    def pytest_fixture_setup(fixturedef: FixtureDef, request) -> object | None:
        asyncio_mode = _get_asyncio_mode(request.config)
        if not _is_asyncio_fixture_function(fixturedef.func):
            if asyncio_mode == Mode.STRICT:
                # Ignore async fixtures without explicit asyncio mark in strict mode
                # This applies to pytest_trio fixtures, for example
>               return (yield)
                        ^^^^^
E               pytest.PytestRemovedIn9Warning: 'test_add_trusted_sender' requested an async fixture 'db_session', with no plugin or hook that handled it. This is usually an error, as pytest does not natively support it. This will turn into an error in pytest 9.
E               See: https://docs.pytest.org/en/stable/deprecations.html#sync-test-depending-on-async-fixture

C:\Users\joshi\AppData\Local\Programs\Python\Python313\Lib\site-packages\pytest_asyncio\plugin.py:728: PytestRemovedIn9Warning
_ ERROR at setup of TestTrustedSenderEndpoints.test_add_trusted_sender_minimal _

self = <Coroutine test_add_trusted_sender_minimal>

    def setup(self) -> None:
        runner_fixture_id = f"_{self._loop_scope}_scoped_runner"
        if runner_fixture_id not in self.fixturenames:
            self.fixturenames.append(runner_fixture_id)
>       return super().setup()
               ^^^^^^^^^^^^^^^

C:\Users\joshi\AppData\Local\Programs\Python\Python313\Lib\site-packages\pytest_asyncio\plugin.py:458: 
_ _ _ _ _ _ _ _ _ _ _ _ _ _ _ _ _ _ _ _ _ _ _ _ _ _ _ _ _ _ _ _ _ _ _ _ _ _ _ _

fixturedef = <FixtureDef argname='db_session' scope='function' baseid='tests'>
request = <SubRequest 'db_session' for <Coroutine test_add_trusted_sender_minimal>>

    @pytest.hookimpl(wrapper=True)
    def pytest_fixture_setup(fixturedef: FixtureDef, request) -> object | None:
        asyncio_mode = _get_asyncio_mode(request.config)
        if not _is_asyncio_fixture_function(fixturedef.func):
            if asyncio_mode == Mode.STRICT:
                # Ignore async fixtures without explicit asyncio mark in strict mode
                # This applies to pytest_trio fixtures, for example
>               return (yield)
                        ^^^^^
E               pytest.PytestRemovedIn9Warning: 'test_add_trusted_sender_minimal' requested an async fixture 'db_session', with no plugin or hook that handled it. This is usually an error, as pytest does not natively support it. This will turn into an error in pytest 9.
E               See: https://docs.pytest.org/en/stable/deprecations.html#sync-test-depending-on-async-fixture

C:\Users\joshi\AppData\Local\Programs\Python\Python313\Lib\site-packages\pytest_asyncio\plugin.py:728: PytestRemovedIn9Warning
_ ERROR at setup of TestTrustedSenderEndpoints.test_add_duplicate_trusted_sender _

self = <Coroutine test_add_duplicate_trusted_sender>

    def setup(self) -> None:
        runner_fixture_id = f"_{self._loop_scope}_scoped_runner"
        if runner_fixture_id not in self.fixturenames:
            self.fixturenames.append(runner_fixture_id)
>       return super().setup()
               ^^^^^^^^^^^^^^^

C:\Users\joshi\AppData\Local\Programs\Python\Python313\Lib\site-packages\pytest_asyncio\plugin.py:458: 
_ _ _ _ _ _ _ _ _ _ _ _ _ _ _ _ _ _ _ _ _ _ _ _ _ _ _ _ _ _ _ _ _ _ _ _ _ _ _ _

fixturedef = <FixtureDef argname='db_session' scope='function' baseid='tests'>
request = <SubRequest 'db_session' for <Coroutine test_add_duplicate_trusted_sender>>

    @pytest.hookimpl(wrapper=True)
    def pytest_fixture_setup(fixturedef: FixtureDef, request) -> object | None:
        asyncio_mode = _get_asyncio_mode(request.config)
        if not _is_asyncio_fixture_function(fixturedef.func):
            if asyncio_mode == Mode.STRICT:
                # Ignore async fixtures without explicit asyncio mark in strict mode
                # This applies to pytest_trio fixtures, for example
>               return (yield)
                        ^^^^^
E               pytest.PytestRemovedIn9Warning: 'test_add_duplicate_trusted_sender' requested an async fixture 'db_session', with no plugin or hook that handled it. This is usually an error, as pytest does not natively support it. This will turn into an error in pytest 9.
E               See: https://docs.pytest.org/en/stable/deprecations.html#sync-test-depending-on-async-fixture

C:\Users\joshi\AppData\Local\Programs\Python\Python313\Lib\site-packages\pytest_asyncio\plugin.py:728: PytestRemovedIn9Warning
_ ERROR at setup of TestTrustedSenderEndpoints.test_list_trusted_after_adding _

self = <Coroutine test_list_trusted_after_adding>

    def setup(self) -> None:
        runner_fixture_id = f"_{self._loop_scope}_scoped_runner"
        if runner_fixture_id not in self.fixturenames:
            self.fixturenames.append(runner_fixture_id)
>       return super().setup()
               ^^^^^^^^^^^^^^^

C:\Users\joshi\AppData\Local\Programs\Python\Python313\Lib\site-packages\pytest_asyncio\plugin.py:458: 
_ _ _ _ _ _ _ _ _ _ _ _ _ _ _ _ _ _ _ _ _ _ _ _ _ _ _ _ _ _ _ _ _ _ _ _ _ _ _ _

fixturedef = <FixtureDef argname='db_session' scope='function' baseid='tests'>
request = <SubRequest 'db_session' for <Coroutine test_list_trusted_after_adding>>

    @pytest.hookimpl(wrapper=True)
    def pytest_fixture_setup(fixturedef: FixtureDef, request) -> object | None:
        asyncio_mode = _get_asyncio_mode(request.config)
        if not _is_asyncio_fixture_function(fixturedef.func):
            if asyncio_mode == Mode.STRICT:
                # Ignore async fixtures without explicit asyncio mark in strict mode
                # This applies to pytest_trio fixtures, for example
>               return (yield)
                        ^^^^^
E               pytest.PytestRemovedIn9Warning: 'test_list_trusted_after_adding' requested an async fixture 'db_session', with no plugin or hook that handled it. This is usually an error, as pytest does not natively support it. This will turn into an error in pytest 9.
E               See: https://docs.pytest.org/en/stable/deprecations.html#sync-test-depending-on-async-fixture

C:\Users\joshi\AppData\Local\Programs\Python\Python313\Lib\site-packages\pytest_asyncio\plugin.py:728: PytestRemovedIn9Warning
_ ERROR at setup of TestTrustedSenderEndpoints.test_check_trusted_sender_exists _

self = <Coroutine test_check_trusted_sender_exists>

    def setup(self) -> None:
        runner_fixture_id = f"_{self._loop_scope}_scoped_runner"
        if runner_fixture_id not in self.fixturenames:
            self.fixturenames.append(runner_fixture_id)
>       return super().setup()
               ^^^^^^^^^^^^^^^

C:\Users\joshi\AppData\Local\Programs\Python\Python313\Lib\site-packages\pytest_asyncio\plugin.py:458: 
_ _ _ _ _ _ _ _ _ _ _ _ _ _ _ _ _ _ _ _ _ _ _ _ _ _ _ _ _ _ _ _ _ _ _ _ _ _ _ _

fixturedef = <FixtureDef argname='db_session' scope='function' baseid='tests'>
request = <SubRequest 'db_session' for <Coroutine test_check_trusted_sender_exists>>

    @pytest.hookimpl(wrapper=True)
    def pytest_fixture_setup(fixturedef: FixtureDef, request) -> object | None:
        asyncio_mode = _get_asyncio_mode(request.config)
        if not _is_asyncio_fixture_function(fixturedef.func):
            if asyncio_mode == Mode.STRICT:
                # Ignore async fixtures without explicit asyncio mark in strict mode
                # This applies to pytest_trio fixtures, for example
>               return (yield)
                        ^^^^^
E               pytest.PytestRemovedIn9Warning: 'test_check_trusted_sender_exists' requested an async fixture 'db_session', with no plugin or hook that handled it. This is usually an error, as pytest does not natively support it. This will turn into an error in pytest 9.
E               See: https://docs.pytest.org/en/stable/deprecations.html#sync-test-depending-on-async-fixture

C:\Users\joshi\AppData\Local\Programs\Python\Python313\Lib\site-packages\pytest_asyncio\plugin.py:728: PytestRemovedIn9Warning
_ ERROR at setup of TestTrustedSenderEndpoints.test_check_trusted_sender_not_exists _

self = <Coroutine test_check_trusted_sender_not_exists>

    def setup(self) -> None:
        runner_fixture_id = f"_{self._loop_scope}_scoped_runner"
        if runner_fixture_id not in self.fixturenames:
            self.fixturenames.append(runner_fixture_id)
>       return super().setup()
               ^^^^^^^^^^^^^^^

C:\Users\joshi\AppData\Local\Programs\Python\Python313\Lib\site-packages\pytest_asyncio\plugin.py:458: 
_ _ _ _ _ _ _ _ _ _ _ _ _ _ _ _ _ _ _ _ _ _ _ _ _ _ _ _ _ _ _ _ _ _ _ _ _ _ _ _

fixturedef = <FixtureDef argname='db_session' scope='function' baseid='tests'>
request = <SubRequest 'db_session' for <Coroutine test_check_trusted_sender_not_exists>>

    @pytest.hookimpl(wrapper=True)
    def pytest_fixture_setup(fixturedef: FixtureDef, request) -> object | None:
        asyncio_mode = _get_asyncio_mode(request.config)
        if not _is_asyncio_fixture_function(fixturedef.func):
            if asyncio_mode == Mode.STRICT:
                # Ignore async fixtures without explicit asyncio mark in strict mode
                # This applies to pytest_trio fixtures, for example
>               return (yield)
                        ^^^^^
E               pytest.PytestRemovedIn9Warning: 'test_check_trusted_sender_not_exists' requested an async fixture 'db_session', with no plugin or hook that handled it. This is usually an error, as pytest does not natively support it. This will turn into an error in pytest 9.
E               See: https://docs.pytest.org/en/stable/deprecations.html#sync-test-depending-on-async-fixture

C:\Users\joshi\AppData\Local\Programs\Python\Python313\Lib\site-packages\pytest_asyncio\plugin.py:728: PytestRemovedIn9Warning
___ ERROR at setup of TestTrustedSenderEndpoints.test_remove_trusted_sender ___

self = <Coroutine test_remove_trusted_sender>

    def setup(self) -> None:
        runner_fixture_id = f"_{self._loop_scope}_scoped_runner"
        if runner_fixture_id not in self.fixturenames:
            self.fixturenames.append(runner_fixture_id)
>       return super().setup()
               ^^^^^^^^^^^^^^^

C:\Users\joshi\AppData\Local\Programs\Python\Python313\Lib\site-packages\pytest_asyncio\plugin.py:458: 
_ _ _ _ _ _ _ _ _ _ _ _ _ _ _ _ _ _ _ _ _ _ _ _ _ _ _ _ _ _ _ _ _ _ _ _ _ _ _ _

fixturedef = <FixtureDef argname='db_session' scope='function' baseid='tests'>
request = <SubRequest 'db_session' for <Coroutine test_remove_trusted_sender>>

    @pytest.hookimpl(wrapper=True)
    def pytest_fixture_setup(fixturedef: FixtureDef, request) -> object | None:
        asyncio_mode = _get_asyncio_mode(request.config)
        if not _is_asyncio_fixture_function(fixturedef.func):
            if asyncio_mode == Mode.STRICT:
                # Ignore async fixtures without explicit asyncio mark in strict mode
                # This applies to pytest_trio fixtures, for example
>               return (yield)
                        ^^^^^
E               pytest.PytestRemovedIn9Warning: 'test_remove_trusted_sender' requested an async fixture 'db_session', with no plugin or hook that handled it. This is usually an error, as pytest does not natively support it. This will turn into an error in pytest 9.
E               See: https://docs.pytest.org/en/stable/deprecations.html#sync-test-depending-on-async-fixture

C:\Users\joshi\AppData\Local\Programs\Python\Python313\Lib\site-packages\pytest_asyncio\plugin.py:728: PytestRemovedIn9Warning
_ ERROR at setup of TestTrustedSenderEndpoints.test_remove_nonexistent_sender _

self = <Coroutine test_remove_nonexistent_sender>

    def setup(self) -> None:
        runner_fixture_id = f"_{self._loop_scope}_scoped_runner"
        if runner_fixture_id not in self.fixturenames:
            self.fixturenames.append(runner_fixture_id)
>       return super().setup()
               ^^^^^^^^^^^^^^^

C:\Users\joshi\AppData\Local\Programs\Python\Python313\Lib\site-packages\pytest_asyncio\plugin.py:458: 
_ _ _ _ _ _ _ _ _ _ _ _ _ _ _ _ _ _ _ _ _ _ _ _ _ _ _ _ _ _ _ _ _ _ _ _ _ _ _ _

fixturedef = <FixtureDef argname='db_session' scope='function' baseid='tests'>
request = <SubRequest 'db_session' for <Coroutine test_remove_nonexistent_sender>>

    @pytest.hookimpl(wrapper=True)
    def pytest_fixture_setup(fixturedef: FixtureDef, request) -> object | None:
        asyncio_mode = _get_asyncio_mode(request.config)
        if not _is_asyncio_fixture_function(fixturedef.func):
            if asyncio_mode == Mode.STRICT:
                # Ignore async fixtures without explicit asyncio mark in strict mode
                # This applies to pytest_trio fixtures, for example
>               return (yield)
                        ^^^^^
E               pytest.PytestRemovedIn9Warning: 'test_remove_nonexistent_sender' requested an async fixture 'db_session', with no plugin or hook that handled it. This is usually an error, as pytest does not natively support it. This will turn into an error in pytest 9.
E               See: https://docs.pytest.org/en/stable/deprecations.html#sync-test-depending-on-async-fixture

C:\Users\joshi\AppData\Local\Programs\Python\Python313\Lib\site-packages\pytest_asyncio\plugin.py:728: PytestRemovedIn9Warning
______ ERROR at setup of TestTrustedSenderEndpoints.test_trusted_no_auth ______

self = <Coroutine test_trusted_no_auth>

    def setup(self) -> None:
        runner_fixture_id = f"_{self._loop_scope}_scoped_runner"
        if runner_fixture_id not in self.fixturenames:
            self.fixturenames.append(runner_fixture_id)
>       return super().setup()
               ^^^^^^^^^^^^^^^

C:\Users\joshi\AppData\Local\Programs\Python\Python313\Lib\site-packages\pytest_asyncio\plugin.py:458: 
_ _ _ _ _ _ _ _ _ _ _ _ _ _ _ _ _ _ _ _ _ _ _ _ _ _ _ _ _ _ _ _ _ _ _ _ _ _ _ _

fixturedef = <FixtureDef argname='db_session' scope='function' baseid='tests'>
request = <SubRequest 'db_session' for <Coroutine test_trusted_no_auth>>

    @pytest.hookimpl(wrapper=True)
    def pytest_fixture_setup(fixturedef: FixtureDef, request) -> object | None:
        asyncio_mode = _get_asyncio_mode(request.config)
        if not _is_asyncio_fixture_function(fixturedef.func):
            if asyncio_mode == Mode.STRICT:
                # Ignore async fixtures without explicit asyncio mark in strict mode
                # This applies to pytest_trio fixtures, for example
>               return (yield)
                        ^^^^^
E               pytest.PytestRemovedIn9Warning: 'test_trusted_no_auth' requested an async fixture 'db_session', with no plugin or hook that handled it. This is usually an error, as pytest does not natively support it. This will turn into an error in pytest 9.
E               See: https://docs.pytest.org/en/stable/deprecations.html#sync-test-depending-on-async-fixture

C:\Users\joshi\AppData\Local\Programs\Python\Python313\Lib\site-packages\pytest_asyncio\plugin.py:728: PytestRemovedIn9Warning
________ ERROR at setup of TestUserStatsEndpoints.test_get_user_stats _________

self = <Coroutine test_get_user_stats>

    def setup(self) -> None:
        runner_fixture_id = f"_{self._loop_scope}_scoped_runner"
        if runner_fixture_id not in self.fixturenames:
            self.fixturenames.append(runner_fixture_id)
>       return super().setup()
               ^^^^^^^^^^^^^^^

C:\Users\joshi\AppData\Local\Programs\Python\Python313\Lib\site-packages\pytest_asyncio\plugin.py:458: 
_ _ _ _ _ _ _ _ _ _ _ _ _ _ _ _ _ _ _ _ _ _ _ _ _ _ _ _ _ _ _ _ _ _ _ _ _ _ _ _

fixturedef = <FixtureDef argname='db_session' scope='function' baseid='tests'>
request = <SubRequest 'db_session' for <Coroutine test_get_user_stats>>

    @pytest.hookimpl(wrapper=True)
    def pytest_fixture_setup(fixturedef: FixtureDef, request) -> object | None:
        asyncio_mode = _get_asyncio_mode(request.config)
        if not _is_asyncio_fixture_function(fixturedef.func):
            if asyncio_mode == Mode.STRICT:
                # Ignore async fixtures without explicit asyncio mark in strict mode
                # This applies to pytest_trio fixtures, for example
>               return (yield)
                        ^^^^^
E               pytest.PytestRemovedIn9Warning: 'test_get_user_stats' requested an async fixture 'db_session', with no plugin or hook that handled it. This is usually an error, as pytest does not natively support it. This will turn into an error in pytest 9.
E               See: https://docs.pytest.org/en/stable/deprecations.html#sync-test-depending-on-async-fixture

C:\Users\joshi\AppData\Local\Programs\Python\Python313\Lib\site-packages\pytest_asyncio\plugin.py:728: PytestRemovedIn9Warning
_________ ERROR at setup of TestUserStatsEndpoints.test_stats_no_auth _________

self = <Coroutine test_stats_no_auth>

    def setup(self) -> None:
        runner_fixture_id = f"_{self._loop_scope}_scoped_runner"
        if runner_fixture_id not in self.fixturenames:
            self.fixturenames.append(runner_fixture_id)
>       return super().setup()
               ^^^^^^^^^^^^^^^

C:\Users\joshi\AppData\Local\Programs\Python\Python313\Lib\site-packages\pytest_asyncio\plugin.py:458: 
_ _ _ _ _ _ _ _ _ _ _ _ _ _ _ _ _ _ _ _ _ _ _ _ _ _ _ _ _ _ _ _ _ _ _ _ _ _ _ _

fixturedef = <FixtureDef argname='db_session' scope='function' baseid='tests'>
request = <SubRequest 'db_session' for <Coroutine test_stats_no_auth>>

    @pytest.hookimpl(wrapper=True)
    def pytest_fixture_setup(fixturedef: FixtureDef, request) -> object | None:
        asyncio_mode = _get_asyncio_mode(request.config)
        if not _is_asyncio_fixture_function(fixturedef.func):
            if asyncio_mode == Mode.STRICT:
                # Ignore async fixtures without explicit asyncio mark in strict mode
                # This applies to pytest_trio fixtures, for example
>               return (yield)
                        ^^^^^
E               pytest.PytestRemovedIn9Warning: 'test_stats_no_auth' requested an async fixture 'db_session', with no plugin or hook that handled it. This is usually an error, as pytest does not natively support it. This will turn into an error in pytest 9.
E               See: https://docs.pytest.org/en/stable/deprecations.html#sync-test-depending-on-async-fixture

C:\Users\joshi\AppData\Local\Programs\Python\Python313\Lib\site-packages\pytest_asyncio\plugin.py:728: PytestRemovedIn9Warning
____ ERROR at setup of TestUserSettingsEndpoints.test_get_settings_default ____

self = <Coroutine test_get_settings_default>

    def setup(self) -> None:
        runner_fixture_id = f"_{self._loop_scope}_scoped_runner"
        if runner_fixture_id not in self.fixturenames:
            self.fixturenames.append(runner_fixture_id)
>       return super().setup()
               ^^^^^^^^^^^^^^^

C:\Users\joshi\AppData\Local\Programs\Python\Python313\Lib\site-packages\pytest_asyncio\plugin.py:458: 
_ _ _ _ _ _ _ _ _ _ _ _ _ _ _ _ _ _ _ _ _ _ _ _ _ _ _ _ _ _ _ _ _ _ _ _ _ _ _ _

fixturedef = <FixtureDef argname='db_session' scope='function' baseid='tests'>
request = <SubRequest 'db_session' for <Coroutine test_get_settings_default>>

    @pytest.hookimpl(wrapper=True)
    def pytest_fixture_setup(fixturedef: FixtureDef, request) -> object | None:
        asyncio_mode = _get_asyncio_mode(request.config)
        if not _is_asyncio_fixture_function(fixturedef.func):
            if asyncio_mode == Mode.STRICT:
                # Ignore async fixtures without explicit asyncio mark in strict mode
                # This applies to pytest_trio fixtures, for example
>               return (yield)
                        ^^^^^
E               pytest.PytestRemovedIn9Warning: 'test_get_settings_default' requested an async fixture 'db_session', with no plugin or hook that handled it. This is usually an error, as pytest does not natively support it. This will turn into an error in pytest 9.
E               See: https://docs.pytest.org/en/stable/deprecations.html#sync-test-depending-on-async-fixture

C:\Users\joshi\AppData\Local\Programs\Python\Python313\Lib\site-packages\pytest_asyncio\plugin.py:728: PytestRemovedIn9Warning
__ ERROR at setup of TestUserSettingsEndpoints.test_update_settings_partial ___

self = <Coroutine test_update_settings_partial>

    def setup(self) -> None:
        runner_fixture_id = f"_{self._loop_scope}_scoped_runner"
        if runner_fixture_id not in self.fixturenames:
            self.fixturenames.append(runner_fixture_id)
>       return super().setup()
               ^^^^^^^^^^^^^^^

C:\Users\joshi\AppData\Local\Programs\Python\Python313\Lib\site-packages\pytest_asyncio\plugin.py:458: 
_ _ _ _ _ _ _ _ _ _ _ _ _ _ _ _ _ _ _ _ _ _ _ _ _ _ _ _ _ _ _ _ _ _ _ _ _ _ _ _

fixturedef = <FixtureDef argname='db_session' scope='function' baseid='tests'>
request = <SubRequest 'db_session' for <Coroutine test_update_settings_partial>>

    @pytest.hookimpl(wrapper=True)
    def pytest_fixture_setup(fixturedef: FixtureDef, request) -> object | None:
        asyncio_mode = _get_asyncio_mode(request.config)
        if not _is_asyncio_fixture_function(fixturedef.func):
            if asyncio_mode == Mode.STRICT:
                # Ignore async fixtures without explicit asyncio mark in strict mode
                # This applies to pytest_trio fixtures, for example
>               return (yield)
                        ^^^^^
E               pytest.PytestRemovedIn9Warning: 'test_update_settings_partial' requested an async fixture 'db_session', with no plugin or hook that handled it. This is usually an error, as pytest does not natively support it. This will turn into an error in pytest 9.
E               See: https://docs.pytest.org/en/stable/deprecations.html#sync-test-depending-on-async-fixture

C:\Users\joshi\AppData\Local\Programs\Python\Python313\Lib\site-packages\pytest_asyncio\plugin.py:728: PytestRemovedIn9Warning
____ ERROR at setup of TestUserSettingsEndpoints.test_update_settings_full ____

self = <Coroutine test_update_settings_full>

    def setup(self) -> None:
        runner_fixture_id = f"_{self._loop_scope}_scoped_runner"
        if runner_fixture_id not in self.fixturenames:
            self.fixturenames.append(runner_fixture_id)
>       return super().setup()
               ^^^^^^^^^^^^^^^

C:\Users\joshi\AppData\Local\Programs\Python\Python313\Lib\site-packages\pytest_asyncio\plugin.py:458: 
_ _ _ _ _ _ _ _ _ _ _ _ _ _ _ _ _ _ _ _ _ _ _ _ _ _ _ _ _ _ _ _ _ _ _ _ _ _ _ _

fixturedef = <FixtureDef argname='db_session' scope='function' baseid='tests'>
request = <SubRequest 'db_session' for <Coroutine test_update_settings_full>>

    @pytest.hookimpl(wrapper=True)
    def pytest_fixture_setup(fixturedef: FixtureDef, request) -> object | None:
        asyncio_mode = _get_asyncio_mode(request.config)
        if not _is_asyncio_fixture_function(fixturedef.func):
            if asyncio_mode == Mode.STRICT:
                # Ignore async fixtures without explicit asyncio mark in strict mode
                # This applies to pytest_trio fixtures, for example
>               return (yield)
                        ^^^^^
E               pytest.PytestRemovedIn9Warning: 'test_update_settings_full' requested an async fixture 'db_session', with no plugin or hook that handled it. This is usually an error, as pytest does not natively support it. This will turn into an error in pytest 9.
E               See: https://docs.pytest.org/en/stable/deprecations.html#sync-test-depending-on-async-fixture

C:\Users\joshi\AppData\Local\Programs\Python\Python313\Lib\site-packages\pytest_asyncio\plugin.py:728: PytestRemovedIn9Warning
_ ERROR at setup of TestUserSettingsEndpoints.test_update_settings_invalid_threshold _

self = <Coroutine test_update_settings_invalid_threshold>

    def setup(self) -> None:
        runner_fixture_id = f"_{self._loop_scope}_scoped_runner"
        if runner_fixture_id not in self.fixturenames:
            self.fixturenames.append(runner_fixture_id)
>       return super().setup()
               ^^^^^^^^^^^^^^^

C:\Users\joshi\AppData\Local\Programs\Python\Python313\Lib\site-packages\pytest_asyncio\plugin.py:458: 
_ _ _ _ _ _ _ _ _ _ _ _ _ _ _ _ _ _ _ _ _ _ _ _ _ _ _ _ _ _ _ _ _ _ _ _ _ _ _ _

fixturedef = <FixtureDef argname='db_session' scope='function' baseid='tests'>
request = <SubRequest 'db_session' for <Coroutine test_update_settings_invalid_threshold>>

    @pytest.hookimpl(wrapper=True)
    def pytest_fixture_setup(fixturedef: FixtureDef, request) -> object | None:
        asyncio_mode = _get_asyncio_mode(request.config)
        if not _is_asyncio_fixture_function(fixturedef.func):
            if asyncio_mode == Mode.STRICT:
                # Ignore async fixtures without explicit asyncio mark in strict mode
                # This applies to pytest_trio fixtures, for example
>               return (yield)
                        ^^^^^
E               pytest.PytestRemovedIn9Warning: 'test_update_settings_invalid_threshold' requested an async fixture 'db_session', with no plugin or hook that handled it. This is usually an error, as pytest does not natively support it. This will turn into an error in pytest 9.
E               See: https://docs.pytest.org/en/stable/deprecations.html#sync-test-depending-on-async-fixture

C:\Users\joshi\AppData\Local\Programs\Python\Python313\Lib\site-packages\pytest_asyncio\plugin.py:728: PytestRemovedIn9Warning
____ ERROR at setup of TestUserSettingsEndpoints.test_set_language_english ____

self = <Coroutine test_set_language_english>

    def setup(self) -> None:
        runner_fixture_id = f"_{self._loop_scope}_scoped_runner"
        if runner_fixture_id not in self.fixturenames:
            self.fixturenames.append(runner_fixture_id)
>       return super().setup()
               ^^^^^^^^^^^^^^^

C:\Users\joshi\AppData\Local\Programs\Python\Python313\Lib\site-packages\pytest_asyncio\plugin.py:458: 
_ _ _ _ _ _ _ _ _ _ _ _ _ _ _ _ _ _ _ _ _ _ _ _ _ _ _ _ _ _ _ _ _ _ _ _ _ _ _ _

fixturedef = <FixtureDef argname='db_session' scope='function' baseid='tests'>
request = <SubRequest 'db_session' for <Coroutine test_set_language_english>>

    @pytest.hookimpl(wrapper=True)
    def pytest_fixture_setup(fixturedef: FixtureDef, request) -> object | None:
        asyncio_mode = _get_asyncio_mode(request.config)
        if not _is_asyncio_fixture_function(fixturedef.func):
            if asyncio_mode == Mode.STRICT:
                # Ignore async fixtures without explicit asyncio mark in strict mode
                # This applies to pytest_trio fixtures, for example
>               return (yield)
                        ^^^^^
E               pytest.PytestRemovedIn9Warning: 'test_set_language_english' requested an async fixture 'db_session', with no plugin or hook that handled it. This is usually an error, as pytest does not natively support it. This will turn into an error in pytest 9.
E               See: https://docs.pytest.org/en/stable/deprecations.html#sync-test-depending-on-async-fixture

C:\Users\joshi\AppData\Local\Programs\Python\Python313\Lib\site-packages\pytest_asyncio\plugin.py:728: PytestRemovedIn9Warning
_____ ERROR at setup of TestUserSettingsEndpoints.test_set_language_hindi _____

self = <Coroutine test_set_language_hindi>

    def setup(self) -> None:
        runner_fixture_id = f"_{self._loop_scope}_scoped_runner"
        if runner_fixture_id not in self.fixturenames:
            self.fixturenames.append(runner_fixture_id)
>       return super().setup()
               ^^^^^^^^^^^^^^^

C:\Users\joshi\AppData\Local\Programs\Python\Python313\Lib\site-packages\pytest_asyncio\plugin.py:458: 
_ _ _ _ _ _ _ _ _ _ _ _ _ _ _ _ _ _ _ _ _ _ _ _ _ _ _ _ _ _ _ _ _ _ _ _ _ _ _ _

fixturedef = <FixtureDef argname='db_session' scope='function' baseid='tests'>
request = <SubRequest 'db_session' for <Coroutine test_set_language_hindi>>

    @pytest.hookimpl(wrapper=True)
    def pytest_fixture_setup(fixturedef: FixtureDef, request) -> object | None:
        asyncio_mode = _get_asyncio_mode(request.config)
        if not _is_asyncio_fixture_function(fixturedef.func):
            if asyncio_mode == Mode.STRICT:
                # Ignore async fixtures without explicit asyncio mark in strict mode
                # This applies to pytest_trio fixtures, for example
>               return (yield)
                        ^^^^^
E               pytest.PytestRemovedIn9Warning: 'test_set_language_hindi' requested an async fixture 'db_session', with no plugin or hook that handled it. This is usually an error, as pytest does not natively support it. This will turn into an error in pytest 9.
E               See: https://docs.pytest.org/en/stable/deprecations.html#sync-test-depending-on-async-fixture

C:\Users\joshi\AppData\Local\Programs\Python\Python313\Lib\site-packages\pytest_asyncio\plugin.py:728: PytestRemovedIn9Warning
____ ERROR at setup of TestUserSettingsEndpoints.test_set_language_invalid ____

self = <Coroutine test_set_language_invalid>

    def setup(self) -> None:
        runner_fixture_id = f"_{self._loop_scope}_scoped_runner"
        if runner_fixture_id not in self.fixturenames:
            self.fixturenames.append(runner_fixture_id)
>       return super().setup()
               ^^^^^^^^^^^^^^^

C:\Users\joshi\AppData\Local\Programs\Python\Python313\Lib\site-packages\pytest_asyncio\plugin.py:458: 
_ _ _ _ _ _ _ _ _ _ _ _ _ _ _ _ _ _ _ _ _ _ _ _ _ _ _ _ _ _ _ _ _ _ _ _ _ _ _ _

fixturedef = <FixtureDef argname='db_session' scope='function' baseid='tests'>
request = <SubRequest 'db_session' for <Coroutine test_set_language_invalid>>

    @pytest.hookimpl(wrapper=True)
    def pytest_fixture_setup(fixturedef: FixtureDef, request) -> object | None:
        asyncio_mode = _get_asyncio_mode(request.config)
        if not _is_asyncio_fixture_function(fixturedef.func):
            if asyncio_mode == Mode.STRICT:
                # Ignore async fixtures without explicit asyncio mark in strict mode
                # This applies to pytest_trio fixtures, for example
>               return (yield)
                        ^^^^^
E               pytest.PytestRemovedIn9Warning: 'test_set_language_invalid' requested an async fixture 'db_session', with no plugin or hook that handled it. This is usually an error, as pytest does not natively support it. This will turn into an error in pytest 9.
E               See: https://docs.pytest.org/en/stable/deprecations.html#sync-test-depending-on-async-fixture

C:\Users\joshi\AppData\Local\Programs\Python\Python313\Lib\site-packages\pytest_asyncio\plugin.py:728: PytestRemovedIn9Warning
______ ERROR at setup of TestUserSettingsEndpoints.test_settings_no_auth ______

self = <Coroutine test_settings_no_auth>

    def setup(self) -> None:
        runner_fixture_id = f"_{self._loop_scope}_scoped_runner"
        if runner_fixture_id not in self.fixturenames:
            self.fixturenames.append(runner_fixture_id)
>       return super().setup()
               ^^^^^^^^^^^^^^^

C:\Users\joshi\AppData\Local\Programs\Python\Python313\Lib\site-packages\pytest_asyncio\plugin.py:458: 
_ _ _ _ _ _ _ _ _ _ _ _ _ _ _ _ _ _ _ _ _ _ _ _ _ _ _ _ _ _ _ _ _ _ _ _ _ _ _ _

fixturedef = <FixtureDef argname='db_session' scope='function' baseid='tests'>
request = <SubRequest 'db_session' for <Coroutine test_settings_no_auth>>

    @pytest.hookimpl(wrapper=True)
    def pytest_fixture_setup(fixturedef: FixtureDef, request) -> object | None:
        asyncio_mode = _get_asyncio_mode(request.config)
        if not _is_asyncio_fixture_function(fixturedef.func):
            if asyncio_mode == Mode.STRICT:
                # Ignore async fixtures without explicit asyncio mark in strict mode
                # This applies to pytest_trio fixtures, for example
>               return (yield)
                        ^^^^^
E               pytest.PytestRemovedIn9Warning: 'test_settings_no_auth' requested an async fixture 'db_session', with no plugin or hook that handled it. This is usually an error, as pytest does not natively support it. This will turn into an error in pytest 9.
E               See: https://docs.pytest.org/en/stable/deprecations.html#sync-test-depending-on-async-fixture

C:\Users\joshi\AppData\Local\Programs\Python\Python313\Lib\site-packages\pytest_asyncio\plugin.py:728: PytestRemovedIn9Warning
================================== FAILURES ===================================
_____________ TestConfidenceScorer.test_calculate_confidence_high _____________

self = <test_services.TestConfidenceScorer object at 0x0000022075A55F90>

    def test_calculate_confidence_high(self):
        """Test high confidence calculation"""
        result = confidence_scorer.calculate_confidence(
            pattern_confidence=0.9,
            ai_confidence=0.9,
            reputation_score=0.8,
            has_urgency=True
        )
>       assert result["risk_level"] == "HIGH"
E       AssertionError: assert 'MEDIUM' == 'HIGH'
E         
E         - HIGH
E         + MEDIUM

tests\test_services.py:75: AssertionError
============================== warnings summary ===============================
app\schemas\schemas.py:20
  C:\CP\plans\Detooz\backend\app\schemas\schemas.py:20: PydanticDeprecatedSince20: Support for class-based `config` is deprecated, use ConfigDict instead. Deprecated in Pydantic V2.0 to be removed in V3.0. See Pydantic V2 Migration Guide at https://errors.pydantic.dev/2.12/migration/
    class UserResponse(BaseModel):

app\schemas\schemas.py:57
  C:\CP\plans\Detooz\backend\app\schemas\schemas.py:57: PydanticDeprecatedSince20: Support for class-based `config` is deprecated, use ConfigDict instead. Deprecated in Pydantic V2.0 to be removed in V3.0. See Pydantic V2 Migration Guide at https://errors.pydantic.dev/2.12/migration/
    class GuardianResponse(BaseModel):

app\schemas\schemas.py:78
  C:\CP\plans\Detooz\backend\app\schemas\schemas.py:78: PydanticDeprecatedSince20: Support for class-based `config` is deprecated, use ConfigDict instead. Deprecated in Pydantic V2.0 to be removed in V3.0. See Pydantic V2 Migration Guide at https://errors.pydantic.dev/2.12/migration/
    class ScanResponse(BaseModel):

app\services\scam_detector.py:15
  C:\CP\plans\Detooz\backend\app\services\scam_detector.py:15: FutureWarning: 
  
  All support for the `google.generativeai` package has ended. It will no longer be receiving 
  updates or bug fixes. Please switch to the `google.genai` package as soon as possible.
  See README for more details:
  
  https://github.com/google-gemini/deprecated-generative-ai-python/blob/main/README.md
  
    import google.generativeai as genai

app\routers\trusted_sender.py:26
  C:\CP\plans\Detooz\backend\app\routers\trusted_sender.py:26: PydanticDeprecatedSince20: Support for class-based `config` is deprecated, use ConfigDict instead. Deprecated in Pydantic V2.0 to be removed in V3.0. See Pydantic V2 Migration Guide at https://errors.pydantic.dev/2.12/migration/
    class TrustedSenderResponse(BaseModel):

app\routers\user.py:41
  C:\CP\plans\Detooz\backend\app\routers\user.py:41: PydanticDeprecatedSince20: Support for class-based `config` is deprecated, use ConfigDict instead. Deprecated in Pydantic V2.0 to be removed in V3.0. See Pydantic V2 Migration Guide at https://errors.pydantic.dev/2.12/migration/
    class UserSettingsResponse(BaseModel):

app\routers\feedback.py:25
  C:\CP\plans\Detooz\backend\app\routers\feedback.py:25: PydanticDeprecatedSince20: Support for class-based `config` is deprecated, use ConfigDict instead. Deprecated in Pydantic V2.0 to be removed in V3.0. See Pydantic V2 Migration Guide at https://errors.pydantic.dev/2.12/migration/
    class FeedbackResponse(BaseModel):

app\routers\reputation.py:39
  C:\CP\plans\Detooz\backend\app\routers\reputation.py:39: PydanticDeprecatedSince20: Support for class-based `config` is deprecated, use ConfigDict instead. Deprecated in Pydantic V2.0 to be removed in V3.0. See Pydantic V2 Migration Guide at https://errors.pydantic.dev/2.12/migration/
    class BlacklistEntry(BaseModel):

-- Docs: https://docs.pytest.org/en/stable/how-to/capture-warnings.html
=========================== short test summary info ===========================
FAILED tests/test_services.py::TestConfidenceScorer::test_calculate_confidence_high
ERROR tests/test_auth.py::TestAuthEndpoints::test_register_success - pytest.P...
ERROR tests/test_auth.py::TestAuthEndpoints::test_register_duplicate_email - ...
ERROR tests/test_auth.py::TestAuthEndpoints::test_register_invalid_email - py...
ERROR tests/test_auth.py::TestAuthEndpoints::test_login_success - pytest.Pyte...
ERROR tests/test_auth.py::TestAuthEndpoints::test_login_wrong_password - pyte...
ERROR tests/test_auth.py::TestAuthEndpoints::test_login_nonexistent_user - py...
ERROR tests/test_auth.py::TestAuthEndpoints::test_get_current_user - pytest.P...
ERROR tests/test_auth.py::TestAuthEndpoints::test_get_current_user_no_auth - ...
ERROR tests/test_feedback.py::TestFeedbackEndpoints::test_submit_feedback_safe
ERROR tests/test_feedback.py::TestFeedbackEndpoints::test_submit_feedback_scam
ERROR tests/test_feedback.py::TestFeedbackEndpoints::test_submit_feedback_unsure
ERROR tests/test_feedback.py::TestFeedbackEndpoints::test_submit_feedback_invalid_verdict
ERROR tests/test_feedback.py::TestFeedbackEndpoints::test_submit_feedback_duplicate
ERROR tests/test_feedback.py::TestFeedbackEndpoints::test_submit_feedback_nonexistent_scan
ERROR tests/test_feedback.py::TestFeedbackEndpoints::test_get_my_feedback_empty
ERROR tests/test_feedback.py::TestFeedbackEndpoints::test_get_my_feedback_after_submit
ERROR tests/test_feedback.py::TestFeedbackEndpoints::test_get_feedback_stats
ERROR tests/test_feedback.py::TestFeedbackEndpoints::test_delete_feedback - p...
ERROR tests/test_feedback.py::TestFeedbackEndpoints::test_feedback_no_auth - ...
ERROR tests/test_guardian.py::TestGuardianEndpoints::test_list_guardians_empty
ERROR tests/test_guardian.py::TestGuardianEndpoints::test_add_guardian - pyte...
ERROR tests/test_guardian.py::TestGuardianEndpoints::test_add_guardian_with_telegram
ERROR tests/test_guardian.py::TestGuardianEndpoints::test_list_guardians_after_add
ERROR tests/test_guardian.py::TestGuardianEndpoints::test_update_guardian - p...
ERROR tests/test_guardian.py::TestGuardianEndpoints::test_delete_guardian - p...
ERROR tests/test_guardian.py::TestGuardianEndpoints::test_delete_nonexistent_guardian
ERROR tests/test_guardian.py::TestGuardianEndpoints::test_guardian_no_auth - ...
ERROR tests/test_manual_scan.py::TestManualScanEndpoints::test_analyze_text
ERROR tests/test_manual_scan.py::TestManualScanEndpoints::test_analyze_url - ...
ERROR tests/test_manual_scan.py::TestManualScanEndpoints::test_analyze_suspicious_url
ERROR tests/test_manual_scan.py::TestManualScanEndpoints::test_analyze_phone
ERROR tests/test_manual_scan.py::TestManualScanEndpoints::test_analyze_auto_detect_url
ERROR tests/test_manual_scan.py::TestManualScanEndpoints::test_analyze_auto_detect_phone
ERROR tests/test_manual_scan.py::TestManualScanEndpoints::test_analyze_auto_detect_text
ERROR tests/test_manual_scan.py::TestManualScanEndpoints::test_analyze_empty_content
ERROR tests/test_manual_scan.py::TestManualScanEndpoints::test_analyze_creates_scan_record
ERROR tests/test_manual_scan.py::TestExplanationEndpoints::test_get_explanation_high_risk
ERROR tests/test_manual_scan.py::TestExplanationEndpoints::test_get_explanation_low_risk
ERROR tests/test_manual_scan.py::TestExplanationEndpoints::test_get_explanation_with_hindi
ERROR tests/test_manual_scan.py::TestExplanationEndpoints::test_get_scam_types
ERROR tests/test_manual_scan.py::TestUrlAnalysisEndpoint::test_analyze_url_safe_domain
ERROR tests/test_manual_scan.py::TestUrlAnalysisEndpoint::test_analyze_url_suspicious_pattern
ERROR tests/test_manual_scan.py::TestPhoneCheckEndpoint::test_check_phone_clean
ERROR tests/test_manual_scan.py::TestPhoneCheckEndpoint::test_check_phone_normalization
ERROR tests/test_manual_scan.py::TestPhoneCheckEndpoint::test_manual_scan_no_auth
ERROR tests/test_reputation.py::TestReputationEndpoints::test_check_phone_clean
ERROR tests/test_reputation.py::TestReputationEndpoints::test_check_url_clean
ERROR tests/test_reputation.py::TestReputationEndpoints::test_check_no_params
ERROR tests/test_reputation.py::TestReputationEndpoints::test_report_scam_phone
ERROR tests/test_reputation.py::TestReputationEndpoints::test_report_scam_url
ERROR tests/test_reputation.py::TestReputationEndpoints::test_report_scam_domain
ERROR tests/test_reputation.py::TestReputationEndpoints::test_report_invalid_type
ERROR tests/test_reputation.py::TestReputationEndpoints::test_report_increments_count
ERROR tests/test_reputation.py::TestReputationEndpoints::test_check_after_report
ERROR tests/test_reputation.py::TestReputationEndpoints::test_get_recent_reports
ERROR tests/test_reputation.py::TestReputationEndpoints::test_get_recent_filtered_by_type
ERROR tests/test_reputation.py::TestReputationEndpoints::test_get_verified_scams
ERROR tests/test_reputation.py::TestReputationEndpoints::test_reputation_no_auth
ERROR tests/test_scan.py::TestScanEndpoints::test_analyze_text_message - pyte...
ERROR tests/test_scan.py::TestScanEndpoints::test_analyze_high_risk_message
ERROR tests/test_scan.py::TestScanEndpoints::test_get_scan_history - pytest.P...
ERROR tests/test_scan.py::TestScanEndpoints::test_get_scan_detail - pytest.Py...
ERROR tests/test_scan.py::TestScanEndpoints::test_mark_false_positive - pytes...
ERROR tests/test_scan.py::TestScanEndpoints::test_analyze_empty_message - pyt...
ERROR tests/test_scan.py::TestScanEndpoints::test_scan_no_auth - pytest.Pytes...
ERROR tests/test_sms.py::TestSmsAnalysisEndpoints::test_analyze_sms_safe - py...
ERROR tests/test_sms.py::TestSmsAnalysisEndpoints::test_analyze_sms_scam_patterns
ERROR tests/test_sms.py::TestSmsAnalysisEndpoints::test_analyze_sms_creates_scan
ERROR tests/test_sms.py::TestSmsAnalysisEndpoints::test_get_recent_sms - pyte...
ERROR tests/test_sms.py::TestSmsAnalysisEndpoints::test_get_recent_sms_with_limit
ERROR tests/test_sms.py::TestSmsAnalysisEndpoints::test_block_sender - pytest...
ERROR tests/test_sms.py::TestSmsAnalysisEndpoints::test_unblock_sender - pyte...
ERROR tests/test_sms.py::TestSmsAnalysisEndpoints::test_get_blocked_senders
ERROR tests/test_sms.py::TestSmsAnalysisEndpoints::test_get_sms_stats - pytes...
ERROR tests/test_sms.py::TestSmsAnalysisEndpoints::test_sms_no_auth - pytest....
ERROR tests/test_trusted_sender.py::TestTrustedSenderEndpoints::test_list_trusted_empty
ERROR tests/test_trusted_sender.py::TestTrustedSenderEndpoints::test_add_trusted_sender
ERROR tests/test_trusted_sender.py::TestTrustedSenderEndpoints::test_add_trusted_sender_minimal
ERROR tests/test_trusted_sender.py::TestTrustedSenderEndpoints::test_add_duplicate_trusted_sender
ERROR tests/test_trusted_sender.py::TestTrustedSenderEndpoints::test_list_trusted_after_adding
ERROR tests/test_trusted_sender.py::TestTrustedSenderEndpoints::test_check_trusted_sender_exists
ERROR tests/test_trusted_sender.py::TestTrustedSenderEndpoints::test_check_trusted_sender_not_exists
ERROR tests/test_trusted_sender.py::TestTrustedSenderEndpoints::test_remove_trusted_sender
ERROR tests/test_trusted_sender.py::TestTrustedSenderEndpoints::test_remove_nonexistent_sender
ERROR tests/test_trusted_sender.py::TestTrustedSenderEndpoints::test_trusted_no_auth
ERROR tests/test_user.py::TestUserStatsEndpoints::test_get_user_stats - pytes...
ERROR tests/test_user.py::TestUserStatsEndpoints::test_stats_no_auth - pytest...
ERROR tests/test_user.py::TestUserSettingsEndpoints::test_get_settings_default
ERROR tests/test_user.py::TestUserSettingsEndpoints::test_update_settings_partial
ERROR tests/test_user.py::TestUserSettingsEndpoints::test_update_settings_full
ERROR tests/test_user.py::TestUserSettingsEndpoints::test_update_settings_invalid_threshold
ERROR tests/test_user.py::TestUserSettingsEndpoints::test_set_language_english
ERROR tests/test_user.py::TestUserSettingsEndpoints::test_set_language_hindi
ERROR tests/test_user.py::TestUserSettingsEndpoints::test_set_language_invalid
ERROR tests/test_user.py::TestUserSettingsEndpoints::test_settings_no_auth - ...
============= 1 failed, 10 passed, 8 warnings, 95 errors in 1.55s =============
