Running Gradle task 'assembleDebug'...                          
flutter : Warning: Flutter support for your project's Gradle version (8.5.0) will soon be dropped. Please 
upgrade your Gradle version to a version of at least 8.7.0 soon.
At line:1 char:1
+ flutter build apk --debug 2>&1 | Tee-Object -Variable buildOutput; $b ...
+ ~~~~~~~~~~~~~~~~~~~~~~~~~~~~~~
    + CategoryInfo          : NotSpecified: (Warning: Flutte...ast 8.7.0 soon.:String) [], RemoteException
    + FullyQualifiedErrorId : NativeCommandError
 
Alternatively, use the flag "--android-skip-build-dependency-validation" to bypass this check.

Potential fix: Your project's gradle version is typically defined in the gradle wrapper file. By default, 
this can be found at C:\CP\plans\Detooz\app\android/gradle/wrapper/gradle-wrapper.properties. 
For more information, see https://docs.gradle.org/current/userguide/gradle_wrapper.html.

Warning: Flutter support for your project's Android Gradle Plugin version (Android Gradle Plugin version 
8.3.2) will soon be dropped. Please upgrade your Android Gradle Plugin version to a version of at least 
Android Gradle Plugin version 8.6.0 soon.
Alternatively, use the flag "--android-skip-build-dependency-validation" to bypass this check.

Potential fix: Your project's AGP version is typically defined in the plugins block of the `settings.gradle` 
file (C:\CP\plans\Detooz\app\android/settings.gradle), by a plugin with the id of com.android.application. 
If you don't see a plugins block, your project was likely created with an older template version. In this 
case it is most likely defined in the top-level build.gradle file 
(C:\CP\plans\Detooz\app\android/build.gradle) by the following line in the dependencies block of the 
buildscript: "classpath 'com.android.tools.build:gradle:<version>'".

Warning: Flutter support for your project's Kotlin version (1.9.23) will soon be dropped. Please upgrade 
your Kotlin version to a version of at least 2.1.0 soon.
Alternatively, use the flag "--android-skip-build-dependency-validation" to bypass this check.

Potential fix: Your project's KGP version is typically defined in the plugins block of the `settings.gradle` 
file (C:\CP\plans\Detooz\app\android/settings.gradle), by a plugin with the id of 
org.jetbrains.kotlin.android. 
If you don't see a plugins block, your project was likely created with an older template version, in which 
case it is most likely defined in the top-level build.gradle file 
(C:\CP\plans\Detooz\app\android/build.gradle) by the ext.kotlin_version property.

lib/services/translation/language_config.dart:76:34: Error: Member not found: 'malayalam'.
    mlKitLang: TranslateLanguage.malayalam,
                                 ^^^^^^^^^
lib/services/translation/language_config.dart:82:34: Error: Member not found: 'punjabi'.
    mlKitLang: TranslateLanguage.punjabi,
                                 ^^^^^^^
lib/services/ai_service.dart:40:16: Error: 'FlutterError' isn't a type.
      if (e is FlutterError) {
               ^^^^^^^^^^^^
lib/services/ai_service.dart:22:7: Error: The method 'debugPrint' isn't defined for the type 'AIService'.
 - 'AIService' is from 'package:app/services/ai_service.dart' ('lib/services/ai_service.dart').
Try correcting the name to the name of an existing method, or defining a method named 'debugPrint'.
      debugPrint('? Initializing AI Model...');
      ^^^^^^^^^^
lib/services/ai_service.dart:25:7: Error: The method 'debugPrint' isn't defined for the type 'AIService'.
 - 'AIService' is from 'package:app/services/ai_service.dart' ('lib/services/ai_service.dart').
Try correcting the name to the name of an existing method, or defining a method named 'debugPrint'.
      debugPrint('? AI Model Interpreter Loaded successfully');
      ^^^^^^^^^^
lib/services/ai_service.dart:35:7: Error: The method 'debugPrint' isn't defined for the type 'AIService'.
 - 'AIService' is from 'package:app/services/ai_service.dart' ('lib/services/ai_service.dart').
Try correcting the name to the name of an existing method, or defining a method named 'debugPrint'.
      debugPrint('? AI Vocab Loaded (${_vocab.length} tokens)');
      ^^^^^^^^^^
lib/services/ai_service.dart:39:7: Error: The method 'debugPrint' isn't defined for the type 'AIService'.
 - 'AIService' is from 'package:app/services/ai_service.dart' ('lib/services/ai_service.dart').
Try correcting the name to the name of an existing method, or defining a method named 'debugPrint'.
      debugPrint('? CRITICAL: Failed to load AI Model ($MODEL_PATH): $e');
      ^^^^^^^^^^
lib/services/ai_service.dart:41:9: Error: The method 'debugPrint' isn't defined for the type 'AIService'.
 - 'AIService' is from 'package:app/services/ai_service.dart' ('lib/services/ai_service.dart').
Try correcting the name to the name of an existing method, or defining a method named 'debugPrint'.
        debugPrint('? Tip: Ensure the asset is correctly listed in pubspec.yaml and the file exists in 
assets/.');
        ^^^^^^^^^^
lib/ui/providers.dart:124:15: Error: No named parameter with the name 'localRiskLevel'.
              localRiskLevel: riskLevel,
              ^^^^^^^^^^^^^^
Target kernel_snapshot_program failed: Exception


FAILURE: Build failed with an exception.

* What went wrong:
Execution failed for task ':app:compileFlutterBuildDebug'.
> Process 'command 'C:\CP\flutter\bin\flutter.bat'' finished with non-zero exit value 1

* Try:
> Run with --stacktrace option to get the stack trace.
> Run with --info or --debug option to get more log output.
> Run with --scan to get full insights.
> Get more help at https://help.gradle.org.

BUILD FAILED in 4s
Running Gradle task 'assembleDebug'...                              4.9s
Gradle task assembleDebug failed with exit code 1
