Analyzing app...                                                

warning - Unused import: 'package:google_fonts/google_fonts.dart' - lib\main.dart:3:8 - unused_import
   info - Don't invoke 'print' in production code - lib\services\offline_cache_service.dart:77:7 - avoid_print
warning - Unused import: 'package:permission_handler/permission_handler.dart' - lib\services\sms_receiver_service.dart:5:8 - unused_import
warning - The declaration '_showWarningNotification' isn't referenced - lib\services\sms_receiver_service.dart:106:8 - unused_element
warning - Unused import: '../theme/app_colors.dart' - lib\ui\components\bottom_nav_bar.dart:2:8 - unused_import
   info - 'withOpacity' is deprecated and shouldn't be used. Use .withValues() to avoid precision loss - lib\ui\components\scam_alert_overlay.dart:37:39 - deprecated_member_use
   info - 'withOpacity' is deprecated and shouldn't be used. Use .withValues() to avoid precision loss - lib\ui\components\scam_alert_overlay.dart:83:39 - deprecated_member_use
   info - 'withOpacity' is deprecated and shouldn't be used. Use .withValues() to avoid precision loss - lib\ui\components\scam_alert_overlay.dart:117:46 - deprecated_member_use
   info - 'withOpacity' is deprecated and shouldn't be used. Use .withValues() to avoid precision loss - lib\ui\components\scam_alert_overlay.dart:193:39 - deprecated_member_use
warning - Unused import: '../theme/app_colors.dart' - lib\ui\components\scan_card.dart:3:8 - unused_import
warning - Unused import: '../../contracts/risk_level.dart' - lib\ui\providers.dart:3:8 - unused_import
   info - 'withOpacity' is deprecated and shouldn't be used. Use .withValues() to avoid precision loss - lib\ui\screens\dashboard_screen.dart:94:56 - deprecated_member_use
   info - 'withOpacity' is deprecated and shouldn't be used. Use .withValues() to avoid precision loss - lib\ui\screens\dashboard_screen.dart:97:41 - deprecated_member_use
   info - 'withOpacity' is deprecated and shouldn't be used. Use .withValues() to avoid precision loss - lib\ui\screens\dashboard_screen.dart:129:71 - deprecated_member_use
   info - 'withOpacity' is deprecated and shouldn't be used. Use .withValues() to avoid precision loss - lib\ui\screens\dashboard_screen.dart:140:120 - deprecated_member_use
   info - 'withOpacity' is deprecated and shouldn't be used. Use .withValues() to avoid precision loss - lib\ui\screens\dashboard_screen.dart:150:59 - deprecated_member_use
   info - 'withOpacity' is deprecated and shouldn't be used. Use .withValues() to avoid precision loss - lib\ui\screens\dashboard_screen.dart:152:72 - deprecated_member_use
   info - 'withOpacity' is deprecated and shouldn't be used. Use .withValues() to avoid precision loss - lib\ui\screens\dashboard_screen.dart:170:49 - deprecated_member_use
   info - 'withOpacity' is deprecated and shouldn't be used. Use .withValues() to avoid precision loss - lib\ui\screens\dashboard_screen.dart:172:68 - deprecated_member_use
   info - 'withOpacity' is deprecated and shouldn't be used. Use .withValues() to avoid precision loss - lib\ui\screens\dashboard_screen.dart:200:74 - deprecated_member_use
   info - 'withOpacity' is deprecated and shouldn't be used. Use .withValues() to avoid precision loss - lib\ui\screens\dashboard_screen.dart:228:60 - deprecated_member_use
   info - 'withOpacity' is deprecated and shouldn't be used. Use .withValues() to avoid precision loss - lib\ui\screens\dashboard_screen.dart:314:65 - deprecated_member_use
   info - 'withOpacity' is deprecated and shouldn't be used. Use .withValues() to avoid precision loss - lib\ui\screens\dashboard_screen.dart:352:76 - deprecated_member_use
   info - 'withOpacity' is deprecated and shouldn't be used. Use .withValues() to avoid precision loss - lib\ui\screens\guardians_screen.dart:56:44 - deprecated_member_use
   info - 'withOpacity' is deprecated and shouldn't be used. Use .withValues() to avoid precision loss - lib\ui\screens\guardians_screen.dart:58:63 - deprecated_member_use
   info - 'withOpacity' is deprecated and shouldn't be used. Use .withValues() to avoid precision loss - lib\ui\screens\guardians_screen.dart:126:47 - deprecated_member_use
   info - 'withOpacity' is deprecated and shouldn't be used. Use .withValues() to avoid precision loss - lib\ui\screens\guardians_screen.dart:126:97 - deprecated_member_use
   info - 'withOpacity' is deprecated and shouldn't be used. Use .withValues() to avoid precision loss - lib\ui\screens\guardians_screen.dart:130:33 - deprecated_member_use
   info - 'withOpacity' is deprecated and shouldn't be used. Use .withValues() to avoid precision loss - lib\ui\screens\guardians_screen.dart:143:34 - deprecated_member_use
   info - 'withOpacity' is deprecated and shouldn't be used. Use .withValues() to avoid precision loss - lib\ui\screens\guardians_screen.dart:144:53 - deprecated_member_use
warning - Unused import: 'package:intl/intl.dart' - lib\ui\screens\history_screen.dart:3:8 - unused_import
   info - 'withOpacity' is deprecated and shouldn't be used. Use .withValues() to avoid precision loss - lib\ui\screens\history_screen.dart:49:61 - deprecated_member_use
   info - 'withOpacity' is deprecated and shouldn't be used. Use .withValues() to avoid precision loss - lib\ui\screens\history_screen.dart:90:75 - deprecated_member_use
   info - 'withOpacity' is deprecated and shouldn't be used. Use .withValues() to avoid precision loss - lib\ui\screens\history_screen.dart:132:85 - deprecated_member_use
   info - 'withOpacity' is deprecated and shouldn't be used. Use .withValues() to avoid precision loss - lib\ui\screens\history_screen.dart:135:52 - deprecated_member_use
warning - Unused import: '../components/platform_icon.dart' - lib\ui\screens\scan_detail_screen.dart:8:8 - unused_import
   info - 'withOpacity' is deprecated and shouldn't be used. Use .withValues() to avoid precision loss - lib\ui\screens\scan_detail_screen.dart:67:42 - deprecated_member_use
   info - 'withOpacity' is deprecated and shouldn't be used. Use .withValues() to avoid precision loss - lib\ui\screens\scan_detail_screen.dart:85:61 - deprecated_member_use
   info - 'withOpacity' is deprecated and shouldn't be used. Use .withValues() to avoid precision loss - lib\ui\screens\scan_detail_screen.dart:108:53 - deprecated_member_use
   info - 'withOpacity' is deprecated and shouldn't be used. Use .withValues() to avoid precision loss - lib\ui\screens\scan_detail_screen.dart:152:78 - deprecated_member_use
   info - 'withOpacity' is deprecated and shouldn't be used. Use .withValues() to avoid precision loss - lib\ui\screens\scan_detail_screen.dart:172:67 - deprecated_member_use
   info - 'withOpacity' is deprecated and shouldn't be used. Use .withValues() to avoid precision loss - lib\ui\screens\scan_detail_screen.dart:201:63 - deprecated_member_use
   info - 'withOpacity' is deprecated and shouldn't be used. Use .withValues() to avoid precision loss - lib\ui\screens\scan_detail_screen.dart:214:78 - deprecated_member_use
   info - 'withOpacity' is deprecated and shouldn't be used. Use .withValues() to avoid precision loss - lib\ui\screens\scan_detail_screen.dart:242:41 - deprecated_member_use
   info - 'withOpacity' is deprecated and shouldn't be used. Use .withValues() to avoid precision loss - lib\ui\screens\scan_detail_screen.dart:244:60 - deprecated_member_use
   info - 'withOpacity' is deprecated and shouldn't be used. Use .withValues() to avoid precision loss - lib\ui\screens\scan_detail_screen.dart:252:47 - deprecated_member_use
   info - 'withOpacity' is deprecated and shouldn't be used. Use .withValues() to avoid precision loss - lib\ui\screens\scan_detail_screen.dart:286:66 - deprecated_member_use
   info - 'withOpacity' is deprecated and shouldn't be used. Use .withValues() to avoid precision loss - lib\ui\screens\scan_detail_screen.dart:287:86 - deprecated_member_use
   info - 'withOpacity' is deprecated and shouldn't be used. Use .withValues() to avoid precision loss - lib\ui\screens\scan_detail_screen.dart:336:53 - deprecated_member_use
   info - 'withOpacity' is deprecated and shouldn't be used. Use .withValues() to avoid precision loss - lib\ui\screens\settings_screen.dart:48:72 - deprecated_member_use
   info - 'withOpacity' is deprecated and shouldn't be used. Use .withValues() to avoid precision loss - lib\ui\screens\settings_screen.dart:87:72 - deprecated_member_use
   info - 'withOpacity' is deprecated and shouldn't be used. Use .withValues() to avoid precision loss - lib\ui\screens\settings_screen.dart:116:72 - deprecated_member_use
  error - Undefined name 'authProvider' - lib\ui\screens\settings_screen.dart:150:26 - undefined_identifier
   info - 'withOpacity' is deprecated and shouldn't be used. Use .withValues() to avoid precision loss - lib\ui\screens\settings_screen.dart:159:58 - deprecated_member_use
   info - 'withOpacity' is deprecated and shouldn't be used. Use .withValues() to avoid precision loss - lib\ui\screens\settings_screen.dart:211:32 - deprecated_member_use
   info - 'activeColor' is deprecated and shouldn't be used. Use activeThumbColor or activeTrackColor instead. This feature was deprecated after v3.31.0-2.0.pre - lib\ui\screens\settings_screen.dart:232:13 - deprecated_member_use
   info - 'withOpacity' is deprecated and shouldn't be used. Use .withValues() to avoid precision loss - lib\ui\screens\settings_screen.dart:254:55 - deprecated_member_use

C:\CP\flutter\bin\flu
tter.bat : 57 issues 
found. (ran in 3.5s)
At line:1 char:1
+ C:\CP\flutter\bin\f
lutter.bat analyze > 
errors.txt 2>&1
+ ~~~~~~~~~~~~~~~~~~~
~~~~~~~~~~~~~~~~~~~~~
~~~~~~~~~~~~~~~
    + CategoryInfo   
           : NotSpe  
  cified: (57 issu   
 es found. (ran i    
n 3.5s):String)     
[], RemoteExcept    
ion
    + FullyQualified 
   ErrorId : Native  
  CommandError
 
